Command: ["node", "node_modules/next/dist/bin/next", "build"]
▲ Next.js 16.3.6 (Turbopack)
✓ Running next.config.mjs took 18ms
- Experiments (use with caution):
  · optimizePackageImports

  Creating an optimized production build ...
✓ Compiled successfully in 151ms
  Running TypeScript ...
  Finished TypeScript in 990ms ...
  Collecting page data using 6 workers ...
  Generating static pages using 6 workers (0/53) ...
  Generating static pages using 6 workers (13/53) 
  Generating static pages using 6 workers (26/53) 
  Generating static pages using 6 workers (39/53) 
✓ Generating static pages using 6 workers (53/53) in 535ms
  Finalizing page optimization ...

Route (app)
┌ ƒ /
├ ƒ /_not-found
├ ƒ /docs
└ ƒ /docs/[slug]


ƒ Proxy (Middleware)

ƒ  (Dynamic)  server-rendered on demand


Exit code: 0
