   Compiling hopper-runtime v0.3.2
   Compiling hopper-native v0.3.2
   Compiling version_check v0.9.5
   Compiling generic-array v0.14.7
   Compiling proc-macro2 v1.0.107
   Compiling unicode-ident v1.0.26
   Compiling quote v1.0.47
   Compiling typenum v1.20.1
   Compiling hopper-systems v0.3.2
   Compiling semver v1.0.28
   Compiling rustc_version v0.4.1
   Compiling hopper-system v0.3.2
   Compiling zmij v1.0.23
   Compiling serde_core v1.0.229
   Compiling syn v2.0.119
   Compiling curve25519-dalek v4.1.3
   Compiling block-buffer v0.10.4
   Compiling crypto-common v0.1.7
   Compiling hopper-token v0.3.2
   Compiling cfg-if v1.0.5
   Compiling cpufeatures v0.2.17
   Compiling serde_json v1.0.151
   Compiling hopper-solana v0.3.2
   Compiling digest v0.10.7
   Compiling curve25519-dalek-derive v0.1.1
   Compiling subtle v2.6.1
   Compiling itoa v1.0.18
   Compiling memchr v2.8.3
   Compiling sha2 v0.10.9
   Compiling hopper-schema v0.3.2
   Compiling bs58 v0.5.1
   Compiling hopper-derive v0.3.2
   Compiling hopper-macros v0.3.2
   Compiling hopper-associated-token v0.3.2
   Compiling hopper-token-2022 v0.3.2
   Compiling hopper-memo v0.3.2
   Compiling hopper-lang v0.3.2
   Compiling hopper-byte-allowance v0.3.2 (D:\tmp\Hopper-Solana-Zero-copy-State-Framework\target\hopper\onchain-2026-09-25\registry-consumer\byte-allowance)
    Finished `release` profile [optimized] target(s) in 1m 03s
