cargo :     Blocking waiting for file lock on build directory
At line:1 char:1
+ cargo test --workspace *> test-output.txt 2>&1 ; Get-Content -Tail 60 ...
+ ~~~~~~~~~~~~~~~~~~~~~~~~~~~~~~~~~~~~~~~~~~~~~~
    + CategoryInfo          : NotSpecified: (    Blocking wa...build directory 
   :String) [], RemoteException
    + FullyQualifiedErrorId : NativeCommandError
 
