-- hopper tx send --
rpc       : https://api.devnet.solana.com
program   : EC8VWqQvkD2WLWXGLWYnRoEJuA8NphK7RpvKxp5FwrwP
data      : 1 bytes (0x02)
accounts  : 6 slots
  [0] 4jbv4BvoEzbAKLsQGdHQ7W3CJUowk7LE8QYmqFiBANN4 sw
  [1] 3FV9JQAzf9a4kEgSpxMxepEDSSUDvuwFdZsfRsxVuf2r sw
  [2] 97zYsTQkyjfu8cEZMZH1sQy9LpkbdfccBJrMR14ATjWk --
  [3] 4jbv4BvoEzbAKLsQGdHQ7W3CJUowk7LE8QYmqFiBANN4 --
  [4] 11111111111111111111111111111111 --
  [5] TokenkegQfeZyiNwAJbNbGKPFXCWuBvf9Ss623VQ5DA --
signers   : payer 4jbv4BvoEzbAKLsQGdHQ7W3CJUowk7LE8QYmqFiBANN4, 3FV9JQAzf9a4kEgSpxMxepEDSSUDvuwFdZsfRsxVuf2r
envelope  : legacy
wire      : 368/1232 bytes (legacy)

signature : 2zowygodQQqRWSU5mqGd6M2Pfzsp43qourC3Ai9LDmbXPAFxowRfQsLTgjiSE2xbpP4onVbSUWtbL5QgXDuYQ4aS
confirmed : yes
program   : Ok
compute   : 5249 CU
fee       : 10000 lamports

explain it: hopper tx explain 2zowygodQQqRWSU5mqGd6M2Pfzsp43qourC3Ai9LDmbXPAFxowRfQsLTgjiSE2xbpP4onVbSUWtbL5QgXDuYQ4aS --rpc https://api.devnet.solana.com
