-- hopper tx send --
rpc       : https://api.devnet.solana.com
program   : EC8VWqQvkD2WLWXGLWYnRoEJuA8NphK7RpvKxp5FwrwP
data      : 17 bytes (0x0840420f0000000000801a060000000000)
accounts  : 5 slots
  [0] 4jbv4BvoEzbAKLsQGdHQ7W3CJUowk7LE8QYmqFiBANN4 sw
  [1] 7G9p24c4zQ8eHkPcBPmnUhj4rpeMhytiKA3tTR7JRjMx sw
  [2] So11111111111111111111111111111111111111112 --
  [3] 11111111111111111111111111111111 --
  [4] TokenkegQfeZyiNwAJbNbGKPFXCWuBvf9Ss623VQ5DA --
signers   : payer 4jbv4BvoEzbAKLsQGdHQ7W3CJUowk7LE8QYmqFiBANN4, 7G9p24c4zQ8eHkPcBPmnUhj4rpeMhytiKA3tTR7JRjMx
envelope  : legacy
preflight : skipped (--allow-failure; an on-chain refusal will land)
wire      : 383/1232 bytes (legacy)

signature : 23PynK4f9ptyuBnHhsD2retMcXTiwXwc2CcMzYJNHAStAVP6W4HWoWFYmC9Dh1sgVMPt8G6ioRE4p7WEEDSn6z2K
confirmed : yes
program   : Ok
compute   : 3929 CU
fee       : 10000 lamports

explain it: hopper tx explain 23PynK4f9ptyuBnHhsD2retMcXTiwXwc2CcMzYJNHAStAVP6W4HWoWFYmC9Dh1sgVMPt8G6ioRE4p7WEEDSn6z2K --rpc https://api.devnet.solana.com
