-- hopper tx send --
rpc       : https://api.devnet.solana.com
program   : 9vnEXTpz7TC2ugC5LEDLdJ6i8bBNEradv996hUwFSfPw
data      : 17 bytes (0x00e803000000000000d007000000000000)
accounts  : 10 slots
  [0] D72iDjf8nhfZxno687KGDJCRGr37Y3aKu1t9T8KGanuw sw
  [1] Ad1u5EKXec9aaGuuz9Pnd3LJNArMs7HxqP7fWnUVCkuQ sw
  [2] xHN32f1Dis4UiL172waS23TwTUfx66dcQPNycCtG2wU --
  [3] 2czA4MWJvC6WVSqatw7pTyujZ5gb88xkdrgXL1LBfzuB sw
  [4] CS9GCSwCEgpVA14PUGLYShiSCmFjNiZ3CxrcsRKS1z4M --
  [5] GREfqHgi1gXGhWNWA6NaT6xVY2fMXLBX1QuiVHjzf92c --
  [6] GCKK8yv5QsFqeUtzkf4h8dSbbAaRdiKKYtwqX6EqiE6a -w
  [7] yzkVF4nPoY6wSR41DAgyCqwWLgrJNzSYSfWeurU2MLB --
  [8] TokenkegQfeZyiNwAJbNbGKPFXCWuBvf9Ss623VQ5DA --
  [9] 11111111111111111111111111111111 --
signers   : payer 4sbBUbY71JFeA4kJckBmNnTADiFu4jtu84Gzev52ZEhn, D72iDjf8nhfZxno687KGDJCRGr37Y3aKu1t9T8KGanuw, Ad1u5EKXec9aaGuuz9Pnd3LJNArMs7HxqP7fWnUVCkuQ, 2czA4MWJvC6WVSqatw7pTyujZ5gb88xkdrgXL1LBfzuB
envelope  : legacy
wire      : 708/1232 bytes (legacy)

signature : 2hSxmUTzaLJHbqHoCwfnR1dt9cjmXBs8DQbuKjh32rPkhu6omcaxMPGyokMNwPv3Pfbjc5NfJoNMDHnTS6sGs6xT
confirmed : yes
program   : Ok
compute   : 7127 CU
fee       : 20000 lamports

explain it: hopper tx explain 2hSxmUTzaLJHbqHoCwfnR1dt9cjmXBs8DQbuKjh32rPkhu6omcaxMPGyokMNwPv3Pfbjc5NfJoNMDHnTS6sGs6xT --rpc https://api.devnet.solana.com
