-- hopper tx send --
rpc       : https://api.devnet.solana.com
program   : 9vnEXTpz7TC2ugC5LEDLdJ6i8bBNEradv996hUwFSfPw
data      : 1 bytes (0x02)
accounts  : 7 slots
  [0] uM1W9frB6kkdE3GYVaFVRQbbtQxedmjfCiAXs8N7Upv sw
  [1] Ad1u5EKXec9aaGuuz9Pnd3LJNArMs7HxqP7fWnUVCkuQ -w
  [2] xHN32f1Dis4UiL172waS23TwTUfx66dcQPNycCtG2wU --
  [3] 2czA4MWJvC6WVSqatw7pTyujZ5gb88xkdrgXL1LBfzuB -w
  [4] CS9GCSwCEgpVA14PUGLYShiSCmFjNiZ3CxrcsRKS1z4M --
  [5] GCKK8yv5QsFqeUtzkf4h8dSbbAaRdiKKYtwqX6EqiE6a -w
  [6] TokenkegQfeZyiNwAJbNbGKPFXCWuBvf9Ss623VQ5DA --
signers   : payer 4sbBUbY71JFeA4kJckBmNnTADiFu4jtu84Gzev52ZEhn, uM1W9frB6kkdE3GYVaFVRQbbtQxedmjfCiAXs8N7Upv
envelope  : legacy
preflight : skipped (--allow-failure; an on-chain refusal will land)
wire      : 465/1232 bytes (legacy)

signature : 4UXuHAqKm2uVQgJz5ihawDR1uH3YRPZMSf4kTUcRTg8pmTHbHLWeb3EjjUwhoCbNGjCYR5vpZcSVjvn5TKDSNHNt
confirmed : yes
program   : REFUSED: {"InstructionError":[0,"InvalidAccountData"]}
compute   : 237 CU
fee       : 10000 lamports

explain it: hopper tx explain 4UXuHAqKm2uVQgJz5ihawDR1uH3YRPZMSf4kTUcRTg8pmTHbHLWeb3EjjUwhoCbNGjCYR5vpZcSVjvn5TKDSNHNt --rpc https://api.devnet.solana.com
