    Checking hopper-native v0.4.1 (D:\tmp\Hopper-Solana-Zero-copy-State-Framework\crates\hopper-native)
    Checking windows-sys v0.52.0
   Compiling hopper-runtime v0.4.1 (D:\tmp\Hopper-Solana-Zero-copy-State-Framework\crates\hopper-runtime)
    Checking hopper-systems v0.4.0 (D:\tmp\Hopper-Solana-Zero-copy-State-Framework\crates\hopper-core)
    Checking hopper-system v0.4.0 (D:\tmp\Hopper-Solana-Zero-copy-State-Framework\crates\hopper-system)
    Checking hopper-token v0.4.0 (D:\tmp\Hopper-Solana-Zero-copy-State-Framework\crates\hopper-spl\hopper-token)
   Compiling hopper-derive v0.4.0 (D:\tmp\Hopper-Solana-Zero-copy-State-Framework\crates\hopper-macros-proc)
    Checking hopper-solana v0.4.0 (D:\tmp\Hopper-Solana-Zero-copy-State-Framework\crates\hopper-solana)
    Checking hopper-schema v0.4.0 (D:\tmp\Hopper-Solana-Zero-copy-State-Framework\crates\hopper-schema)
    Checking hopper-macros v0.4.0 (D:\tmp\Hopper-Solana-Zero-copy-State-Framework\crates\hopper-macros)
    Checking hopper-associated-token v0.4.0 (D:\tmp\Hopper-Solana-Zero-copy-State-Framework\crates\hopper-spl\hopper-associated-token)
    Checking hopper-token-2022 v0.4.0 (D:\tmp\Hopper-Solana-Zero-copy-State-Framework\crates\hopper-spl\hopper-token-2022)
    Checking hopper-memo v0.4.0 (D:\tmp\Hopper-Solana-Zero-copy-State-Framework\crates\hopper-memo)
    Checking errno v0.3.14
    Checking signal-hook-registry v1.4.8
    Checking signal-hook v0.3.18
    Checking solana-logger v3.0.0
    Checking mollusk-svm v0.15.1
    Checking hopper-lang v0.4.0 (D:\tmp\Hopper-Solana-Zero-copy-State-Framework)
    Checking rustls-platform-verifier v0.6.2
    Checking quinn-proto v0.11.15
    Checking mollusk-svm-programs-token-2022 v0.15.0
    Checking mollusk-svm-programs-token v0.15.0
    Checking tempfile v3.27.0
    Checking quinn v0.11.11
    Checking rusty-fork v0.3.1
    Checking proptest v1.11.0
    Checking solana-tls-utils v4.2.1
    Checking hopper-framework-verifier v0.0.0 (D:\tmp\Hopper-Solana-Zero-copy-State-Framework\bench\framework-comparison\verifier)
    Checking solana-streamer v4.2.1
    Checking hopper-escrow v0.4.0 (D:\tmp\Hopper-Solana-Zero-copy-State-Framework\examples\hopper-escrow)
    Checking hopper-treasury v0.4.0 (D:\tmp\Hopper-Solana-Zero-copy-State-Framework\examples\hopper-treasury)
    Checking solana-quic-client v4.2.1
    Checking solana-udp-client v4.2.1
    Checking hopper-bounded-multisig v0.4.0 (D:\tmp\Hopper-Solana-Zero-copy-State-Framework\examples\hopper-bounded-multisig)
    Checking solana-client v4.2.1
    Checking hopper-checked-cpi-fixture v0.0.0 (D:\tmp\Hopper-Solana-Zero-copy-State-Framework\bench\checked-cpi\program)
    Finished `dev` profile [unoptimized] target(s) in 25.22s
