   Compiling hopper-runtime v0.4.1 (D:\tmp\Hopper-Solana-Zero-copy-State-Framework\crates\hopper-runtime)
   Compiling hopper-systems v0.4.0 (D:\tmp\Hopper-Solana-Zero-copy-State-Framework\crates\hopper-core)
   Compiling hopper-system v0.4.0 (D:\tmp\Hopper-Solana-Zero-copy-State-Framework\crates\hopper-system)
   Compiling hopper-token v0.4.0 (D:\tmp\Hopper-Solana-Zero-copy-State-Framework\crates\hopper-spl\hopper-token)
   Compiling hopper-memo v0.4.0 (D:\tmp\Hopper-Solana-Zero-copy-State-Framework\crates\hopper-memo)
   Compiling hopper-solana v0.4.0 (D:\tmp\Hopper-Solana-Zero-copy-State-Framework\crates\hopper-solana)
   Compiling hopper-schema v0.4.0 (D:\tmp\Hopper-Solana-Zero-copy-State-Framework\crates\hopper-schema)
   Compiling hopper-token-2022 v0.4.0 (D:\tmp\Hopper-Solana-Zero-copy-State-Framework\crates\hopper-spl\hopper-token-2022)
   Compiling hopper-associated-token v0.4.0 (D:\tmp\Hopper-Solana-Zero-copy-State-Framework\crates\hopper-spl\hopper-associated-token)
   Compiling hopper-svm v0.4.0 (D:\tmp\Hopper-Solana-Zero-copy-State-Framework\crates\hopper-svm)
   Compiling hopper-macros v0.4.0 (D:\tmp\Hopper-Solana-Zero-copy-State-Framework\crates\hopper-macros)
   Compiling hopper-lang v0.4.0 (D:\tmp\Hopper-Solana-Zero-copy-State-Framework)
    Finished `test` profile [unoptimized] target(s) in 3.58s
     Running tests\declare_id.rs (target\debug\deps\declare_id-4357961ea3701bcb.exe)

running 2 tests
test declare_id_generates_id_and_accessors ... ok
test declared_id_round_trips_through_base58 ... ok

test result: ok. 2 passed; 0 failed; 0 ignored; 0 measured; 0 filtered out; finished in 0.00s

     Running tests\dx_parity_docs.rs (target\debug\deps\dx_parity_docs-0d5e7fe046be78de.exe)

running 1 test
test public_docs_and_templates_stay_on_first_touch_surface ... ok

test result: ok. 1 passed; 0 failed; 0 ignored; 0 measured; 0 filtered out; finished in 0.00s

