
> hopper-site@0.2.1 build
> next build

▲ Next.js 16.3.6 (Turbopack)
✓ Running next.config.mjs took 17ms
- Experiments (use with caution):
  · optimizePackageImports

  Creating an optimized production build ...
✓ Compiled successfully in 736ms
  Running TypeScript ...
  Finished TypeScript in 1197ms ...
  Collecting page data using 6 workers ...
  Generating static pages using 6 workers (0/57) ...
  Generating static pages using 6 workers (14/57) 
  Generating static pages using 6 workers (28/57) 
  Generating static pages using 6 workers (42/57) 
✓ Generating static pages using 6 workers (57/57) in 547ms
  Finalizing page optimization ...

Route (app)
┌ ƒ /
├ ƒ /_not-found
├ ƒ /docs
└ ƒ /docs/[slug]


ƒ Proxy (Middleware)

ƒ  (Dynamic)  server-rendered on demand

