-- hopper tx send --
rpc       : https://api.devnet.solana.com
program   : G3pfUoRq9rNcJC3SpTphsNFBKhXFR4VNxN2AsDy82h2a
data      : 17 bytes (0x00e803000000000000d007000000000000)
accounts  : 10 slots
  [0] 5znbXFsynyh9dDr5SrUYEtMavxiqZrbWN5fgnLirB9EV sw
  [1] DQEfHmLCaUtVtxekBVrGpv2KutwfywXnQZKhyFYRrKfn sw
  [2] D2JiagEx7e5S24Yeu3dpgDfrRXMv1f6LnAfTNLTjEVwE --
  [3] FFhevGXnEM6zNz19zh9dTDS2BW1YjBUGjjtW2vCeiSVv sw
  [4] 4EHzdKWbGPMHRTMbJbEL5Ygq7p2VtHXULrYfxrkbJev8 --
  [5] 7gxGjwTUH6vkzV369jDyXDgZ5qVtXypLkYzWmA45SGDn --
  [6] DFu21zKzXW7XC1E6eQHSGJLwT2VHdzanavZAKBAdsY6h -w
  [7] JBXSoSG6A5XNxzD6pWcHPkAUtQb63gpWFhvULNPo5E42 --
  [8] TokenkegQfeZyiNwAJbNbGKPFXCWuBvf9Ss623VQ5DA --
  [9] 11111111111111111111111111111111 --
signers   : payer 4sbBUbY71JFeA4kJckBmNnTADiFu4jtu84Gzev52ZEhn, 5znbXFsynyh9dDr5SrUYEtMavxiqZrbWN5fgnLirB9EV, DQEfHmLCaUtVtxekBVrGpv2KutwfywXnQZKhyFYRrKfn, FFhevGXnEM6zNz19zh9dTDS2BW1YjBUGjjtW2vCeiSVv
envelope  : legacy
wire      : 708/1232 bytes (legacy)

signature : 5Qc7kdr14B4nK6BWMBsMyUCCktMuP21WJrGRRZ5AjyhwG8kxv58x4cgTiB2KCFbbVzJs82xSQWYhY7X1hDJCC4ek
confirmed : yes
program   : Ok
compute   : 6213 CU
fee       : 20000 lamports

explain it: hopper tx explain 5Qc7kdr14B4nK6BWMBsMyUCCktMuP21WJrGRRZ5AjyhwG8kxv58x4cgTiB2KCFbbVzJs82xSQWYhY7X1hDJCC4ek --rpc https://api.devnet.solana.com
