-- hopper tx send --
rpc       : https://api.devnet.solana.com
program   : G3pfUoRq9rNcJC3SpTphsNFBKhXFR4VNxN2AsDy82h2a
data      : 17 bytes (0x01e803000000000000d007000000000000)
accounts  : 12 slots
  [0] 6nJcSLpRRcG5WSaa38vdBAiEri7EJBu7miDLndhmXTkd --
  [1] 2aG8CDnADsSzBkDmXEo9oH8KoCm7CTDv95cACXRSwpS4 -w
  [2] 5znbXFsynyh9dDr5SrUYEtMavxiqZrbWN5fgnLirB9EV -w
  [3] HYnyrxqXQG75QbTDTdDhcworooxKiBSAmMp2h1Dpx8QM --
  [4] 67dCkyfnt3HTYKGqgVX6P83a2onT33bmHCUSj5wF9ncP -w
  [5] 4EHzdKWbGPMHRTMbJbEL5Ygq7p2VtHXULrYfxrkbJev8 --
  [6] 7gxGjwTUH6vkzV369jDyXDgZ5qVtXypLkYzWmA45SGDn --
  [7] DL6y8keXRddvfrdNUP2vj9nTuW6vR5awuEXGQZ6k3Z63 -w
  [8] J11JczR8uC4SjarxCyMFXxTmRPu1pF1nNv7xA26gPwix -w
  [9] JBXSoSG6A5XNxzD6pWcHPkAUtQb63gpWFhvULNPo5E42 -w
  [10] DFu21zKzXW7XC1E6eQHSGJLwT2VHdzanavZAKBAdsY6h -w
  [11] TokenkegQfeZyiNwAJbNbGKPFXCWuBvf9Ss623VQ5DA --
signers   : payer 4sbBUbY71JFeA4kJckBmNnTADiFu4jtu84Gzev52ZEhn
envelope  : legacy
preflight : skipped (--allow-failure; an on-chain refusal will land)
wire      : 582/1232 bytes (legacy)

signature : 3rsTRzMjEuSBs839p5s3iZnQkXChBYcPENCV8tZb7phT4ETiQhZt7guvLxy9krCyV16Um7PuELKMaZjkYSAM6WxN
confirmed : yes
program   : REFUSED: {"InstructionError":[0,"MissingRequiredSignature"]}
compute   : 267 CU
fee       : 5000 lamports

explain it: hopper tx explain 3rsTRzMjEuSBs839p5s3iZnQkXChBYcPENCV8tZb7phT4ETiQhZt7guvLxy9krCyV16Um7PuELKMaZjkYSAM6WxN --rpc https://api.devnet.solana.com
