-- hopper tx send --
rpc       : https://api.devnet.solana.com
program   : G3pfUoRq9rNcJC3SpTphsNFBKhXFR4VNxN2AsDy82h2a
data      : 1 bytes (0x02)
accounts  : 7 slots
  [0] FqcbzF4pCf5rzpLvk1Ht6nEX26SHEVpKoyQYgcLahDAB sw
  [1] DQEfHmLCaUtVtxekBVrGpv2KutwfywXnQZKhyFYRrKfn -w
  [2] D2JiagEx7e5S24Yeu3dpgDfrRXMv1f6LnAfTNLTjEVwE --
  [3] FFhevGXnEM6zNz19zh9dTDS2BW1YjBUGjjtW2vCeiSVv -w
  [4] 4EHzdKWbGPMHRTMbJbEL5Ygq7p2VtHXULrYfxrkbJev8 --
  [5] DFu21zKzXW7XC1E6eQHSGJLwT2VHdzanavZAKBAdsY6h -w
  [6] TokenkegQfeZyiNwAJbNbGKPFXCWuBvf9Ss623VQ5DA --
signers   : payer 4sbBUbY71JFeA4kJckBmNnTADiFu4jtu84Gzev52ZEhn, FqcbzF4pCf5rzpLvk1Ht6nEX26SHEVpKoyQYgcLahDAB
envelope  : legacy
preflight : skipped (--allow-failure; an on-chain refusal will land)
wire      : 465/1232 bytes (legacy)

signature : 3fiFF8JdTDTkzeKEitwUmLjYjX4PDUgMMuqVC6oCWnYVGeeDrqFz6yPpwDP2Bj1qCX18px38M4B6mpVW6RXfjGfd
confirmed : yes
program   : REFUSED: {"InstructionError":[0,"InvalidAccountData"]}
compute   : 229 CU
fee       : 10000 lamports

explain it: hopper tx explain 3fiFF8JdTDTkzeKEitwUmLjYjX4PDUgMMuqVC6oCWnYVGeeDrqFz6yPpwDP2Bj1qCX18px38M4B6mpVW6RXfjGfd --rpc https://api.devnet.solana.com
