-- hopper tx send --
rpc       : https://api.devnet.solana.com
program   : G3pfUoRq9rNcJC3SpTphsNFBKhXFR4VNxN2AsDy82h2a
data      : 17 bytes (0x01e803000000000000d007000000000000)
accounts  : 12 slots
  [0] 6nJcSLpRRcG5WSaa38vdBAiEri7EJBu7miDLndhmXTkd s-
  [1] 2aG8CDnADsSzBkDmXEo9oH8KoCm7CTDv95cACXRSwpS4 -w
  [2] 5znbXFsynyh9dDr5SrUYEtMavxiqZrbWN5fgnLirB9EV -w
  [3] HYnyrxqXQG75QbTDTdDhcworooxKiBSAmMp2h1Dpx8QM --
  [4] 67dCkyfnt3HTYKGqgVX6P83a2onT33bmHCUSj5wF9ncP -w
  [5] 4EHzdKWbGPMHRTMbJbEL5Ygq7p2VtHXULrYfxrkbJev8 --
  [6] 7gxGjwTUH6vkzV369jDyXDgZ5qVtXypLkYzWmA45SGDn --
  [7] DL6y8keXRddvfrdNUP2vj9nTuW6vR5awuEXGQZ6k3Z63 -w
  [8] J11JczR8uC4SjarxCyMFXxTmRPu1pF1nNv7xA26gPwix -w
  [9] J11JczR8uC4SjarxCyMFXxTmRPu1pF1nNv7xA26gPwix -w
  [10] DFu21zKzXW7XC1E6eQHSGJLwT2VHdzanavZAKBAdsY6h -w
  [11] TokenkegQfeZyiNwAJbNbGKPFXCWuBvf9Ss623VQ5DA --
signers   : payer 4sbBUbY71JFeA4kJckBmNnTADiFu4jtu84Gzev52ZEhn, 6nJcSLpRRcG5WSaa38vdBAiEri7EJBu7miDLndhmXTkd
envelope  : legacy
preflight : skipped (--allow-failure; an on-chain refusal will land)
wire      : 614/1232 bytes (legacy)

signature : ioCgiRFxeChjgywftGqK7AV7fmvir3ZTRsJWewepsaT3wHTKFdjQ3TqtR1oZCY4JZJzvtx9bE2BrBWYZzuoi5eC
confirmed : yes
program   : REFUSED: {"InstructionError":[0,{"Custom":45058}]}
compute   : 252 CU
fee       : 10000 lamports

explain it: hopper tx explain ioCgiRFxeChjgywftGqK7AV7fmvir3ZTRsJWewepsaT3wHTKFdjQ3TqtR1oZCY4JZJzvtx9bE2BrBWYZzuoi5eC --rpc https://api.devnet.solana.com
