    Checking solana-signature v3.4.1
    Checking solana-sbpf v0.21.1
    Checking solana-signer v3.0.1
    Checking solana-transaction-context v4.2.1
    Checking solana-transaction v4.1.4
    Checking solana-loader-v3-interface v7.0.0
    Checking solana-svm-transaction v4.2.0
    Checking solana-address v1.1.0
    Checking windows-sys v0.52.0
    Checking solana-pubkey v3.0.0
    Checking solana-program-runtime v4.2.1
   Compiling hopper-runtime v0.4.0 (D:\tmp\Hopper-Solana-Zero-copy-State-Framework\crates\hopper-runtime)
    Checking hopper-native v0.4.0 (D:\tmp\Hopper-Solana-Zero-copy-State-Framework\crates\hopper-native)
    Checking solana-keypair v3.1.2
    Checking solana-compute-budget v4.2.1
    Checking solana-instructions-sysvar v3.0.0
    Checking agave-feature-set v4.2.1
    Checking hopper-systems v0.4.0 (D:\tmp\Hopper-Solana-Zero-copy-State-Framework\crates\hopper-core)
    Checking hopper-system v0.4.0 (D:\tmp\Hopper-Solana-Zero-copy-State-Framework\crates\hopper-system)
    Checking hopper-token v0.4.0 (D:\tmp\Hopper-Solana-Zero-copy-State-Framework\crates\hopper-spl\hopper-token)
    Checking tokio-rustls v0.26.4
    Checking spl-token-confidential-transfer-proof-extraction v0.6.0
    Checking hopper-solana v0.4.0 (D:\tmp\Hopper-Solana-Zero-copy-State-Framework\crates\hopper-solana)
    Checking errno v0.3.14
    Checking signal-hook-registry v1.4.8
    Checking spl-token-2022-interface v3.1.1
    Checking async-compression v0.4.42
    Checking hopper-schema v0.4.0 (D:\tmp\Hopper-Solana-Zero-copy-State-Framework\crates\hopper-schema)
    Checking solana-syscalls v4.2.1
    Checking hopper-macros v0.4.0 (D:\tmp\Hopper-Solana-Zero-copy-State-Framework\crates\hopper-macros)
    Checking tower-http v0.6.11
   Compiling hopper-derive v0.4.0 (D:\tmp\Hopper-Solana-Zero-copy-State-Framework\crates\hopper-macros-proc)
    Checking hyper-rustls v0.27.9
    Checking signal-hook v0.3.18
    Checking hopper-token-2022 v0.4.0 (D:\tmp\Hopper-Solana-Zero-copy-State-Framework\crates\hopper-spl\hopper-token-2022)
    Checking hopper-associated-token v0.4.0 (D:\tmp\Hopper-Solana-Zero-copy-State-Framework\crates\hopper-spl\hopper-associated-token)
    Checking hopper-memo v0.4.0 (D:\tmp\Hopper-Solana-Zero-copy-State-Framework\crates\hopper-memo)
    Checking solana-system-program v4.2.1
    Checking solana-logger v3.0.0
    Checking reqwest v0.12.28
    Checking solana-bpf-loader-program v4.2.1
    Checking mollusk-svm v0.15.1
    Checking solana-account-decoder-client-types v4.2.1
    Checking spl-token-interface v2.0.0
    Checking hopper-lang v0.4.0 (D:\tmp\Hopper-Solana-Zero-copy-State-Framework)
    Checking mollusk-svm-programs-token-2022 v0.15.0
    Checking solana-version v4.2.1
    Checking solana-transaction-status-client-types v4.2.1
    Checking mollusk-svm-programs-token v0.15.0
    Checking solana-metrics v4.2.1
    Checking solana-rpc-client-types v4.2.1
    Checking solana-builtins-default-costs v4.2.1
    Checking rustls-platform-verifier v0.6.2
    Checking quinn-proto v0.11.15
    Checking solana-compute-budget-instruction v4.2.1
    Checking reqwest-middleware v0.4.2
    Checking solana-system-interface v2.0.0
    Checking agave-transaction-view v4.2.1
    Checking solana-config-interface v2.0.0
    Checking quinn v0.11.11
    Checking solana-runtime-transaction v4.2.1
    Checking solana-rpc-client-api v4.2.1
    Checking spl-token-interface v3.0.0
    Checking solana-bls-signatures v3.3.0
    Checking spl-generic-token v2.0.1
    Checking tungstenite v0.28.0
    Checking solana-account-decoder v4.2.1
    Checking agave-votor-messages v4.2.1
    Checking solana-tls-utils v4.2.1
    Checking solana-perf v4.2.1
    Checking solana-connection-cache v4.2.1
    Checking solana-streamer v4.2.1
    Checking solana-rpc-client v4.2.1
    Checking tokio-tungstenite v0.28.0
    Checking solana-vote v4.2.1
    Checking solana-pubsub-client v4.2.1
    Checking solana-leader-schedule v4.2.1
    Checking solana-client-traits v4.0.0
    Checking solana-quic-client v4.2.1
    Checking solana-tpu-client v4.2.1
    Checking solana-rpc-client-nonce-utils v4.2.1
    Checking solana-udp-client v4.2.1
    Checking hopper-framework-verifier v0.0.0 (D:\tmp\Hopper-Solana-Zero-copy-State-Framework\bench\framework-comparison\verifier)
    Checking solana-client v4.2.1
    Checking hopper-escrow v0.4.0 (D:\tmp\Hopper-Solana-Zero-copy-State-Framework\examples\hopper-escrow)
    Checking hopper-quasar-port-20-min v0.4.0 (D:\tmp\Hopper-Solana-Zero-copy-State-Framework\examples\quasar-port-20-min)
    Finished `dev` profile [unoptimized] target(s) in 45.69s
