-- hopper tx send --
rpc       : https://api.devnet.solana.com
program   : 417akw6B2CcuTZFpePrZaSR5oyX3riBPtHmdePkjrAYJ
data      : 1 bytes (0x02)
accounts  : 6 slots
  [0] 4sbBUbY71JFeA4kJckBmNnTADiFu4jtu84Gzev52ZEhn sw
  [1] AdqRmQR4ijyiccLBsc8a75sgRYzEcHjsyMWHzbL8DPn5 sw
  [2] D6RCz4yLsEtLaYT85UswkvnNcEMLL13XcaQYQCLUYJxK --
  [3] 4sbBUbY71JFeA4kJckBmNnTADiFu4jtu84Gzev52ZEhn --
  [4] 11111111111111111111111111111111 --
  [5] TokenkegQfeZyiNwAJbNbGKPFXCWuBvf9Ss623VQ5DA --
signers   : payer 4sbBUbY71JFeA4kJckBmNnTADiFu4jtu84Gzev52ZEhn, AdqRmQR4ijyiccLBsc8a75sgRYzEcHjsyMWHzbL8DPn5
envelope  : legacy
wire      : 368/1232 bytes (legacy)

signature : HWmSwgnqNJcgtefmSXTNZ1wkvVJb3z26vo3yGw8BzQRBrkxYu4kBb6YEd7zah5kUu6xLwc2jbu12EYvq21MusZX
confirmed : yes
program   : Ok
compute   : 5715 CU
fee       : 10000 lamports

explain it: hopper tx explain HWmSwgnqNJcgtefmSXTNZ1wkvVJb3z26vo3yGw8BzQRBrkxYu4kBb6YEd7zah5kUu6xLwc2jbu12EYvq21MusZX --rpc https://api.devnet.solana.com
