-- hopper tx send --
rpc       : https://api.devnet.solana.com
program   : 417akw6B2CcuTZFpePrZaSR5oyX3riBPtHmdePkjrAYJ
data      : 1 bytes (0x02)
accounts  : 6 slots
  [0] 4sbBUbY71JFeA4kJckBmNnTADiFu4jtu84Gzev52ZEhn sw
  [1] GiPUqqE8CtqApeX3Z5r8AnKXe1eiUBqxQz4jrFPecpZ9 sw
  [2] CD4sxLkT7Njvg9nhLghTx8VPbJvW73hTMv9BhrGpzGxc --
  [3] 4sbBUbY71JFeA4kJckBmNnTADiFu4jtu84Gzev52ZEhn --
  [4] 11111111111111111111111111111111 --
  [5] TokenzQdBNbLqP5VEhdkAS6EPFLC1PHnBqCXEpPxuEb --
signers   : payer 4sbBUbY71JFeA4kJckBmNnTADiFu4jtu84Gzev52ZEhn, GiPUqqE8CtqApeX3Z5r8AnKXe1eiUBqxQz4jrFPecpZ9
envelope  : legacy
wire      : 368/1232 bytes (legacy)

signature : 5xbTq2KtC8vFpFkS1b2Href5a68GTi6ufvGi1Zv676skMCqjqeNicUoDWXr7yThQYopnjrwTZdTkTV9sDTUxwFbN
confirmed : yes
program   : Ok
compute   : 8410 CU
fee       : 10000 lamports

explain it: hopper tx explain 5xbTq2KtC8vFpFkS1b2Href5a68GTi6ufvGi1Zv676skMCqjqeNicUoDWXr7yThQYopnjrwTZdTkTV9sDTUxwFbN --rpc https://api.devnet.solana.com
