-- hopper tx send --
rpc       : https://api.devnet.solana.com
program   : 417akw6B2CcuTZFpePrZaSR5oyX3riBPtHmdePkjrAYJ
data      : 1 bytes (0x02)
accounts  : 6 slots
  [0] 4sbBUbY71JFeA4kJckBmNnTADiFu4jtu84Gzev52ZEhn sw
  [1] FztB1RCK6sJiBYF34J6EeTBxPnyFrachfYhjGG95CRS6 sw
  [2] D6RCz4yLsEtLaYT85UswkvnNcEMLL13XcaQYQCLUYJxK --
  [3] 4sbBUbY71JFeA4kJckBmNnTADiFu4jtu84Gzev52ZEhn --
  [4] 11111111111111111111111111111111 --
  [5] TokenkegQfeZyiNwAJbNbGKPFXCWuBvf9Ss623VQ5DA --
signers   : payer 4sbBUbY71JFeA4kJckBmNnTADiFu4jtu84Gzev52ZEhn, FztB1RCK6sJiBYF34J6EeTBxPnyFrachfYhjGG95CRS6
envelope  : legacy
wire      : 368/1232 bytes (legacy)

signature : 66zNwLUnnGfsZri3YopnwR3Tum7yDKwCjKa6iqHjjUxtwLsHeMLLSPaWVoiaLV17C9GMmRbANB5M1JHzcSDo3gEh
confirmed : yes
program   : Ok
compute   : 5715 CU
fee       : 10000 lamports

explain it: hopper tx explain 66zNwLUnnGfsZri3YopnwR3Tum7yDKwCjKa6iqHjjUxtwLsHeMLLSPaWVoiaLV17C9GMmRbANB5M1JHzcSDo3gEh --rpc https://api.devnet.solana.com
