-- hopper tx send --
rpc       : https://api.devnet.solana.com
program   : 417akw6B2CcuTZFpePrZaSR5oyX3riBPtHmdePkjrAYJ
data      : 1 bytes (0x02)
accounts  : 6 slots
  [0] 4sbBUbY71JFeA4kJckBmNnTADiFu4jtu84Gzev52ZEhn sw
  [1] 6nc5bhnBwQXFV1dgVX2wyCPLXwFYssVuZoBk2mbmTh2b sw
  [2] CD4sxLkT7Njvg9nhLghTx8VPbJvW73hTMv9BhrGpzGxc --
  [3] 4sbBUbY71JFeA4kJckBmNnTADiFu4jtu84Gzev52ZEhn --
  [4] 11111111111111111111111111111111 --
  [5] TokenzQdBNbLqP5VEhdkAS6EPFLC1PHnBqCXEpPxuEb --
signers   : payer 4sbBUbY71JFeA4kJckBmNnTADiFu4jtu84Gzev52ZEhn, 6nc5bhnBwQXFV1dgVX2wyCPLXwFYssVuZoBk2mbmTh2b
envelope  : legacy
wire      : 368/1232 bytes (legacy)

signature : 3tRLfC6nH3EGVMQeq6YaFp3zoujo4Q6VVTmAv9WWyUXL1oYp9qkubRzUyL9kXXDx5SEHSnq2HW9zZLbroBx7Ma5Y
confirmed : yes
program   : Ok
compute   : 8410 CU
fee       : 10000 lamports

explain it: hopper tx explain 3tRLfC6nH3EGVMQeq6YaFp3zoujo4Q6VVTmAv9WWyUXL1oYp9qkubRzUyL9kXXDx5SEHSnq2HW9zZLbroBx7Ma5Y --rpc https://api.devnet.solana.com
