-- hopper tx send --
rpc       : https://api.devnet.solana.com
program   : 417akw6B2CcuTZFpePrZaSR5oyX3riBPtHmdePkjrAYJ
data      : 2 bytes (0x0701)
accounts  : 6 slots
  [0] 4sbBUbY71JFeA4kJckBmNnTADiFu4jtu84Gzev52ZEhn sw
  [1] C24yaT2M5UCFg25fMDivsELJvAeb7Y7G3xLV2WdzR7At sw
  [2] 4sbBUbY71JFeA4kJckBmNnTADiFu4jtu84Gzev52ZEhn --
  [3] FztB1RCK6sJiBYF34J6EeTBxPnyFrachfYhjGG95CRS6 --
  [4] 11111111111111111111111111111111 --
  [5] TokenkegQfeZyiNwAJbNbGKPFXCWuBvf9Ss623VQ5DA --
signers   : payer 4sbBUbY71JFeA4kJckBmNnTADiFu4jtu84Gzev52ZEhn, C24yaT2M5UCFg25fMDivsELJvAeb7Y7G3xLV2WdzR7At
envelope  : legacy
wire      : 369/1232 bytes (legacy)

signature : 42fNH3fEFjCsYrgVX2JdVbqLcgW8gQLRvUZFMb9wWtvGpQ9L3NCAra9dXQGvrEKeDXPt3138jYiz4X2qUvzbEtBN
confirmed : yes
program   : Ok
compute   : 3150 CU
fee       : 10000 lamports

explain it: hopper tx explain 42fNH3fEFjCsYrgVX2JdVbqLcgW8gQLRvUZFMb9wWtvGpQ9L3NCAra9dXQGvrEKeDXPt3138jYiz4X2qUvzbEtBN --rpc https://api.devnet.solana.com
