-- hopper tx send --
rpc       : https://api.devnet.solana.com
program   : 417akw6B2CcuTZFpePrZaSR5oyX3riBPtHmdePkjrAYJ
data      : 17 bytes (0x0840420f0000000000801a060000000000)
accounts  : 5 slots
  [0] 4sbBUbY71JFeA4kJckBmNnTADiFu4jtu84Gzev52ZEhn sw
  [1] 6RU5ZNxNMV99koKfCqzEQn4eZckyEeZingsagH3w6CXV sw
  [2] So11111111111111111111111111111111111111112 --
  [3] 11111111111111111111111111111111 --
  [4] TokenkegQfeZyiNwAJbNbGKPFXCWuBvf9Ss623VQ5DA --
signers   : payer 4sbBUbY71JFeA4kJckBmNnTADiFu4jtu84Gzev52ZEhn, 6RU5ZNxNMV99koKfCqzEQn4eZckyEeZingsagH3w6CXV
envelope  : legacy
preflight : skipped (--allow-failure; an on-chain refusal will land)
wire      : 383/1232 bytes (legacy)

signature : 5eS8MvyFSHBPgE4asr6g2WaBYySx9aqUz4RzGrwUAHvH1A5TGUZAGeRosA9HBMqi3MAYgDiXZp6aJe4yBRPoyw5o
confirmed : yes
program   : Ok
compute   : 4475 CU
fee       : 10000 lamports

explain it: hopper tx explain 5eS8MvyFSHBPgE4asr6g2WaBYySx9aqUz4RzGrwUAHvH1A5TGUZAGeRosA9HBMqi3MAYgDiXZp6aJe4yBRPoyw5o --rpc https://api.devnet.solana.com
