-- hopper tx send --
rpc       : https://api.devnet.solana.com
program   : 4MWp9iQM1qxLrz9sYj4jdf9BU4waEo58MEPs7R4j7m28
data      : 1 bytes (0x02)
accounts  : 6 slots
  [0] 4sbBUbY71JFeA4kJckBmNnTADiFu4jtu84Gzev52ZEhn sw
  [1] 7poPD5CQktoHDxcZjB1A7Zz9ZVSr5QLEEXPybxthXMfX sw
  [2] A31F7C268y9ffn77sRrSsRuhVY6puJakL59fdwospGfU --
  [3] 4sbBUbY71JFeA4kJckBmNnTADiFu4jtu84Gzev52ZEhn --
  [4] 11111111111111111111111111111111 --
  [5] TokenkegQfeZyiNwAJbNbGKPFXCWuBvf9Ss623VQ5DA --
signers   : payer 4sbBUbY71JFeA4kJckBmNnTADiFu4jtu84Gzev52ZEhn, 7poPD5CQktoHDxcZjB1A7Zz9ZVSr5QLEEXPybxthXMfX
envelope  : legacy
wire      : 368/1232 bytes (legacy)

signature : BpJqU8EkRtDnjKZFUVbGoq3op63BdGqEcfnxh4xkUX2DbqfaFMYW68QAx8trBrXonqRg948KSFtmqsZm37e7qfj
confirmed : yes
program   : Ok
compute   : 5880 CU
fee       : 10000 lamports

explain it: hopper tx explain BpJqU8EkRtDnjKZFUVbGoq3op63BdGqEcfnxh4xkUX2DbqfaFMYW68QAx8trBrXonqRg948KSFtmqsZm37e7qfj --rpc https://api.devnet.solana.com
