-- hopper tx send --
rpc       : https://api.devnet.solana.com
program   : 4MWp9iQM1qxLrz9sYj4jdf9BU4waEo58MEPs7R4j7m28
data      : 1 bytes (0x02)
accounts  : 6 slots
  [0] 4sbBUbY71JFeA4kJckBmNnTADiFu4jtu84Gzev52ZEhn sw
  [1] A7TTTajvXhA1UWtm5wefSebkSLNSXtnRB9Jq8hWGG626 sw
  [2] A31F7C268y9ffn77sRrSsRuhVY6puJakL59fdwospGfU --
  [3] 4sbBUbY71JFeA4kJckBmNnTADiFu4jtu84Gzev52ZEhn --
  [4] 11111111111111111111111111111111 --
  [5] TokenkegQfeZyiNwAJbNbGKPFXCWuBvf9Ss623VQ5DA --
signers   : payer 4sbBUbY71JFeA4kJckBmNnTADiFu4jtu84Gzev52ZEhn, A7TTTajvXhA1UWtm5wefSebkSLNSXtnRB9Jq8hWGG626
envelope  : legacy
wire      : 368/1232 bytes (legacy)

signature : 63BRRDKHVyjN5v6hp8iuErg8v3BnU2nE7VBS1H1rzS6sTGBMd5S8oYJTvzXZAju3bpbFct3FZ98TjyGGCqEtVnBz
confirmed : yes
program   : Ok
compute   : 5880 CU
fee       : 10000 lamports

explain it: hopper tx explain 63BRRDKHVyjN5v6hp8iuErg8v3BnU2nE7VBS1H1rzS6sTGBMd5S8oYJTvzXZAju3bpbFct3FZ98TjyGGCqEtVnBz --rpc https://api.devnet.solana.com
