-- hopper tx send --
rpc       : https://api.devnet.solana.com
program   : 4MWp9iQM1qxLrz9sYj4jdf9BU4waEo58MEPs7R4j7m28
data      : 1 bytes (0x02)
accounts  : 6 slots
  [0] 4sbBUbY71JFeA4kJckBmNnTADiFu4jtu84Gzev52ZEhn sw
  [1] 9j6RZLegFA3P6tdvy4mjVzbQK8KRxpPE9oDzvCAwggNL sw
  [2] 633paoGBSPTMnyJUT6po5WcFW4kP3UZLgLTmWBz4F4WU --
  [3] 4sbBUbY71JFeA4kJckBmNnTADiFu4jtu84Gzev52ZEhn --
  [4] 11111111111111111111111111111111 --
  [5] TokenzQdBNbLqP5VEhdkAS6EPFLC1PHnBqCXEpPxuEb --
signers   : payer 4sbBUbY71JFeA4kJckBmNnTADiFu4jtu84Gzev52ZEhn, 9j6RZLegFA3P6tdvy4mjVzbQK8KRxpPE9oDzvCAwggNL
envelope  : legacy
wire      : 368/1232 bytes (legacy)

signature : 24U8gEU5ujTLUN4YoeUkSvmiK8f61ecB4Vc6QpjppkqgFh5AXxhqv8WKpEZrubHrb8DuamBRCt968Z6bY2LokzpZ
confirmed : yes
program   : Ok
compute   : 8575 CU
fee       : 10000 lamports

explain it: hopper tx explain 24U8gEU5ujTLUN4YoeUkSvmiK8f61ecB4Vc6QpjppkqgFh5AXxhqv8WKpEZrubHrb8DuamBRCt968Z6bY2LokzpZ --rpc https://api.devnet.solana.com
