-- hopper tx send --
rpc       : https://api.devnet.solana.com
program   : 4MWp9iQM1qxLrz9sYj4jdf9BU4waEo58MEPs7R4j7m28
data      : 1 bytes (0x02)
accounts  : 6 slots
  [0] 4sbBUbY71JFeA4kJckBmNnTADiFu4jtu84Gzev52ZEhn sw
  [1] FDvbpHt7hRwVkWnDLtq3CqnBMcehyeFbBCv1DQnriZnj sw
  [2] CdPCKcwndZ79JKFSj8GnorYX16HARu485qXFh7DtDKiy --
  [3] 4sbBUbY71JFeA4kJckBmNnTADiFu4jtu84Gzev52ZEhn --
  [4] 11111111111111111111111111111111 --
  [5] TokenzQdBNbLqP5VEhdkAS6EPFLC1PHnBqCXEpPxuEb --
signers   : payer 4sbBUbY71JFeA4kJckBmNnTADiFu4jtu84Gzev52ZEhn, FDvbpHt7hRwVkWnDLtq3CqnBMcehyeFbBCv1DQnriZnj
envelope  : legacy
wire      : 368/1232 bytes (legacy)

signature : 4wUF3oWFhyYcaaEyjrqpmbef5pBP1vawmfrcpAjxFNhBTLp9pSgmEKoLfcpBFRVkHEjEJ6txitUD7Ew5pNpDQzj1
confirmed : yes
program   : Ok
compute   : 12380 CU
fee       : 10000 lamports

explain it: hopper tx explain 4wUF3oWFhyYcaaEyjrqpmbef5pBP1vawmfrcpAjxFNhBTLp9pSgmEKoLfcpBFRVkHEjEJ6txitUD7Ew5pNpDQzj1 --rpc https://api.devnet.solana.com
