-- hopper tx send --
rpc       : https://api.devnet.solana.com
program   : 4MWp9iQM1qxLrz9sYj4jdf9BU4waEo58MEPs7R4j7m28
data      : 17 bytes (0x0840420f0000000000801a060000000000)
accounts  : 5 slots
  [0] 4sbBUbY71JFeA4kJckBmNnTADiFu4jtu84Gzev52ZEhn sw
  [1] 7EE9RFMU58xWwduMqFmiJqCf8YAumH6aH4Set59ptgHo sw
  [2] So11111111111111111111111111111111111111112 --
  [3] 11111111111111111111111111111111 --
  [4] TokenkegQfeZyiNwAJbNbGKPFXCWuBvf9Ss623VQ5DA --
signers   : payer 4sbBUbY71JFeA4kJckBmNnTADiFu4jtu84Gzev52ZEhn, 7EE9RFMU58xWwduMqFmiJqCf8YAumH6aH4Set59ptgHo
envelope  : legacy
preflight : skipped (--allow-failure; an on-chain refusal will land)
wire      : 383/1232 bytes (legacy)

signature : 64CUgkZWh5yeQRzZ5WXqphgb8HDwEmBDzkzpUCoCmTAovUyUA6K7LyZAPKvBEudHZ6FG73WNrSSTiDph9ssnq2ph
confirmed : yes
program   : Ok
compute   : 4640 CU
fee       : 10000 lamports

explain it: hopper tx explain 64CUgkZWh5yeQRzZ5WXqphgb8HDwEmBDzkzpUCoCmTAovUyUA6K7LyZAPKvBEudHZ6FG73WNrSSTiDph9ssnq2ph --rpc https://api.devnet.solana.com
