    Blocking waiting for file lock on package cache
    Blocking waiting for file lock on package cache
    Blocking waiting for file lock on package cache
    Checking hopper-native v0.6.0 (D:\tmp\Hopper-Solana-Zero-copy-State-Framework\crates\hopper-native)
   Compiling hopper-runtime v0.6.0 (D:\tmp\Hopper-Solana-Zero-copy-State-Framework\crates\hopper-runtime)
   Compiling hopper-derive v0.6.0 (D:\tmp\Hopper-Solana-Zero-copy-State-Framework\crates\hopper-macros-proc)
    Checking hopper-test v0.4.0 (D:\tmp\Hopper-Solana-Zero-copy-State-Framework\crates\hopper-test)
    Checking grillo-manifest v0.1.1 (D:\tmp\Hopper-Solana-Zero-copy-State-Framework\crates\grillo-manifest)
    Checking hopper-systems v0.6.0 (D:\tmp\Hopper-Solana-Zero-copy-State-Framework\crates\hopper-core)
    Checking hopper-system v0.6.0 (D:\tmp\Hopper-Solana-Zero-copy-State-Framework\crates\hopper-system)
    Checking hopper-schema v0.6.0 (D:\tmp\Hopper-Solana-Zero-copy-State-Framework\crates\hopper-schema)
    Checking hopper-token v0.6.0 (D:\tmp\Hopper-Solana-Zero-copy-State-Framework\crates\hopper-spl\hopper-token)
    Checking hopper-solana v0.6.0 (D:\tmp\Hopper-Solana-Zero-copy-State-Framework\crates\hopper-solana)
    Checking hopper-token-2022 v0.6.0 (D:\tmp\Hopper-Solana-Zero-copy-State-Framework\crates\hopper-spl\hopper-token-2022)
    Checking hopper-associated-token v0.6.0 (D:\tmp\Hopper-Solana-Zero-copy-State-Framework\crates\hopper-spl\hopper-associated-token)
    Checking hopper-macros v0.6.0 (D:\tmp\Hopper-Solana-Zero-copy-State-Framework\crates\hopper-macros)
    Checking hopper-memo v0.6.0 (D:\tmp\Hopper-Solana-Zero-copy-State-Framework\crates\hopper-memo)
    Checking hopper-metaplex v0.6.0 (D:\tmp\Hopper-Solana-Zero-copy-State-Framework\crates\hopper-spl\hopper-metaplex)
    Checking hopper-svm v0.6.0 (D:\tmp\Hopper-Solana-Zero-copy-State-Framework\crates\hopper-svm)
    Checking grillo-verifier v0.1.1 (D:\tmp\Hopper-Solana-Zero-copy-State-Framework\crates\grillo-verifier)
    Checking hopper-manager v0.6.0 (D:\tmp\Hopper-Solana-Zero-copy-State-Framework\crates\hopper-manager)
    Checking hopper-topology v0.1.1 (D:\tmp\Hopper-Solana-Zero-copy-State-Framework\crates\hopper-topology)
    Checking hopper-finance v0.6.0 (D:\tmp\Hopper-Solana-Zero-copy-State-Framework\crates\hopper-finance)
    Checking hopper-vesting v0.6.0 (D:\tmp\Hopper-Solana-Zero-copy-State-Framework\crates\hopper-vesting)
    Checking hopper-staking v0.6.0 (D:\tmp\Hopper-Solana-Zero-copy-State-Framework\crates\hopper-staking)
    Checking hopper-distribute v0.6.0 (D:\tmp\Hopper-Solana-Zero-copy-State-Framework\crates\hopper-distribute)
    Checking hopper-lending v0.6.0 (D:\tmp\Hopper-Solana-Zero-copy-State-Framework\crates\hopper-lending)
    Checking hopper-lang v0.6.0 (D:\tmp\Hopper-Solana-Zero-copy-State-Framework)
    Checking hopper-cli v0.6.0 (D:\tmp\Hopper-Solana-Zero-copy-State-Framework\tools\hopper-cli)
    Checking hopper-cicada v0.4.0 (D:\tmp\Hopper-Solana-Zero-copy-State-Framework\examples\hopper-cicada)
    Checking hopper-smoke v0.4.0 (D:\tmp\Hopper-Solana-Zero-copy-State-Framework\examples\hopper-smoke)
    Checking hopper-confidential-lab v0.4.0 (D:\tmp\Hopper-Solana-Zero-copy-State-Framework\examples\hopper-confidential-lab)
    Checking hopper-sentinel v0.4.0 (D:\tmp\Hopper-Solana-Zero-copy-State-Framework\examples\hopper-sentinel)
    Checking hopper-xp-program-a v0.4.0 (D:\tmp\Hopper-Solana-Zero-copy-State-Framework\examples\cross-program-read\program-a)
    Checking hopper-migration v0.4.0 (D:\tmp\Hopper-Solana-Zero-copy-State-Framework\examples\hopper-migration)
    Checking hopper-token-2022-vault v0.4.0 (D:\tmp\Hopper-Solana-Zero-copy-State-Framework\examples\hopper-token-2022-vault)
    Checking hopper-runtime-lab v0.4.0 (D:\tmp\Hopper-Solana-Zero-copy-State-Framework\examples\hopper-runtime-lab)
    Checking hopper-orderbook v0.4.0 (D:\tmp\Hopper-Solana-Zero-copy-State-Framework\examples\hopper-orderbook)
    Checking hopper-compact-vault v0.4.0 (D:\tmp\Hopper-Solana-Zero-copy-State-Framework\examples\hopper-compact-vault)
    Checking hopper-token-lab v0.4.0 (D:\tmp\Hopper-Solana-Zero-copy-State-Framework\examples\hopper-token-lab)
    Checking hopper-cicada-canonical-route-fixture v0.4.0 (D:\tmp\Hopper-Solana-Zero-copy-State-Framework\examples\hopper-cicada-canonical-route-fixture)
    Checking hopper-tail-lab v0.4.0 (D:\tmp\Hopper-Solana-Zero-copy-State-Framework\examples\hopper-tail-lab)
    Checking hopper-xp-devnet-runner v0.4.0 (D:\tmp\Hopper-Solana-Zero-copy-State-Framework\examples\cross-program-read\runner)
    Checking hopper-cicada-fuzz-adapter v0.0.0 (D:\tmp\Hopper-Solana-Zero-copy-State-Framework\examples\hopper-cicada-fuzz-adapter)
    Checking hopper-confidential-lab-runner v0.4.0 (D:\tmp\Hopper-Solana-Zero-copy-State-Framework\examples\hopper-confidential-lab\runner)
    Checking hopper-treasury v0.4.0 (D:\tmp\Hopper-Solana-Zero-copy-State-Framework\examples\hopper-treasury)
    Checking counter-hopper v0.0.0 (D:\tmp\Hopper-Solana-Zero-copy-State-Framework\bench\framework-comparison\programs\counter\hopper)
    Checking hopper-framework-verifier v0.0.0 (D:\tmp\Hopper-Solana-Zero-copy-State-Framework\bench\framework-comparison\verifier)
    Checking hopper-mint-plan-fixture v0.0.0 (D:\tmp\Hopper-Solana-Zero-copy-State-Framework\bench\mint-plan\program)
    Checking hopper-showcase v0.4.0 (D:\tmp\Hopper-Solana-Zero-copy-State-Framework\examples\hopper-showcase)
    Checking hopper-external-oracle v0.4.0 (D:\tmp\Hopper-Solana-Zero-copy-State-Framework\examples\hopper-external-oracle)
    Checking hopper-cicada-route-fixture v0.4.0 (D:\tmp\Hopper-Solana-Zero-copy-State-Framework\examples\hopper-cicada-route-fixture)
    Checking hopper-virtual-state v0.4.0 (D:\tmp\Hopper-Solana-Zero-copy-State-Framework\examples\hopper-virtual-state)
    Checking hopper-stablecoin-memo-pay v0.4.0 (D:\tmp\Hopper-Solana-Zero-copy-State-Framework\examples\hopper-stablecoin-memo-pay)
    Checking hopper-runtime-gate-fixture v0.0.0 (D:\tmp\Hopper-Solana-Zero-copy-State-Framework\bench\runtime-gate\program)
    Checking hopper-parity-vault v0.4.0 (D:\tmp\Hopper-Solana-Zero-copy-State-Framework\examples\hopper-parity-vault)
    Checking hopper-token-2022-transfer-hook v0.4.0 (D:\tmp\Hopper-Solana-Zero-copy-State-Framework\examples\hopper-token-2022-transfer-hook)
    Checking hopper-escrow v0.4.0 (D:\tmp\Hopper-Solana-Zero-copy-State-Framework\examples\hopper-escrow)
    Checking hopper-trybuild v0.4.0 (D:\tmp\Hopper-Solana-Zero-copy-State-Framework\tests\hopper-trybuild)
    Checking hopper-token-2022-ata v0.4.0 (D:\tmp\Hopper-Solana-Zero-copy-State-Framework\examples\hopper-token-2022-ata)
    Checking hello-hopper-substrate v0.0.0 (D:\tmp\Hopper-Solana-Zero-copy-State-Framework\bench\framework-comparison\programs\hello\hopper-substrate)
    Checking hopper-policy-vault v0.4.0 (D:\tmp\Hopper-Solana-Zero-copy-State-Framework\examples\hopper-policy-vault)
    Checking hopper-router v0.1.0 (D:\tmp\Hopper-Solana-Zero-copy-State-Framework\examples\hopper-router)
    Checking hopper-xp-program-b v0.4.0 (D:\tmp\Hopper-Solana-Zero-copy-State-Framework\examples\cross-program-read\program-b)
    Checking hopper-byte-allowance v0.4.0 (D:\tmp\Hopper-Solana-Zero-copy-State-Framework\examples\hopper-byte-allowance)
    Checking counter-hopper-substrate v0.0.0 (D:\tmp\Hopper-Solana-Zero-copy-State-Framework\bench\framework-comparison\programs\counter\hopper-substrate)
    Checking hopper-vault v0.4.0 (D:\tmp\Hopper-Solana-Zero-copy-State-Framework\examples\hopper-vault)
    Checking hopper-bounded-multisig v0.4.0 (D:\tmp\Hopper-Solana-Zero-copy-State-Framework\examples\hopper-bounded-multisig)
    Checking hopper-registry v0.4.0 (D:\tmp\Hopper-Solana-Zero-copy-State-Framework\examples\hopper-registry)
    Checking hopper-proc-vault v0.4.0 (D:\tmp\Hopper-Solana-Zero-copy-State-Framework\examples\hopper-proc-vault)
    Checking hopper-pda-boundaries-fixture v0.0.0 (D:\tmp\Hopper-Solana-Zero-copy-State-Framework\bench\pda-boundaries\program)
    Checking hopper-argus-guard v0.4.0 (D:\tmp\Hopper-Solana-Zero-copy-State-Framework\examples\hopper-argus-guard)
    Checking hopper-borrowed-args-fixture v0.0.0 (D:\tmp\Hopper-Solana-Zero-copy-State-Framework\bench\borrowed-args\program)
    Checking hopper-borrowed-slices-fixture v0.0.0 (D:\tmp\Hopper-Solana-Zero-copy-State-Framework\bench\borrowed-slices\program)
    Checking hopper-counter v0.4.0 (D:\tmp\Hopper-Solana-Zero-copy-State-Framework\examples\hopper-counter)
    Checking hopper-devnet-audit v0.4.0 (D:\tmp\Hopper-Solana-Zero-copy-State-Framework\examples\hopper-devnet-audit)
    Checking hopper-function-lab v0.0.0 (D:\tmp\Hopper-Solana-Zero-copy-State-Framework\bench\function-lab\program)
    Checking hello-hopper v0.0.0 (D:\tmp\Hopper-Solana-Zero-copy-State-Framework\bench\framework-comparison\programs\hello\hopper)
    Checking hopper-nft-mint v0.4.0 (D:\tmp\Hopper-Solana-Zero-copy-State-Framework\examples\hopper-nft-mint)
    Checking hopper-canonical-pda-fixture v0.0.0 (D:\tmp\Hopper-Solana-Zero-copy-State-Framework\bench\canonical-pda\program)
    Checking hopper-styx-ferry v0.4.0 (D:\tmp\Hopper-Solana-Zero-copy-State-Framework\examples\hopper-styx-ferry)
error: this call to `clone` can be replaced with `std::slice::from_ref`
   --> tests\borrowed_slices.rs:228:51
    |
228 |             .process_instruction(program, &input, &[signer.clone()], drive)
    |                                                   ^^^^^^^^^^^^^^^^^ help: try: `std::slice::from_ref(&signer)`
    |
    = help: for further information visit https://rust-lang.github.io/rust-clippy/rust-1.96.0/index.html#cloned_ref_to_slice_refs
    = note: `-D clippy::cloned-ref-to-slice-refs` implied by `-D warnings`
    = help: to override `-D warnings` add `#[allow(clippy::cloned_ref_to_slice_refs)]`

error: this call to `clone` can be replaced with `std::slice::from_ref`
   --> tests\borrowed_slices.rs:235:62
    |
235 |                 .process_instruction(program, &input[..end], &[signer.clone()], drive)
    |                                                              ^^^^^^^^^^^^^^^^^ help: try: `std::slice::from_ref(&signer)`
    |
    = help: for further information visit https://rust-lang.github.io/rust-clippy/rust-1.96.0/index.html#cloned_ref_to_slice_refs

error: could not compile `hopper-lang` (test "borrowed_slices") due to 2 previous errors
warning: build failed, waiting for other jobs to finish...
