    Updating crates.io index
   Packaging hopper-lang v0.3.1 (D:\tmp\Hopper-Solana-Zero-copy-State-Framework)
warning: ignoring test `dx_parity_docs` as `tests\dx_parity_docs.rs` is not included in the published package
warning: ignoring test `token_2022_docs` as `tests\token_2022_docs.rs` is not included in the published package
    Updating crates.io index
    Packaged 587 files, 3.1MiB (852.2KiB compressed)
   Verifying hopper-lang v0.3.1 (D:\tmp\Hopper-Solana-Zero-copy-State-Framework)
 Downloading crates ...
  Downloaded hopper-memo v0.3.1
  Downloaded hopper-token-2022 v0.3.1
  Downloaded hopper-associated-token v0.3.1
  Downloaded hopper-macros v0.3.1
   Compiling hopper-macros v0.3.1
   Compiling hopper-token-2022 v0.3.1
   Compiling hopper-associated-token v0.3.1
   Compiling hopper-memo v0.3.1
   Compiling hopper-lang v0.3.1 (D:\tmp\Hopper-Solana-Zero-copy-State-Framework\target\package\hopper-lang-0.3.1)
    Finished `dev` profile [unoptimized] target(s) in 2.42s
   Uploading hopper-lang v0.3.1 (D:\tmp\Hopper-Solana-Zero-copy-State-Framework)
warning: aborting upload due to dry run
