Command: ["node", "node_modules/next/dist/bin/next", "build"]
▲ Next.js 16.3.6 (Turbopack)
✓ Running next.config.mjs took 232ms
- Experiments (use with caution):
  · optimizePackageImports

  Creating an optimized production build ...
✓ Compiled successfully in 55s
  Running TypeScript ...
  Finished TypeScript in 23.0s ...
  Collecting page data using 6 workers ...
  Generating static pages using 6 workers (0/52) ...
  Generating static pages using 6 workers (13/52) 
  Generating static pages using 6 workers (26/52) 
  Generating static pages using 6 workers (39/52) 
✓ Generating static pages using 6 workers (52/52) in 549ms
  Finalizing page optimization ...

Route (app)
┌ ƒ /
├ ƒ /_not-found
├ ƒ /docs
└ ƒ /docs/[slug]


ƒ Proxy (Middleware)

ƒ  (Dynamic)  server-rendered on demand


Exit code: 0
