-- hopper tx send --
rpc       : https://api.devnet.solana.com
program   : AGoG5emeZ1JDK63B5xkxArLQeQ2Kd6JA63XvUeUPcHgn
data      : 25 bytes (0x00640000000000000001000000000000006400000000000000)
accounts  : 5 slots
  [0] F8X56WNyA7Mci6p1z9jUJSJ6QGeMgkU9rTPhK5ySfQJn -w
  [1] A9YzeNvEQ3ihJGmcoPXSjb5YynsKoTuBuBFfubxQxXq2 --
  [2] F8X56WNyA7Mci6p1z9jUJSJ6QGeMgkU9rTPhK5ySfQJn -w
  [3] 4jbv4BvoEzbAKLsQGdHQ7W3CJUowk7LE8QYmqFiBANN4 s-
  [4] TokenzQdBNbLqP5VEhdkAS6EPFLC1PHnBqCXEpPxuEb --
signers   : payer 4jbv4BvoEzbAKLsQGdHQ7W3CJUowk7LE8QYmqFiBANN4
envelope  : legacy
preflight : skipped (--allow-failure; an on-chain refusal will land)
wire      : 295/1232 bytes (legacy)

signature : 4QYpQ7k5vCzpHbYhVDXqyGf4Wxc61PpSxfyaq4AHHmSaikyq7uWkPzKxeeciFQjWk5SGVXThNqyoBkfNuSzmDjew
confirmed : yes
program   : REFUSED: {"InstructionError":[0,"InvalidArgument"]}
compute   : 129 CU
fee       : 5000 lamports

explain it: hopper tx explain 4QYpQ7k5vCzpHbYhVDXqyGf4Wxc61PpSxfyaq4AHHmSaikyq7uWkPzKxeeciFQjWk5SGVXThNqyoBkfNuSzmDjew --rpc https://api.devnet.solana.com
