-- hopper tx send --
rpc       : https://api.devnet.solana.com
program   : AGoG5emeZ1JDK63B5xkxArLQeQ2Kd6JA63XvUeUPcHgn
data      : 25 bytes (0x00640000000000000064000000000000006400000000000000)
accounts  : 5 slots
  [0] F8X56WNyA7Mci6p1z9jUJSJ6QGeMgkU9rTPhK5ySfQJn -w
  [1] A9YzeNvEQ3ihJGmcoPXSjb5YynsKoTuBuBFfubxQxXq2 --
  [2] 9qJz4RGRBHraH1DfKcT6JZ6Jq2NXHUw2BvxNnSnVZLnJ -w
  [3] 4jbv4BvoEzbAKLsQGdHQ7W3CJUowk7LE8QYmqFiBANN4 s-
  [4] TokenzQdBNbLqP5VEhdkAS6EPFLC1PHnBqCXEpPxuEb --
signers   : payer 4jbv4BvoEzbAKLsQGdHQ7W3CJUowk7LE8QYmqFiBANN4
envelope  : legacy
preflight : skipped (--allow-failure; an on-chain refusal will land)
wire      : 327/1232 bytes (legacy)

signature : yUe6W5tsKes4LM77vjTvQATWcufSqQwUiHka9nVWGzU7kAjtbsL1JmdaBbPUZ31ZoHjmHcQJccEUN2FDxky8GfK
confirmed : yes
program   : REFUSED: {"InstructionError":[0,"InvalidAccountData"]}
compute   : 5003 CU
fee       : 5000 lamports

explain it: hopper tx explain yUe6W5tsKes4LM77vjTvQATWcufSqQwUiHka9nVWGzU7kAjtbsL1JmdaBbPUZ31ZoHjmHcQJccEUN2FDxky8GfK --rpc https://api.devnet.solana.com
