-- hopper tx send --
rpc       : https://api.devnet.solana.com
program   : 2xZf72jBuBdUtPfeBqbmuAACHPudAiuWcNRykUyfpyj4
data      : 2 bytes (0x0200)
accounts  : 7 slots
  [0] Cq4XTpqyNZiLoFCEp7cYZVtsq1haL9NPmYjSGdxdyyod sw
  [1] DN1SUT2JH5cYgTVG3CsSsFGgnjS4BDf15fzLDuX32QQ6 -w
  [2] Epm84NC6ERnBT17br73dqxzTAmAAHAsvgpexG8FzdALs --
  [3] CrMbgidVxJBXeFi1aizPMjcphg4o19N1nviDcazPkUQ9 -w
  [4] E5VuFq8Vei2nTKpp9Fo4GJYj5adr5JcaNEDbUGuHgab5 --
  [5] Gb8HZ2hTu7aEM7VirGx5XtrS97ZSJVnFot28PbX2ED7N -w
  [6] TokenkegQfeZyiNwAJbNbGKPFXCWuBvf9Ss623VQ5DA --
signers   : payer 4jbv4BvoEzbAKLsQGdHQ7W3CJUowk7LE8QYmqFiBANN4, Cq4XTpqyNZiLoFCEp7cYZVtsq1haL9NPmYjSGdxdyyod
envelope  : legacy
preflight : skipped (--allow-failure; an on-chain refusal will land)
wire      : 466/1232 bytes (legacy)

signature : 3PkXYauEgTVPKufPKv7TrzKndvdZJEecNww1YaFCCxBD2e2YZuJuE7B5hvVYsHADD37YwjHsVZDVFVjR9k8VzTt9
confirmed : yes
program   : REFUSED: {"InstructionError":[0,"InvalidInstructionData"]}
compute   : 1051 CU
fee       : 10000 lamports

explain it: hopper tx explain 3PkXYauEgTVPKufPKv7TrzKndvdZJEecNww1YaFCCxBD2e2YZuJuE7B5hvVYsHADD37YwjHsVZDVFVjR9k8VzTt9 --rpc https://api.devnet.solana.com
