-- hopper tx send --
rpc       : https://api.devnet.solana.com
program   : 2xZf72jBuBdUtPfeBqbmuAACHPudAiuWcNRykUyfpyj4
data      : 17 bytes (0x01e803000000000000d007000000000000)
accounts  : 12 slots
  [0] CvLjnLDkqM2cpD2uBoKk4yMrpmQoyzaSwJ4RarhQ7NmA --
  [1] 4nfXya8NhnJDPARuesLbf8jMueknM6MhcF4YmqDCmNaW -w
  [2] Cq4XTpqyNZiLoFCEp7cYZVtsq1haL9NPmYjSGdxdyyod -w
  [3] 3RqCzHDmknzCZkHQsbc5yYGWT6JnprfU6rMs3mdErRUn --
  [4] EYLDjmuLS5MHAGVfoVt82B75eHF8qvdgBbhbfihaeb5E -w
  [5] E5VuFq8Vei2nTKpp9Fo4GJYj5adr5JcaNEDbUGuHgab5 --
  [6] Hp8V59M63es4XNK2uMQbhiACXRYxTTfCCEJw68dSyWwY --
  [7] 8VLp1QtGJeRkCKEkspqghe5H9TL8tQKUFnJ822QQDXYN -w
  [8] 47CBJYGJ4GNkk1W5D8K5R8v4YxPRqiuPugrjy8c3QyKS -w
  [9] 7GNSji1xmigQioYWLB9UXbXk22RVZDmojEkyBNUwX1eA -w
  [10] Gb8HZ2hTu7aEM7VirGx5XtrS97ZSJVnFot28PbX2ED7N -w
  [11] TokenkegQfeZyiNwAJbNbGKPFXCWuBvf9Ss623VQ5DA --
signers   : payer 4jbv4BvoEzbAKLsQGdHQ7W3CJUowk7LE8QYmqFiBANN4
envelope  : legacy
preflight : skipped (--allow-failure; an on-chain refusal will land)
wire      : 582/1232 bytes (legacy)

signature : 2LPutR3xb459BCVgqmELUdQfyQXAPVU5myHfjWX6NcBRK7dw2tcCF1dMijvks6DT1u38ViHEMUgpBkVUE8v9YVBb
confirmed : yes
program   : REFUSED: {"InstructionError":[0,"MissingRequiredSignature"]}
compute   : 271 CU
fee       : 5000 lamports

explain it: hopper tx explain 2LPutR3xb459BCVgqmELUdQfyQXAPVU5myHfjWX6NcBRK7dw2tcCF1dMijvks6DT1u38ViHEMUgpBkVUE8v9YVBb --rpc https://api.devnet.solana.com
