-- hopper tx send --
rpc       : https://api.devnet.solana.com
program   : 2xZf72jBuBdUtPfeBqbmuAACHPudAiuWcNRykUyfpyj4
data      : 1 bytes (0x02)
accounts  : 7 slots
  [0] HnGEsdYu59yuAHYXwBAdjutKC9oi7fz9X78DJSzZXNHu sw
  [1] DN1SUT2JH5cYgTVG3CsSsFGgnjS4BDf15fzLDuX32QQ6 -w
  [2] Epm84NC6ERnBT17br73dqxzTAmAAHAsvgpexG8FzdALs --
  [3] CrMbgidVxJBXeFi1aizPMjcphg4o19N1nviDcazPkUQ9 -w
  [4] E5VuFq8Vei2nTKpp9Fo4GJYj5adr5JcaNEDbUGuHgab5 --
  [5] Gb8HZ2hTu7aEM7VirGx5XtrS97ZSJVnFot28PbX2ED7N -w
  [6] TokenkegQfeZyiNwAJbNbGKPFXCWuBvf9Ss623VQ5DA --
signers   : payer 4jbv4BvoEzbAKLsQGdHQ7W3CJUowk7LE8QYmqFiBANN4, HnGEsdYu59yuAHYXwBAdjutKC9oi7fz9X78DJSzZXNHu
envelope  : legacy
preflight : skipped (--allow-failure; an on-chain refusal will land)
wire      : 465/1232 bytes (legacy)

signature : 4VTdpE7Cq9DFT43C4tfEAw6sWKgyBZXxNSZ3df5DvQBoyKfdLjzir8SKFRv7S1DH3F8Gxx9Yv3FNDVEjYQFgNnkw
confirmed : yes
program   : REFUSED: {"InstructionError":[0,"InvalidAccountData"]}
compute   : 230 CU
fee       : 10000 lamports

explain it: hopper tx explain 4VTdpE7Cq9DFT43C4tfEAw6sWKgyBZXxNSZ3df5DvQBoyKfdLjzir8SKFRv7S1DH3F8Gxx9Yv3FNDVEjYQFgNnkw --rpc https://api.devnet.solana.com
