   Compiling hopper-runtime v0.4.4 (D:\tmp\Hopper-Solana-Zero-copy-State-Framework\crates\hopper-runtime)
   Compiling hopper-systems v0.4.0 (D:\tmp\Hopper-Solana-Zero-copy-State-Framework\crates\hopper-core)
   Compiling hopper-system v0.4.0 (D:\tmp\Hopper-Solana-Zero-copy-State-Framework\crates\hopper-system)
   Compiling hopper-token v0.4.0 (D:\tmp\Hopper-Solana-Zero-copy-State-Framework\crates\hopper-spl\hopper-token)
   Compiling hopper-memo v0.4.0 (D:\tmp\Hopper-Solana-Zero-copy-State-Framework\crates\hopper-memo)
   Compiling hopper-solana v0.4.1 (D:\tmp\Hopper-Solana-Zero-copy-State-Framework\crates\hopper-solana)
   Compiling hopper-schema v0.4.0 (D:\tmp\Hopper-Solana-Zero-copy-State-Framework\crates\hopper-schema)
   Compiling hopper-token-2022 v0.4.0 (D:\tmp\Hopper-Solana-Zero-copy-State-Framework\crates\hopper-spl\hopper-token-2022)
   Compiling hopper-associated-token v0.4.0 (D:\tmp\Hopper-Solana-Zero-copy-State-Framework\crates\hopper-spl\hopper-associated-token)
   Compiling hopper-macros v0.4.0 (D:\tmp\Hopper-Solana-Zero-copy-State-Framework\crates\hopper-macros)
   Compiling hopper-lang v0.4.0 (D:\tmp\Hopper-Solana-Zero-copy-State-Framework)
   Compiling hopper-framework-verifier v0.0.0 (D:\tmp\Hopper-Solana-Zero-copy-State-Framework\bench\framework-comparison\verifier)
    Finished `test` profile [unoptimized] target(s) in 16.48s
     Running tests\sibling_introspection_sbf.rs (target\debug\deps\sibling_introspection_sbf-bb54a80dd7eb07d8.exe)

running 1 test
sibling case 1: 2569 CU; Ok(())
sibling case 2: 2570 CU; Ok(())
sibling case 3: 2549 CU; Ok(())
sibling case 4: 2620 CU; Ok(())
sibling case 5: 2407 CU; Err(AccountDataTooSmall)
sibling case 6: 1757 CU; Ok(())
sibling case 7: 2414 CU; Ok(())
sibling case 8: 3614 CU; Ok(())
sibling case 9: 11992 CU; Ok(())
sibling case 10: 4154 CU; Ok(())
sibling case 11: 2409 CU; Err(AccountDataTooSmall)
test sibling_reads_respect_lengths_privileges_order_and_scope ... ok

test result: ok. 1 passed; 0 failed; 0 ignored; 0 measured; 0 filtered out; finished in 0.01s

