
running 1 test
case 0: 105 CU, expected result verified
case 1: 406 CU, expected result verified
case 2: 405 CU, expected result verified
case 3: 384 CU, expected result verified
case 4: 1070 CU, expected result verified
case 5: 441 CU, expected result verified
case 6: 432 CU, expected result verified
case 7: 325 CU, expected result verified
case 0: 105 CU, expected result verified
case 8: 382 CU, expected result verified
case 9: 348 CU, expected result verified
typed-header-hex: 5201000040f1d31e9ea36a9a01000000
case 16: 186 CU, typed initialization verified
case 10: 624 CU, expected typed result verified
case 11: 474 CU, expected typed result verified
case 12: 470 CU, expected typed result verified
case 13: 470 CU, expected typed result verified
case 14: 516 CU, expected typed result verified
case 15: 428 CU, expected typed result verified
test ambient_gate_enforces_public_surfaces_in_sbf ... ok

test result: ok. 1 passed; 0 failed; 0 ignored; 0 measured; 1 filtered out; finished in 0.02s

