    Checking hopper-native v0.5.0 (D:\tmp\Hopper-Solana-Zero-copy-State-Framework\crates\hopper-native)
   Compiling hopper-runtime v0.5.0 (D:\tmp\Hopper-Solana-Zero-copy-State-Framework\crates\hopper-runtime)
    Checking crypto-common v0.1.7
    Checking hopper-systems v0.5.0 (D:\tmp\Hopper-Solana-Zero-copy-State-Framework\crates\hopper-core)
    Checking digest v0.10.7
    Checking hopper-system v0.5.0 (D:\tmp\Hopper-Solana-Zero-copy-State-Framework\crates\hopper-system)
    Checking hopper-schema v0.5.0 (D:\tmp\Hopper-Solana-Zero-copy-State-Framework\crates\hopper-schema)
    Checking sha2 v0.10.9
    Checking hopper-token v0.5.0 (D:\tmp\Hopper-Solana-Zero-copy-State-Framework\crates\hopper-spl\hopper-token)
    Checking hopper-solana v0.5.0 (D:\tmp\Hopper-Solana-Zero-copy-State-Framework\crates\hopper-solana)
    Checking curve25519-dalek v4.1.3
    Checking hopper-token-2022 v0.5.0 (D:\tmp\Hopper-Solana-Zero-copy-State-Framework\crates\hopper-spl\hopper-token-2022)
    Checking hopper-macros v0.5.0 (D:\tmp\Hopper-Solana-Zero-copy-State-Framework\crates\hopper-macros)
   Compiling hopper-derive v0.5.0 (D:\tmp\Hopper-Solana-Zero-copy-State-Framework\crates\hopper-macros-proc)
    Checking hopper-associated-token v0.5.0 (D:\tmp\Hopper-Solana-Zero-copy-State-Framework\crates\hopper-spl\hopper-associated-token)
    Checking hopper-memo v0.5.0 (D:\tmp\Hopper-Solana-Zero-copy-State-Framework\crates\hopper-memo)
    Checking hopper-metaplex v0.5.0 (D:\tmp\Hopper-Solana-Zero-copy-State-Framework\crates\hopper-spl\hopper-metaplex)
    Checking solana-sha256-hasher v3.1.0
    Checking solana-address v2.6.1
    Checking hopper-lang v0.5.0 (D:\tmp\Hopper-Solana-Zero-copy-State-Framework)
    Checking windows-sys v0.61.2
    Checking signature v2.2.0
    Checking ed25519 v2.2.3
    Checking ed25519-dalek v2.2.0
    Checking solana-signature v3.4.1
    Checking hmac v0.12.1
    Checking pbkdf2 v0.11.0
    Checking solana-seed-phrase v3.0.0
    Checking solana-pubkey v4.2.1
    Checking solana-sdk-ids v3.1.0
    Checking solana-instruction v3.4.0
    Checking solana-sysvar-id v3.1.0
    Checking solana-account-info v3.1.1
    Checking solana-get-sysvar v1.0.0
    Checking solana-clock v3.1.1
    Checking solana-signer v3.0.1
    Checking solana-epoch-schedule v3.2.0
    Checking solana-serialize-utils v3.1.2
    Checking solana-slot-hashes v3.1.0
    Checking solana-rent v4.3.0
    Checking solana-epoch-rewards v3.1.0
    Checking solana-program-entrypoint v3.1.1
    Checking solana-last-restart-slot v3.0.1
    Checking solana-slot-history v3.0.1
    Checking solana-message v4.4.1
    Checking solana-sysvar v4.0.0
    Checking solana-account v4.3.1
    Checking solana-transaction v4.1.4
    Checking solana-system-interface v3.2.0
    Checking solana-keypair v3.1.2
    Checking solana-instructions-sysvar v4.0.0
    Checking solana-address v1.1.0
    Checking solana-pubkey v3.0.0
    Checking solana-transaction-context v4.2.1
    Checking solana-cpi v3.1.0
    Checking solana-stake-interface v4.3.0
    Checking solana-loader-v3-interface v7.0.0
    Checking agave-feature-set v4.2.1
    Checking solana-svm-transaction v4.2.0
    Checking solana-svm-callback v4.2.1
    Checking solana-stable-layout v3.0.1
    Checking solana-svm-timings v4.2.1
    Checking solana-instructions-sysvar v3.0.0
    Checking solana-packet v4.1.0
    Checking solana-program-runtime v4.2.1
    Checking regex-automata v0.4.14
    Checking solana-vote-interface v6.0.3
    Checking regex v1.12.3
    Checking solana-nonce v3.2.1
    Checking solana-compute-budget v4.2.1
    Checking solana-bls-signatures v3.3.0
    Checking inout v0.1.4
    Checking ark-serialize v0.5.0
    Checking cipher v0.4.4
    Checking sha3 v0.10.9
    Checking ark-ff v0.5.0
    Checking ark-serialize v0.4.2
    Checking uriparse v0.6.4
    Checking qstring v0.7.2
    Checking universal-hash v0.5.1
    Checking derivation-path v0.2.0
    Checking solana-derivation-path v3.0.0
    Checking polyval v0.6.2
    Checking ark-ff v0.4.2
    Checking ark-poly v0.5.0
    Checking ctr v0.9.2
    Checking aes v0.8.4
    Checking aead v0.5.2
    Checking ark-poly v0.4.2
    Checking aes-gcm-siv v0.11.1
    Checking ark-ec v0.5.0
    Checking solana-seed-derivable v3.0.0
    Checking merlin v3.0.0
    Checking elliptic-curve v0.13.8
    Checking ark-bn254 v0.5.0
    Checking ark-ec v0.4.2
    Checking rfc6979 v0.4.0
    Checking solana-zk-elgamal-proof-interface v0.1.3
    Checking ecdsa v0.16.9
    Checking ark-bn254 v0.4.0
    Checking anstyle-wincon v3.0.11
    Checking light-poseidon v0.2.0
    Checking spl-discriminator v0.5.2
    Checking k256 v0.13.4
    Checking light-poseidon v0.4.0
    Checking anstyle-query v1.1.5
    Checking errno v0.3.14
    Checking anstream v1.0.0
    Checking solana-poseidon v4.0.0
    Checking solana-sha512-hasher v1.0.1
    Checking signal-hook-registry v1.4.8
    Checking solana-secp256k1-recover v3.1.1
    Checking solana-bn254 v3.2.1
    Checking solana-keccak-hasher v3.1.0
    Checking env_filter v1.0.1
    Checking solana-curve25519 v4.0.1
    Checking solana-curve25519 v3.1.14
    Checking env_logger v0.11.10
    Checking spl-token-confidential-transfer-proof-extraction v0.6.0
    Checking solana-syscalls v4.2.1
    Checking signal-hook v0.3.18
    Checking spl-type-length-value v0.9.1
    Checking solana-zk-sdk v5.0.1
    Checking solana-nonce-account v4.1.1
    Checking solana-system-program v4.2.1
    Checking solana-zk-elgamal-proof-program v4.2.1
    Checking solana-logger v3.0.0
    Checking solana-bpf-loader-program v4.2.1
    Checking spl-token-group-interface v0.7.2
    Checking spl-token-metadata-interface v1.0.1
    Checking solana-vote-program v4.2.1
    Checking solana-compute-budget-program v4.2.1
    Checking mollusk-svm-result v0.15.1
    Checking solana-stake-history v1.0.0
    Checking mollusk-svm-error v0.15.1
    Checking socket2 v0.6.3
    Checking winapi-util v0.1.11
    Checking mollusk-svm v0.15.1
    Checking spl-token-2022-interface v3.1.1
    Checking mio v1.2.0
    Checking tokio v1.52.3
    Checking hopper-svm v0.5.0 (D:\tmp\Hopper-Solana-Zero-copy-State-Framework\crates\hopper-svm)
   Compiling rustls v0.23.45
    Checking rustls-webpki v0.103.15
    Checking termcolor v1.4.1
    Checking trybuild v1.0.116
    Checking tokio-rustls v0.26.4
    Checking hyper v1.9.0
    Checking tower v0.5.3
    Checking hyper-util v0.1.20
    Checking async-compression v0.4.42
    Checking tokio-util v0.7.18
    Checking hyper-rustls v0.27.9
    Checking spl-associated-token-account-interface v2.0.0
    Checking tower-http v0.6.11
    Checking solana-account-decoder-client-types v4.2.1
    Checking spl-token-interface v2.0.0
    Checking solana-transaction-status-client-types v4.2.1
    Checking mollusk-svm-programs-token-2022 v0.15.0
    Checking solana-version v4.2.1
    Checking mollusk-svm-programs-token v0.15.0
    Checking hopper-test v0.4.0 (D:\tmp\Hopper-Solana-Zero-copy-State-Framework\crates\hopper-test)
   Compiling quinn-udp v0.5.14
    Checking solana-rpc-client-types v4.2.1
    Checking windows-sys v0.60.2
    Checking reqwest v0.12.28
    Checking rustls-platform-verifier v0.6.2
    Checking solana-builtins-default-costs v4.2.1
    Checking solana-system-interface v2.0.0
    Checking solana-account v3.4.0
    Checking solana-compute-budget-interface v3.0.0
    Checking solana-metrics v4.2.1
    Checking quinn-proto v0.11.15
    Checking solana-compute-budget-instruction v4.2.1
    Checking reqwest-middleware v0.4.2
    Checking solana-config-interface v2.0.0
    Checking spl-token-interface v3.0.0
    Checking Inflector v0.11.4
    Checking agave-transaction-view v4.2.1
    Checking spl-generic-token v2.0.1
    Checking solana-address-lookup-table-interface v3.1.0
    Checking solana-runtime-transaction v4.2.1
    Checking solana-account-decoder v4.2.1
    Checking quinn v0.11.11
    Checking solana-rpc-client-api v4.2.1
    Checking console v0.16.4
    Checking grillo-manifest v0.1.1 (D:\tmp\Hopper-Solana-Zero-copy-State-Framework\crates\grillo-manifest)
    Checking sha1 v0.10.6
    Checking indicatif v0.18.6
    Checking tungstenite v0.28.0
    Checking solana-net-utils v4.2.1
    Checking agave-votor-messages v4.2.1
    Checking solana-tls-utils v4.2.1
    Checking solana-perf v4.2.1
    Checking solana-connection-cache v4.2.1
    Checking solana-feature-gate-interface v4.0.0
    Checking solana-rpc-client v4.2.1
    Checking tokio-tungstenite v0.28.0
    Checking tokio-stream v0.1.18
    Checking solana-vote v4.2.1
    Checking solana-leader-schedule v4.2.1
    Checking solana-pubsub-client v4.2.1
    Checking solana-client-traits v4.0.0
    Checking solana-streamer v4.2.1
    Checking solana-tpu-client v4.2.1
    Checking solana-rpc-client-nonce-utils v4.2.1
    Checking tempfile v3.27.0
    Checking grillo-verifier v0.1.1 (D:\tmp\Hopper-Solana-Zero-copy-State-Framework\crates\grillo-verifier)
    Checking solana-udp-client v4.2.1
    Checking solana-quic-client v4.2.1
    Checking rusty-fork v0.3.1
    Checking proptest v1.11.0
    Checking solana-client v4.2.1
    Checking hkdf v0.12.4
    Checking windows-sys v0.59.0
    Checking solana-zk-sdk v7.0.1
    Checking dirs-sys v0.5.0
    Checking console v0.15.11
    Checking same-file v1.0.6
    Checking spl-token-confidential-transfer-proof-generation v0.6.1
    Checking spl-elgamal-registry-interface v0.2.1
    Checking agave-reserved-account-keys v4.2.1
    Checking solana-loader-v2-interface v3.0.0
    Checking spl-memo-interface v2.1.0
    Checking dialoguer v0.11.0
    Checking solana-transaction-status v4.2.1
    Checking walkdir v2.5.0
    Checking dirs v6.0.0
    Checking ureq v2.12.1
    Checking hopper-topology v0.1.1 (D:\tmp\Hopper-Solana-Zero-copy-State-Framework\crates\hopper-topology)
    Checking hopper-cicada v0.4.0 (D:\tmp\Hopper-Solana-Zero-copy-State-Framework\examples\hopper-cicada)
    Checking hopper-confidential-lab v0.4.0 (D:\tmp\Hopper-Solana-Zero-copy-State-Framework\examples\hopper-confidential-lab)
    Checking hopper-sentinel v0.4.0 (D:\tmp\Hopper-Solana-Zero-copy-State-Framework\examples\hopper-sentinel)
    Checking hopper-smoke v0.4.0 (D:\tmp\Hopper-Solana-Zero-copy-State-Framework\examples\hopper-smoke)
    Checking hopper-manager v0.5.0 (D:\tmp\Hopper-Solana-Zero-copy-State-Framework\crates\hopper-manager)
    Checking hopper-xp-program-a v0.4.0 (D:\tmp\Hopper-Solana-Zero-copy-State-Framework\examples\cross-program-read\program-a)
    Checking hopper-token-2022-vault v0.4.0 (D:\tmp\Hopper-Solana-Zero-copy-State-Framework\examples\hopper-token-2022-vault)
    Checking hopper-migration v0.4.0 (D:\tmp\Hopper-Solana-Zero-copy-State-Framework\examples\hopper-migration)
    Checking hopper-orderbook v0.4.0 (D:\tmp\Hopper-Solana-Zero-copy-State-Framework\examples\hopper-orderbook)
    Checking hopper-runtime-lab v0.4.0 (D:\tmp\Hopper-Solana-Zero-copy-State-Framework\examples\hopper-runtime-lab)
    Checking hopper-compact-vault v0.4.0 (D:\tmp\Hopper-Solana-Zero-copy-State-Framework\examples\hopper-compact-vault)
    Checking hopper-cicada-canonical-route-fixture v0.4.0 (D:\tmp\Hopper-Solana-Zero-copy-State-Framework\examples\hopper-cicada-canonical-route-fixture)
    Checking hopper-token-lab v0.4.0 (D:\tmp\Hopper-Solana-Zero-copy-State-Framework\examples\hopper-token-lab)
    Checking hopper-finance v0.5.0 (D:\tmp\Hopper-Solana-Zero-copy-State-Framework\crates\hopper-finance)
    Checking hopper-lending v0.5.0 (D:\tmp\Hopper-Solana-Zero-copy-State-Framework\crates\hopper-lending)
    Checking hopper-distribute v0.5.0 (D:\tmp\Hopper-Solana-Zero-copy-State-Framework\crates\hopper-distribute)
    Checking hopper-vesting v0.5.0 (D:\tmp\Hopper-Solana-Zero-copy-State-Framework\crates\hopper-vesting)
    Checking hopper-staking v0.5.0 (D:\tmp\Hopper-Solana-Zero-copy-State-Framework\crates\hopper-staking)
    Checking hopper-xp-devnet-runner v0.4.0 (D:\tmp\Hopper-Solana-Zero-copy-State-Framework\examples\cross-program-read\runner)
    Checking hopper-cli v0.5.0 (D:\tmp\Hopper-Solana-Zero-copy-State-Framework\tools\hopper-cli)
    Checking hopper-cicada-fuzz-adapter v0.0.0 (D:\tmp\Hopper-Solana-Zero-copy-State-Framework\examples\hopper-cicada-fuzz-adapter)
    Checking hopper-confidential-lab-runner v0.4.0 (D:\tmp\Hopper-Solana-Zero-copy-State-Framework\examples\hopper-confidential-lab\runner)
    Checking hopper-escrow v0.4.0 (D:\tmp\Hopper-Solana-Zero-copy-State-Framework\examples\hopper-escrow)
    Checking hopper-tail-lab v0.4.0 (D:\tmp\Hopper-Solana-Zero-copy-State-Framework\examples\hopper-tail-lab)
    Checking hopper-framework-verifier v0.0.0 (D:\tmp\Hopper-Solana-Zero-copy-State-Framework\bench\framework-comparison\verifier)
    Checking hopper-trybuild v0.4.0 (D:\tmp\Hopper-Solana-Zero-copy-State-Framework\tests\hopper-trybuild)
    Checking hopper-vault v0.4.0 (D:\tmp\Hopper-Solana-Zero-copy-State-Framework\examples\hopper-vault)
    Checking hopper-stablecoin-memo-pay v0.4.0 (D:\tmp\Hopper-Solana-Zero-copy-State-Framework\examples\hopper-stablecoin-memo-pay)
    Checking hopper-proc-vault v0.4.0 (D:\tmp\Hopper-Solana-Zero-copy-State-Framework\examples\hopper-proc-vault)
    Checking hopper-argus-guard v0.4.0 (D:\tmp\Hopper-Solana-Zero-copy-State-Framework\examples\hopper-argus-guard)
    Checking hopper-styx-ferry v0.4.0 (D:\tmp\Hopper-Solana-Zero-copy-State-Framework\examples\hopper-styx-ferry)
    Checking hopper-parity-vault v0.4.0 (D:\tmp\Hopper-Solana-Zero-copy-State-Framework\examples\hopper-parity-vault)
    Checking hopper-mint-plan-fixture v0.0.0 (D:\tmp\Hopper-Solana-Zero-copy-State-Framework\bench\mint-plan\program)
    Checking hopper-token-2022-ata v0.4.0 (D:\tmp\Hopper-Solana-Zero-copy-State-Framework\examples\hopper-token-2022-ata)
    Checking hopper-xp-program-b v0.4.0 (D:\tmp\Hopper-Solana-Zero-copy-State-Framework\examples\cross-program-read\program-b)
    Checking hopper-showcase v0.4.0 (D:\tmp\Hopper-Solana-Zero-copy-State-Framework\examples\hopper-showcase)
    Checking hopper-nft-mint v0.4.0 (D:\tmp\Hopper-Solana-Zero-copy-State-Framework\examples\hopper-nft-mint)
    Checking hopper-treasury v0.4.0 (D:\tmp\Hopper-Solana-Zero-copy-State-Framework\examples\hopper-treasury)
    Checking hopper-router v0.1.0 (D:\tmp\Hopper-Solana-Zero-copy-State-Framework\examples\hopper-router)
    Checking hopper-byte-allowance v0.4.0 (D:\tmp\Hopper-Solana-Zero-copy-State-Framework\examples\hopper-byte-allowance)
    Checking hopper-counter v0.4.0 (D:\tmp\Hopper-Solana-Zero-copy-State-Framework\examples\hopper-counter)
    Checking counter-hopper v0.0.0 (D:\tmp\Hopper-Solana-Zero-copy-State-Framework\bench\framework-comparison\programs\counter\hopper)
    Checking hopper-cicada-route-fixture v0.4.0 (D:\tmp\Hopper-Solana-Zero-copy-State-Framework\examples\hopper-cicada-route-fixture)
    Checking hopper-registry v0.4.0 (D:\tmp\Hopper-Solana-Zero-copy-State-Framework\examples\hopper-registry)
    Checking counter-hopper-substrate v0.0.0 (D:\tmp\Hopper-Solana-Zero-copy-State-Framework\bench\framework-comparison\programs\counter\hopper-substrate)
    Checking hopper-devnet-audit v0.4.0 (D:\tmp\Hopper-Solana-Zero-copy-State-Framework\examples\hopper-devnet-audit)
    Checking hopper-external-oracle v0.4.0 (D:\tmp\Hopper-Solana-Zero-copy-State-Framework\examples\hopper-external-oracle)
    Checking hopper-virtual-state v0.4.0 (D:\tmp\Hopper-Solana-Zero-copy-State-Framework\examples\hopper-virtual-state)
    Checking hopper-runtime-gate-fixture v0.0.0 (D:\tmp\Hopper-Solana-Zero-copy-State-Framework\bench\runtime-gate\program)
    Checking hopper-policy-vault v0.4.0 (D:\tmp\Hopper-Solana-Zero-copy-State-Framework\examples\hopper-policy-vault)
    Checking hopper-token-2022-transfer-hook v0.4.0 (D:\tmp\Hopper-Solana-Zero-copy-State-Framework\examples\hopper-token-2022-transfer-hook)
    Checking hopper-pda-boundaries-fixture v0.0.0 (D:\tmp\Hopper-Solana-Zero-copy-State-Framework\bench\pda-boundaries\program)
    Checking hello-hopper-substrate v0.0.0 (D:\tmp\Hopper-Solana-Zero-copy-State-Framework\bench\framework-comparison\programs\hello\hopper-substrate)
    Checking hello-hopper v0.0.0 (D:\tmp\Hopper-Solana-Zero-copy-State-Framework\bench\framework-comparison\programs\hello\hopper)
    Checking hopper-bounded-multisig v0.4.0 (D:\tmp\Hopper-Solana-Zero-copy-State-Framework\examples\hopper-bounded-multisig)
    Checking hopper-canonical-pda-fixture v0.0.0 (D:\tmp\Hopper-Solana-Zero-copy-State-Framework\bench\canonical-pda\program)
    Checking hopper-sdk v0.5.0 (D:\tmp\Hopper-Solana-Zero-copy-State-Framework\crates\hopper-sdk)
    Checking hopper-token-outcomes-fixture v0.0.0 (D:\tmp\Hopper-Solana-Zero-copy-State-Framework\bench\token-outcomes\program)
    Checking hopper-sibling-introspection-fixture v0.0.0 (D:\tmp\Hopper-Solana-Zero-copy-State-Framework\bench\sibling-introspection\program)
    Checking hopper-multisig v0.5.0 (D:\tmp\Hopper-Solana-Zero-copy-State-Framework\crates\hopper-multisig)
    Checking hopper-runtime-lifecycle-fixture v0.0.0 (D:\tmp\Hopper-Solana-Zero-copy-State-Framework\bench\lifecycle\runtime)
    Checking hopper-anchor v0.5.0 (D:\tmp\Hopper-Solana-Zero-copy-State-Framework\crates\hopper-anchor)
    Checking hopper-return-provenance-fixture v0.0.0 (D:\tmp\Hopper-Solana-Zero-copy-State-Framework\bench\return-provenance\program)
    Checking hopper-checked-cpi-fixture v0.0.0 (D:\tmp\Hopper-Solana-Zero-copy-State-Framework\bench\checked-cpi\program)
    Checking hopper-native-lifecycle-fixture v0.0.0 (D:\tmp\Hopper-Solana-Zero-copy-State-Framework\bench\lifecycle\native)
    Checking hopper-builtins v0.4.0 (D:\tmp\Hopper-Solana-Zero-copy-State-Framework\crates\hopper-builtins)
    Finished `dev` profile [unoptimized] target(s) in 5m 26s
