   Compiling proc-macro2 v1.0.106
   Compiling quote v1.0.45
   Compiling unicode-ident v1.0.24
   Compiling version_check v0.9.5
   Compiling generic-array v0.14.7
   Compiling syn v2.0.117
   Compiling winnow v1.0.3
   Compiling hashbrown v0.17.1
   Compiling equivalent v1.0.2
   Compiling indexmap v2.14.0
   Compiling toml_parser v1.1.2+spec-1.1.0
   Compiling toml_datetime v1.1.1+spec-1.1.0
   Compiling cfg_aliases v0.2.1
   Compiling toml_edit v0.25.11+spec-1.1.0
   Compiling proc-macro-crate v3.5.0
   Compiling borsh v1.8.0
   Compiling typenum v1.20.0
   Compiling once_cell v1.21.4
   Compiling borsh-derive v1.8.0
   Compiling crypto-common v0.1.7
   Compiling block-buffer v0.10.4
   Compiling bytemuck_derive v1.10.2
   Compiling digest v0.10.7
   Compiling bytemuck v1.25.0
   Compiling serde_core v1.0.228
   Compiling cpufeatures v0.2.17
   Compiling semver v1.0.28
   Compiling rustc_version v0.4.1
   Compiling serde v1.0.228
   Compiling curve25519-dalek v4.1.3
   Compiling solana-program-error v3.0.1
   Compiling serde_derive v1.0.228
   Compiling sha2 v0.10.9
   Compiling curve25519-dalek-derive v0.1.1
   Compiling zeroize v1.8.2
   Compiling rand_core v0.6.4
   Compiling solana-hash v4.5.0
   Compiling subtle v2.6.1
   Compiling five8_core v1.0.0
   Compiling solana-sha256-hasher v3.1.0
   Compiling solana-nullable v1.3.0
   Compiling five8 v1.0.0
   Compiling five8_const v1.0.0
   Compiling solana-atomic-u64 v3.0.1
   Compiling sha2-const-stable v0.1.0
   Compiling solana-sanitize v3.0.1
   Compiling libm v0.2.16
   Compiling solana-address v2.6.1
   Compiling num-traits v0.2.19
   Compiling thiserror v2.0.18
   Compiling thiserror-impl v2.0.18
   Compiling thiserror v1.0.69
   Compiling solana-instruction-error v2.5.0
   Compiling solana-pubkey v4.2.1
   Compiling thiserror-impl v1.0.69
   Compiling cfg-if v1.0.4
   Compiling rustversion v1.0.22
   Compiling solana-instruction v3.4.0
   Compiling spl-discriminator-syn v0.2.1
   Compiling num-derive v0.4.2
   Compiling solana-program-memory v3.1.0
   Compiling solana-account-info v3.1.1
   Compiling spl-discriminator-derive v0.2.0
   Compiling solana-sdk-ids v3.1.0
   Compiling num_enum_derive v0.7.6
   Compiling spl-discriminator v0.5.2
   Compiling solana-address v1.1.0
   Compiling solana-zero-copy v1.2.0
   Compiling num_enum v0.7.6
   Compiling windows-link v0.2.1
   Compiling base64 v0.22.1
   Compiling windows-sys v0.61.2
   Compiling solana-zk-sdk-pod v0.1.2
   Compiling solana-pubkey v3.0.0
   Compiling solana-sysvar-id v3.1.0
   Compiling solana-serialize-utils v3.1.2
   Compiling tempfile v3.27.0
   Compiling solana-instructions-sysvar v3.0.0
   Compiling solana-zk-elgamal-proof-interface v0.1.3
   Compiling spl-type-length-value v0.9.1
   Compiling solana-curve25519 v3.1.14
   Compiling solana-borsh v3.0.2
   Compiling solana-msg v3.1.0
   Compiling rusty-fork v0.3.1
   Compiling spl-token-confidential-transfer-proof-extraction v0.6.0
   Compiling spl-token-metadata-interface v1.0.1
   Compiling spl-token-group-interface v0.7.2
   Compiling solana-program-pack v3.1.0
   Compiling hopper-runtime v0.4.5 (D:\tmp\Hopper-Solana-Zero-copy-State-Framework\crates\hopper-runtime)
   Compiling solana-program-option v3.1.0
   Compiling arrayref v0.3.9
   Compiling spl-token-2022-interface v3.1.1
   Compiling proptest v1.11.0
   Compiling hopper-native v0.4.4 (D:\tmp\Hopper-Solana-Zero-copy-State-Framework\crates\hopper-native)
    Finished `test` profile [unoptimized] target(s) in 4m 41s
     Running unittests src\lib.rs (target\miri\x86_64-pc-windows-msvc\debug\deps\hopper_runtime-48f8f3ef0c42bc04.exe)

running 6 tests
test token_batch::tests::a_batch_lays_out_headers_data_and_accounts_in_push_order ... ok
test token_batch::tests::a_batch_refuses_a_self_transfer_but_reuses_accounts_between_instructions ... ok
test token_batch::tests::a_multisig_push_appends_the_signers_after_the_fixed_accounts ... ok
test token_batch::tests::a_push_that_overflows_leaves_the_batch_unchanged ... ok
test token_batch::tests::custom_instruction_failure_rolls_back_all_emitted_instructions ... ok
test token_batch::tests::writable_trailing_alias_is_refused_even_for_distinct_views ... ok

test result: ok. 6 passed; 0 failed; 0 ignored; 0 measured; 370 filtered out; finished in 3.01s

