   Compiling hopper-runtime v0.4.5 (D:\tmp\Hopper-Solana-Zero-copy-State-Framework\crates\hopper-runtime)
   Compiling hopper-token v0.4.0 (D:\tmp\Hopper-Solana-Zero-copy-State-Framework\crates\hopper-spl\hopper-token)
   Compiling hopper-system v0.4.0 (D:\tmp\Hopper-Solana-Zero-copy-State-Framework\crates\hopper-system)
   Compiling hopper-systems v0.4.0 (D:\tmp\Hopper-Solana-Zero-copy-State-Framework\crates\hopper-core)
   Compiling hopper-solana v0.4.1 (D:\tmp\Hopper-Solana-Zero-copy-State-Framework\crates\hopper-solana)
   Compiling hopper-token-2022 v0.4.0 (D:\tmp\Hopper-Solana-Zero-copy-State-Framework\crates\hopper-spl\hopper-token-2022)
    Finished `test` profile [unoptimized] target(s) in 1m 39s
     Running unittests src\lib.rs (target\debug\deps\hopper_token_2022-b452ec033d5544e3.exe)

running 12 tests
test hook::tests::rejects_count_overrunning_buffer ... ok
test hook::tests::account_data_seed_is_unsupported ... ok
test hook::tests::rejects_truncated_buffer ... ok
test layout::tests::mint_to_golden ... ok
test layout::tests::transfer_golden ... ok
test layout::tests::approve_golden ... ok
test hook::tests::failed_resolution_preserves_existing_output ... ok
test hook::tests::selects_execute_and_never_reads_entries_past_its_tlv_length ... ok
test layout::tests::single_byte_golden ... ok
test hook::tests::malformed_seed_shapes_return_errors_instead_of_panicking ... ok
test hook::tests::unpacks_count_and_literal_entry ... ok
test layout::tests::burn_golden ... ok

test result: ok. 12 passed; 0 failed; 0 ignored; 0 measured; 0 filtered out; finished in 0.00s

     Running tests\mint_plan.rs (target\debug\deps\mint_plan-64f32b89cbe3d1be.exe)

running 3 tests
test plans_reject_duplicates_invalid_fees_and_ambiguous_nullable_addresses ... ok
test wire_bytes_match_canonical_instruction_constructors ... ok
test every_supported_extension_subset_has_canonical_space ... ok

test result: ok. 3 passed; 0 failed; 0 ignored; 0 measured; 0 filtered out; finished in 0.00s

   Doc-tests hopper_token_2022

running 0 tests

test result: ok. 0 passed; 0 failed; 0 ignored; 0 measured; 0 filtered out; finished in 0.00s

