-- hopper tx send --
rpc       : https://api.devnet.solana.com
program   : GsZCxAwhE3vYHQVVihjQyhFqXjx1Tcopdm3NCfjms6qR
data      : 1 bytes (0x02)
accounts  : 7 slots
  [0] 9cMB3xuVF8hGqfX3UHaLYVALTaAPhGgxtpSnQmyFH73T sw
  [1] D2k5vzZfaSN9K63UYC8saYc5M8gHNgaEMW7NkqqTNUE3 -w
  [2] 7MbNR12nhAdyqFfy88ykRFhUVdpDM6KsKmMfDhqWd3ZJ --
  [3] EDs7hkwkEmRmHiAK6S7BHaqUiuS3ypJ4as5zvXsE4w4H -w
  [4] 9mCJL7mg9wcHQkRm2c38LUNCZ8x8tYHmR75Jj6DmtEWo --
  [5] 3NVFworpenGdAFzrepBxdVA78FActjcNJAKgEaDzQ3SG -w
  [6] TokenkegQfeZyiNwAJbNbGKPFXCWuBvf9Ss623VQ5DA --
signers   : payer 4sbBUbY71JFeA4kJckBmNnTADiFu4jtu84Gzev52ZEhn, 9cMB3xuVF8hGqfX3UHaLYVALTaAPhGgxtpSnQmyFH73T
envelope  : legacy
wire      : 465/1232 bytes (legacy)

signature : 2DCzcrbDS3TYM1gvBaX1NSXNqxoBnkUXFSke9qj5hyZhw2SXPYAY4yr28Fx73RXBKJPCViN7vVpWJdBRxwYYELJe
confirmed : yes
program   : Ok
compute   : 4118 CU
fee       : 10000 lamports

explain it: hopper tx explain 2DCzcrbDS3TYM1gvBaX1NSXNqxoBnkUXFSke9qj5hyZhw2SXPYAY4yr28Fx73RXBKJPCViN7vVpWJdBRxwYYELJe --rpc https://api.devnet.solana.com
