-- hopper tx send --
rpc       : https://api.devnet.solana.com
program   : GsZCxAwhE3vYHQVVihjQyhFqXjx1Tcopdm3NCfjms6qR
data      : 2 bytes (0x0200)
accounts  : 7 slots
  [0] 9cMB3xuVF8hGqfX3UHaLYVALTaAPhGgxtpSnQmyFH73T sw
  [1] D2k5vzZfaSN9K63UYC8saYc5M8gHNgaEMW7NkqqTNUE3 -w
  [2] 7MbNR12nhAdyqFfy88ykRFhUVdpDM6KsKmMfDhqWd3ZJ --
  [3] EDs7hkwkEmRmHiAK6S7BHaqUiuS3ypJ4as5zvXsE4w4H -w
  [4] 9mCJL7mg9wcHQkRm2c38LUNCZ8x8tYHmR75Jj6DmtEWo --
  [5] 3NVFworpenGdAFzrepBxdVA78FActjcNJAKgEaDzQ3SG -w
  [6] TokenkegQfeZyiNwAJbNbGKPFXCWuBvf9Ss623VQ5DA --
signers   : payer 4sbBUbY71JFeA4kJckBmNnTADiFu4jtu84Gzev52ZEhn, 9cMB3xuVF8hGqfX3UHaLYVALTaAPhGgxtpSnQmyFH73T
envelope  : legacy
preflight : skipped (--allow-failure; an on-chain refusal will land)
wire      : 466/1232 bytes (legacy)

signature : 3PLW7brudYtLGqxrSSnarhuSfqaivYXJDBCYGdNtMc6vAENpJW1xg8Yi5mCcG9vRdwLTwCFKyHWNjYx8W93R55W6
confirmed : yes
program   : REFUSED: {"InstructionError":[0,"InvalidInstructionData"]}
compute   : 695 CU
fee       : 10000 lamports

explain it: hopper tx explain 3PLW7brudYtLGqxrSSnarhuSfqaivYXJDBCYGdNtMc6vAENpJW1xg8Yi5mCcG9vRdwLTwCFKyHWNjYx8W93R55W6 --rpc https://api.devnet.solana.com
