-- hopper tx send --
rpc       : https://api.devnet.solana.com
program   : GsZCxAwhE3vYHQVVihjQyhFqXjx1Tcopdm3NCfjms6qR
data      : 17 bytes (0x00e803000000000000d007000000000000)
accounts  : 10 slots
  [0] 9cMB3xuVF8hGqfX3UHaLYVALTaAPhGgxtpSnQmyFH73T sw
  [1] 6KSDGv4nJQZ4apxd6kTRzUFMuPNGg4DZDW1HUPaRiWbz sw
  [2] 2K6bbQecMEs7whJkkR98EoHUukXK1xrZntpamEdG5dYb --
  [3] 9mKwsuatZKpSMckadUk4dYQf6CW8urAo6KcoRCZKJdbn sw
  [4] 9mCJL7mg9wcHQkRm2c38LUNCZ8x8tYHmR75Jj6DmtEWo --
  [5] 85YBDpwpcpXUe2HHBSTV6x2cPE6ATxGNUXTbFkFgTrpx --
  [6] 3NVFworpenGdAFzrepBxdVA78FActjcNJAKgEaDzQ3SG -w
  [7] FW5qbghF8hr6bDkzvg5EeRA9wWqiicXiMsMShZffTzMh --
  [8] TokenkegQfeZyiNwAJbNbGKPFXCWuBvf9Ss623VQ5DA --
  [9] 11111111111111111111111111111111 --
signers   : payer 4sbBUbY71JFeA4kJckBmNnTADiFu4jtu84Gzev52ZEhn, 9cMB3xuVF8hGqfX3UHaLYVALTaAPhGgxtpSnQmyFH73T, 6KSDGv4nJQZ4apxd6kTRzUFMuPNGg4DZDW1HUPaRiWbz, 9mKwsuatZKpSMckadUk4dYQf6CW8urAo6KcoRCZKJdbn
envelope  : legacy
preflight : skipped (--allow-failure; an on-chain refusal will land)
wire      : 708/1232 bytes (legacy)

signature : p1MZg2t6AEyFxb5T5UAFv7nVZKvzh2qzkteNAuXJWCsWvuAEyvv5Ac7MvqHV2jC5KJjRBN8XgSgYmMrfcVejiPg
confirmed : yes
program   : REFUSED: {"InstructionError":[0,"AccountAlreadyInitialized"]}
compute   : 1143 CU
fee       : 20000 lamports

explain it: hopper tx explain p1MZg2t6AEyFxb5T5UAFv7nVZKvzh2qzkteNAuXJWCsWvuAEyvv5Ac7MvqHV2jC5KJjRBN8XgSgYmMrfcVejiPg --rpc https://api.devnet.solana.com
