-- hopper tx send --
rpc       : https://api.devnet.solana.com
program   : 3ZhgEZzjCaoEHVUyYkHKWcYnqf4F1ND4vjRDDbb1JZdT
data      : 17 bytes (0x00e803000000000000d007000000000000)
accounts  : 10 slots
  [0] bZM5dJyD5bez2mtsLsUtmvvnFP9SwwcLgMfz5m9VDDV sw
  [1] 8DahqgCBDDuoVrWcFpWQQj9Z7DrhkGhpnesag1Cs66LJ sw
  [2] 9vW48dq6LaixfdMjBir555vhazwqc9fYhNS4Fmzv1pbt --
  [3] Eez3fTxhRnqNWeESWxKsgxNiNQTRvCgWue7obRVBt81Z sw
  [4] 5Xow4rRvA3mF4ytRtaFW6Eti8WTKbZouRkUWg2swAYos --
  [5] CWSU91JRkMMDTdNaZQXeYSqGtsqFEbFmPmJ6c2SLK7cb --
  [6] Bot9Xq8MgfpjCo9HLLvjaJpnvdibEG7Uwu4BG5ZbqWqd -w
  [7] GWVXGjmuRLXwStRbHbxbhjfJszBQLSVfHKiLaa8FBM6c --
  [8] TokenkegQfeZyiNwAJbNbGKPFXCWuBvf9Ss623VQ5DA --
  [9] 11111111111111111111111111111111 --
signers   : payer 4sbBUbY71JFeA4kJckBmNnTADiFu4jtu84Gzev52ZEhn, bZM5dJyD5bez2mtsLsUtmvvnFP9SwwcLgMfz5m9VDDV, 8DahqgCBDDuoVrWcFpWQQj9Z7DrhkGhpnesag1Cs66LJ, Eez3fTxhRnqNWeESWxKsgxNiNQTRvCgWue7obRVBt81Z
envelope  : legacy
wire      : 708/1232 bytes (legacy)

signature : 3v63EjaqkngFASC9emhhZtxiUbF8iCgvwkXEEEBYKCNox4EB9PyEuQ8wUeA22g2VDJmTfFM6Rs17qJJiFpBnDQhE
confirmed : yes
program   : Ok
compute   : 7873 CU
fee       : 20000 lamports

explain it: hopper tx explain 3v63EjaqkngFASC9emhhZtxiUbF8iCgvwkXEEEBYKCNox4EB9PyEuQ8wUeA22g2VDJmTfFM6Rs17qJJiFpBnDQhE --rpc https://api.devnet.solana.com
