-- hopper tx send --
rpc       : https://api.devnet.solana.com
program   : 3ZhgEZzjCaoEHVUyYkHKWcYnqf4F1ND4vjRDDbb1JZdT
data      : 1 bytes (0x02)
accounts  : 7 slots
  [0] FH5oNRhuCwHqGYWVj9xvHepwyTqp6kYTa9hJ97V1T3TU sw
  [1] 8DahqgCBDDuoVrWcFpWQQj9Z7DrhkGhpnesag1Cs66LJ -w
  [2] 9vW48dq6LaixfdMjBir555vhazwqc9fYhNS4Fmzv1pbt --
  [3] Eez3fTxhRnqNWeESWxKsgxNiNQTRvCgWue7obRVBt81Z -w
  [4] 5Xow4rRvA3mF4ytRtaFW6Eti8WTKbZouRkUWg2swAYos --
  [5] Bot9Xq8MgfpjCo9HLLvjaJpnvdibEG7Uwu4BG5ZbqWqd -w
  [6] TokenkegQfeZyiNwAJbNbGKPFXCWuBvf9Ss623VQ5DA --
signers   : payer 4sbBUbY71JFeA4kJckBmNnTADiFu4jtu84Gzev52ZEhn, FH5oNRhuCwHqGYWVj9xvHepwyTqp6kYTa9hJ97V1T3TU
envelope  : legacy
preflight : skipped (--allow-failure; an on-chain refusal will land)
wire      : 465/1232 bytes (legacy)

signature : YNZz4JYkSdEM1yBqnptayPRWoiEKp4Fs5mHcvJi8jDxyEdDu7N1u6bZc8fBwqzZhaYJ8MMFX3YrZWjrFYY3RCVb
confirmed : yes
program   : REFUSED: {"InstructionError":[0,"InvalidAccountData"]}
compute   : 223 CU
fee       : 10000 lamports

explain it: hopper tx explain YNZz4JYkSdEM1yBqnptayPRWoiEKp4Fs5mHcvJi8jDxyEdDu7N1u6bZc8fBwqzZhaYJ8MMFX3YrZWjrFYY3RCVb --rpc https://api.devnet.solana.com
