-- hopper tx send --
rpc       : https://api.devnet.solana.com
program   : BxaSZUsqMYwYvmBi4N3s5tAH2mAUPCmNQqiUzgdvVE5R
data      : 25 bytes (0x00640000000000000001000000000000006300000000000000)
accounts  : 5 slots
  [0] EgmTTR5nkHG1d4GXYqMfg8w9aUpCoRXgKY5W6ZUnY2Vj -w
  [1] Eaumq32wdRWgA9shLgbir8gFrUVUSxCpvqSbp3ZTwWLn --
  [2] F9SzwzYhEWtkrMn7cBZ3Ba78NmPgjW18M62GBtwCzfNw -w
  [3] 4sbBUbY71JFeA4kJckBmNnTADiFu4jtu84Gzev52ZEhn s-
  [4] TokenkegQfeZyiNwAJbNbGKPFXCWuBvf9Ss623VQ5DA --
signers   : payer 4sbBUbY71JFeA4kJckBmNnTADiFu4jtu84Gzev52ZEhn
envelope  : legacy
preflight : skipped (--allow-failure; an on-chain refusal will land)
wire      : 327/1232 bytes (legacy)

signature : 3NHx5hcdKUrFTikhJyyTH9JYWKNriHDs66UukS4Q7spvBhmFwtJR7cNhaTeC67dUyfgKQUNyHfGTqNP8NRZp1DXS
confirmed : yes
program   : REFUSED: {"InstructionError":[0,"InvalidAccountData"]}
compute   : 1906 CU
fee       : 5000 lamports

explain it: hopper tx explain 3NHx5hcdKUrFTikhJyyTH9JYWKNriHDs66UukS4Q7spvBhmFwtJR7cNhaTeC67dUyfgKQUNyHfGTqNP8NRZp1DXS --rpc https://api.devnet.solana.com
