-- hopper tx send --
rpc       : https://api.devnet.solana.com
program   : BxaSZUsqMYwYvmBi4N3s5tAH2mAUPCmNQqiUzgdvVE5R
data      : 25 bytes (0x00640000000000000065000000000000006400000000000000)
accounts  : 5 slots
  [0] EgmTTR5nkHG1d4GXYqMfg8w9aUpCoRXgKY5W6ZUnY2Vj -w
  [1] Eaumq32wdRWgA9shLgbir8gFrUVUSxCpvqSbp3ZTwWLn --
  [2] F9SzwzYhEWtkrMn7cBZ3Ba78NmPgjW18M62GBtwCzfNw -w
  [3] 4sbBUbY71JFeA4kJckBmNnTADiFu4jtu84Gzev52ZEhn s-
  [4] TokenkegQfeZyiNwAJbNbGKPFXCWuBvf9Ss623VQ5DA --
signers   : payer 4sbBUbY71JFeA4kJckBmNnTADiFu4jtu84Gzev52ZEhn
envelope  : legacy
preflight : skipped (--allow-failure; an on-chain refusal will land)
wire      : 327/1232 bytes (legacy)

signature : 4wBMdJZP9bdVvP4gGvvB4728xySqmyfTGFNNa2CB2jmQauCaNquBtXnPbXn1hFJjEm24MUzjccmkcPPzsPebPRGF
confirmed : yes
program   : REFUSED: {"InstructionError":[0,"InvalidArgument"]}
compute   : 108 CU
fee       : 5000 lamports

explain it: hopper tx explain 4wBMdJZP9bdVvP4gGvvB4728xySqmyfTGFNNa2CB2jmQauCaNquBtXnPbXn1hFJjEm24MUzjccmkcPPzsPebPRGF --rpc https://api.devnet.solana.com
