-- hopper tx send --
rpc       : https://api.devnet.solana.com
program   : BxaSZUsqMYwYvmBi4N3s5tAH2mAUPCmNQqiUzgdvVE5R
data      : 25 bytes (0x00640000000000000001000000000000006400000000000000)
accounts  : 5 slots
  [0] HZjKVRiG3zMPoBApVwQb7Qu3vx359KdguXa7NUgJtLL5 -w
  [1] 8o8WXwuHk7smsgso414jQJWJa1CSpjE7SffaBLfSvisG --
  [2] HZjKVRiG3zMPoBApVwQb7Qu3vx359KdguXa7NUgJtLL5 -w
  [3] 4sbBUbY71JFeA4kJckBmNnTADiFu4jtu84Gzev52ZEhn s-
  [4] TokenzQdBNbLqP5VEhdkAS6EPFLC1PHnBqCXEpPxuEb --
signers   : payer 4sbBUbY71JFeA4kJckBmNnTADiFu4jtu84Gzev52ZEhn
envelope  : legacy
preflight : skipped (--allow-failure; an on-chain refusal will land)
wire      : 295/1232 bytes (legacy)

signature : 2ckhQjogttz1m5SHbK3uStaDvehdRVuWDcUaoEWtELQMh3Z1zz1aAMJzZqDzb7YVWfEhGHDWFiTEfdM8TgdqiL8P
confirmed : yes
program   : REFUSED: {"InstructionError":[0,"InvalidArgument"]}
compute   : 122 CU
fee       : 5000 lamports

explain it: hopper tx explain 2ckhQjogttz1m5SHbK3uStaDvehdRVuWDcUaoEWtELQMh3Z1zz1aAMJzZqDzb7YVWfEhGHDWFiTEfdM8TgdqiL8P --rpc https://api.devnet.solana.com
