-- hopper tx send --
rpc       : https://api.devnet.solana.com
program   : BxaSZUsqMYwYvmBi4N3s5tAH2mAUPCmNQqiUzgdvVE5R
data      : 25 bytes (0x00640000000000000001000000000000006500000000000000)
accounts  : 5 slots
  [0] HZjKVRiG3zMPoBApVwQb7Qu3vx359KdguXa7NUgJtLL5 -w
  [1] 8o8WXwuHk7smsgso414jQJWJa1CSpjE7SffaBLfSvisG --
  [2] 2kv6beG9iku5iWgZBH3NrmnuWKJBbKKgstVCEvL4tq3R -w
  [3] 4sbBUbY71JFeA4kJckBmNnTADiFu4jtu84Gzev52ZEhn s-
  [4] TokenzQdBNbLqP5VEhdkAS6EPFLC1PHnBqCXEpPxuEb --
signers   : payer 4sbBUbY71JFeA4kJckBmNnTADiFu4jtu84Gzev52ZEhn
envelope  : legacy
preflight : skipped (--allow-failure; an on-chain refusal will land)
wire      : 327/1232 bytes (legacy)

signature : 58Y69x47PfoxWzdUAHAQnsL7hhrepy4NmzQ3kDNninrYLny3D2eGbyd2eEv48yvS9TVXRpNH3rc1So8kPCaFsRjR
confirmed : yes
program   : REFUSED: {"InstructionError":[0,"InvalidAccountData"]}
compute   : 5077 CU
fee       : 5000 lamports

explain it: hopper tx explain 58Y69x47PfoxWzdUAHAQnsL7hhrepy4NmzQ3kDNninrYLny3D2eGbyd2eEv48yvS9TVXRpNH3rc1So8kPCaFsRjR --rpc https://api.devnet.solana.com
