   Compiling unicode-ident v1.0.24
   Compiling semver v1.0.28
    Checking cfg-if v1.0.4
    Checking serde_core v1.0.228
   Compiling proc-macro2 v1.0.106
    Checking hopper-native v0.5.0 (D:\tmp\Hopper-Solana-Zero-copy-State-Framework\crates\hopper-native)
   Compiling rustc_version v0.4.1
   Compiling quote v1.0.45
   Compiling hopper-runtime v0.5.0 (D:\tmp\Hopper-Solana-Zero-copy-State-Framework\crates\hopper-runtime)
   Compiling syn v2.0.117
    Checking getrandom v0.2.17
   Compiling bs58 v0.5.1
    Checking typenum v1.20.0
    Checking rand_core v0.6.4
    Checking subtle v2.6.1
    Checking zerocopy v0.8.48
    Checking const-oid v0.9.6
   Compiling block-buffer v0.10.4
    Checking hopper-systems v0.5.0 (D:\tmp\Hopper-Solana-Zero-copy-State-Framework\crates\hopper-core)
   Compiling digest v0.10.7
    Checking ppv-lite86 v0.2.21
   Compiling cpufeatures v0.2.17
   Compiling sha2 v0.10.9
    Checking getrandom v0.3.4
    Checking memchr v2.8.0
   Compiling curve25519-dalek-derive v0.1.1
   Compiling serde_derive v1.0.228
   Compiling zeroize_derive v1.4.3
   Compiling thiserror-impl v2.0.18
    Checking hopper-system v0.5.0 (D:\tmp\Hopper-Solana-Zero-copy-State-Framework\crates\hopper-system)
    Checking hopper-schema v0.5.0 (D:\tmp\Hopper-Solana-Zero-copy-State-Framework\crates\hopper-schema)
    Checking zeroize v1.8.2
    Checking generic-array v0.14.7
    Checking crypto-common v0.1.7
    Checking thiserror v2.0.18
    Checking libm v0.2.16
    Checking hopper-token v0.5.0 (D:\tmp\Hopper-Solana-Zero-copy-State-Framework\crates\hopper-spl\hopper-token)
    Checking hopper-solana v0.5.0 (D:\tmp\Hopper-Solana-Zero-copy-State-Framework\crates\hopper-solana)
    Checking rand_core v0.9.5
   Compiling curve25519-dalek v4.1.3
    Checking num-traits v0.2.19
   Compiling darling_core v0.23.0
    Checking serde v1.0.228
    Checking rand_chacha v0.9.0
   Compiling hashbrown v0.17.1
    Checking rand v0.9.4
   Compiling equivalent v1.0.2
   Compiling bytemuck_derive v1.10.2
   Compiling indexmap v2.14.0
   Compiling zmij v1.0.21
   Compiling toml_edit v0.25.11+spec-1.1.0
   Compiling wincode v0.5.5
   Compiling itoa v1.0.18
   Compiling serde_json v1.0.151
    Checking bytemuck v1.25.0
   Compiling darling_macro v0.23.0
   Compiling proc-macro-crate v3.5.0
   Compiling darling v0.23.0
   Compiling wincode-derive v0.4.6
    Checking bv v0.11.1
    Checking hopper-token-2022 v0.5.0 (D:\tmp\Hopper-Solana-Zero-copy-State-Framework\crates\hopper-spl\hopper-token-2022)
    Checking hopper-macros v0.5.0 (D:\tmp\Hopper-Solana-Zero-copy-State-Framework\crates\hopper-macros)
    Checking hopper-associated-token v0.5.0 (D:\tmp\Hopper-Solana-Zero-copy-State-Framework\crates\hopper-spl\hopper-associated-token)
    Checking hopper-metaplex v0.5.0 (D:\tmp\Hopper-Solana-Zero-copy-State-Framework\crates\hopper-spl\hopper-metaplex)
    Checking hopper-memo v0.5.0 (D:\tmp\Hopper-Solana-Zero-copy-State-Framework\crates\hopper-memo)
    Checking five8_core v1.0.0
   Compiling once_cell v1.21.4
    Checking five8 v1.0.0
    Checking solana-sanitize v3.0.1
   Compiling borsh-derive v1.8.0
    Checking windows-link v0.2.1
    Checking solana-atomic-u64 v3.0.1
   Compiling hopper-derive v0.5.0 (D:\tmp\Hopper-Solana-Zero-copy-State-Framework\crates\hopper-macros-proc)
    Checking windows-sys v0.61.2
    Checking solana-hash v4.5.0
    Checking solana-sha256-hasher v3.1.0
    Checking five8_const v1.0.0
    Checking sha2-const-stable v0.1.0
    Checking borsh v1.8.0
    Checking solana-program-error v3.0.1
    Checking solana-nullable v1.3.0
    Checking solana-instruction-error v2.5.0
    Checking solana-address v2.6.1
   Compiling jobserver v0.1.34
    Checking solana-pubkey v4.2.1
    Checking solana-sdk-ids v3.1.0
   Compiling cc v1.2.62
    Checking bincode v1.3.3
    Checking solana-instruction v3.4.0
    Checking log v0.4.33
    Checking solana-sysvar-id v3.1.0
    Checking base64 v0.22.1
    Checking rand_chacha v0.3.1
    Checking bitflags v2.11.1
    Checking rand v0.8.6
    Checking solana-program-memory v3.1.0
    Checking solana-account-info v3.1.1
    Checking solana-get-sysvar v1.0.0
   Compiling solana-sdk-macro v3.0.1
    Checking signature v2.2.0
    Checking either v1.15.0
    Checking lazy_static v1.5.0
    Checking ed25519 v2.2.3
    Checking solana-transaction-error v3.3.1
    Checking ed25519-dalek v2.2.0
    Checking serde-big-array v0.5.1
    Checking arrayref v0.3.9
    Checking solana-signature v3.4.1
    Checking arrayvec v0.7.6
    Checking solana-signer v3.0.1
    Checking solana-serialize-utils v3.1.2
    Checking solana-clock v3.1.1
    Checking solana-epoch-schedule v3.2.0
    Checking num-integer v0.1.46
    Checking hmac v0.12.1
    Checking solana-msg v3.1.0
    Checking solana-rent v4.3.0
    Checking solana-slot-hashes v3.1.0
    Checking solana-fee-calculator v3.2.2
    Checking solana-define-syscall v4.0.1
    Checking solana-last-restart-slot v3.0.1
    Checking solana-program-entrypoint v3.1.1
    Checking solana-epoch-rewards v3.1.0
    Checking solana-slot-history v3.0.1
    Checking hybrid-array v0.4.12
    Checking serde_bytes v0.11.19
    Checking solana-sysvar v4.0.0
    Checking solana-short-vec v3.2.2
    Checking cmov v0.5.3
    Checking ahash v0.8.12
    Checking crypto-common v0.2.2
    Checking ctutils v0.4.2
    Checking block-buffer v0.12.0
   Compiling blake3 v1.8.5
   Compiling qualifier_attr v0.2.2
    Checking digest v0.11.3
    Checking constant_time_eq v0.4.2
    Checking cpufeatures v0.3.0
    Checking pbkdf2 v0.11.0
    Checking byteorder v1.5.0
    Checking solana-seed-phrase v3.0.0
   Compiling num-derive v0.4.2
    Checking solana-account v4.3.1
    Checking libc v0.2.186
   Compiling thiserror-impl v1.0.69
    Checking percent-encoding v2.3.2
    Checking winapi v0.3.9
    Checking solana-message v4.4.1
    Checking solana-svm-feature-set v4.2.1
    Checking void v1.0.2
    Checking unreachable v1.0.0
    Checking solana-system-interface v3.2.0
    Checking ascii v0.9.3
    Checking solana-transaction v4.1.4
    Checking solana-keypair v3.1.2
    Checking combine v3.8.1
    Checking hash32 v0.3.1
    Checking rustc-demangle v0.1.27
    Checking solana-instructions-sysvar v4.0.0
    Checking regex-syntax v0.8.10
    Checking num-bigint v0.4.6
    Checking solana-address v1.1.0
   Compiling serde_with_macros v3.20.0
    Checking solana-pubkey v3.0.0
   Compiling cfg_eval v0.1.2
    Checking solana-sbpf v0.21.1
    Checking solana-transaction-context v4.2.1
    Checking itertools v0.14.0
    Checking solana-cpi v3.1.0
    Checking tap v1.0.1
    Checking solana-stake-interface v4.3.0
    Checking wyz v0.5.1
    Checking serde_with v3.20.0
    Checking radium v0.7.0
    Checking solana-loader-v3-interface v7.0.0
    Checking funty v2.0.0
    Checking agave-feature-set v4.2.1
    Checking solana-svm-transaction v4.2.0
    Checking bitvec v1.1.1
    Checking num-bigint v0.2.6
    Checking num-complex v0.2.4
    Checking hopper-lang v0.5.0 (D:\tmp\Hopper-Solana-Zero-copy-State-Framework)
    Checking num-iter v0.1.45
   Compiling enum-iterator-derive v1.5.0
    Checking num-rational v0.2.4
    Checking rand_xorshift v0.3.0
    Checking num_cpus v1.17.0
    Checking num v0.2.1
    Checking solana-svm-type-overrides v4.2.1
    Checking solana-precompile-error v3.0.0
    Checking eager v0.1.0
    Checking solana-svm-callback v4.2.1
    Checking percentage v0.1.0
    Checking solana-svm-log-collector v4.2.1
    Checking solana-stable-layout v3.0.1
    Checking solana-serde-varint v3.0.1
    Checking solana-svm-measure v4.2.1
    Checking solana-fee-structure v3.0.0
    Checking solana-packet v4.1.0
    Checking solana-instructions-sysvar v3.0.0
   Compiling glob v0.3.3
    Checking thiserror v1.0.69
    Checking threadpool v1.8.1
    Checking aho-corasick v1.1.4
   Compiling blst v0.3.16
    Checking ff v0.13.1
    Checking group v0.13.0
    Checking pairing v0.23.0
    Checking byte-slice-cast v1.2.3
    Checking enum-iterator v2.3.0
    Checking fnv v1.0.7
    Checking regex-automata v0.4.14
    Checking solana-vote-interface v6.0.3
    Checking solana-nonce v3.2.1
    Checking solana-svm-timings v4.2.1
    Checking solana-program-runtime v4.2.1
    Checking solana-bincode v3.1.0
   Compiling num_enum_derive v0.7.6
    Checking regex v1.12.3
    Checking solana-compute-budget v4.2.1
   Compiling syn v1.0.109
    Checking opaque-debug v0.3.1
   Compiling enum-ordinalize-derive v4.3.2
    Checking num_enum v0.7.6
    Checking keccak v0.1.6
   Compiling enum-ordinalize v4.3.2
    Checking ark-std v0.5.0
    Checking solana-program-pack v3.1.0
    Checking inout v0.1.4
   Compiling ark-serialize-derive v0.5.0
    Checking solana-program-option v3.1.0
    Checking cipher v0.4.4
    Checking blstrs v0.7.1
   Compiling educe v0.6.0
    Checking solana-bls-signatures v3.3.0
    Checking ark-serialize v0.5.0
    Checking sha3 v0.10.9
   Compiling ark-ff-macros v0.5.0
    Checking itertools v0.13.0
   Compiling ark-serialize-derive v0.4.2
    Checking ark-std v0.4.0
    Checking der v0.7.10
   Compiling ark-ff-asm v0.5.0
    Checking allocator-api2 v0.2.21
    Checking hashbrown v0.15.5
    Checking ark-serialize v0.4.2
   Compiling derivative v2.2.0
   Compiling ark-ff-asm v0.4.2
   Compiling ark-ff-macros v0.4.2
   Compiling crunchy v0.2.4
    Checking uriparse v0.6.4
    Checking qstring v0.7.2
    Checking itertools v0.10.5
    Checking universal-hash v0.5.1
    Checking ark-ff v0.5.0
    Checking derivation-path v0.2.0
    Checking solana-derivation-path v3.0.0
   Compiling libsecp256k1-core v0.3.0
    Checking polyval v0.6.2
    Checking spki v0.7.3
    Checking aes v0.8.4
    Checking ark-ff v0.4.2
    Checking ctr v0.9.2
    Checking hashbrown v0.13.2
    Checking solana-borsh v3.0.2
    Checking aead v0.5.2
   Compiling synstructure v0.13.2
    Checking pin-project-lite v0.2.17
    Checking base16ct v0.2.0
    Checking sec1 v0.7.3
    Checking aes-gcm-siv v0.11.1
    Checking pkcs8 v0.10.2
    Checking solana-seed-derivable v3.0.0
    Checking merlin v3.0.0
    Checking crypto-bigint v0.5.5
   Compiling spl-discriminator-syn v0.2.1
   Compiling libsecp256k1-gen-ecmult v0.3.0
   Compiling libsecp256k1-gen-genmult v0.3.0
    Checking rfc6979 v0.4.0
    Checking solana-zk-sdk-pod v0.1.2
    Checking elliptic-curve v0.13.8
    Checking digest v0.9.0
    Checking smallvec v1.15.2
    Checking ecdsa v0.16.9
    Checking solana-zk-elgamal-proof-interface v0.1.3
   Compiling libsecp256k1 v0.7.2
   Compiling spl-discriminator-derive v0.2.0
    Checking ark-poly v0.5.0
    Checking ark-poly v0.4.2
    Checking ark-ec v0.5.0
    Checking block-buffer v0.9.0
    Checking utf8parse v0.2.2
    Checking once_cell_polyfill v1.70.2
    Checking ark-ec v0.4.2
    Checking ark-bn254 v0.5.0
    Checking anstyle v1.0.14
    Checking anstyle-parse v1.0.0
    Checking spl-discriminator v0.5.2
    Checking anstyle-wincon v3.0.11
    Checking sha2 v0.9.9
    Checking light-poseidon v0.4.0
    Checking k256 v0.13.4
    Checking anstyle-query v1.1.5
    Checking errno v0.3.14
    Checking solana-zero-copy v1.2.0
    Checking solana-hash-512 v1.1.0
    Checking ark-bn254 v0.4.0
    Checking is_terminal_polyfill v1.70.2
    Checking colorchoice v1.0.5
    Checking solana-sha512-hasher v1.0.1
    Checking anstream v1.0.0
    Checking signal-hook-registry v1.4.8
    Checking light-poseidon v0.2.0
    Checking solana-secp256k1-recover v3.1.1
    Checking solana-bn254 v3.2.1
    Checking solana-keccak-hasher v3.1.0
    Checking solana-bls12-381-syscall v0.1.1
    Checking env_filter v1.0.1
    Checking solana-blake3-hasher v3.1.0
    Checking solana-curve25519 v4.0.1
    Checking solana-curve25519 v3.1.14
    Checking bytes v1.12.1
    Checking jiff v0.2.28
    Checking solana-poseidon v4.0.0
    Checking spl-token-confidential-transfer-proof-extraction v0.6.0
    Checking signal-hook v0.3.18
    Checking spl-type-length-value v0.9.1
    Checking solana-zk-sdk v5.0.1
    Checking solana-nonce-account v4.1.1
    Checking solana-system-program v4.2.1
    Checking spl-token-metadata-interface v1.0.1
    Checking spl-token-group-interface v0.7.2
    Checking solana-vote-program v4.2.1
    Checking solana-zk-elgamal-proof-program v4.2.1
    Checking solana-compute-budget-program v4.2.1
    Checking mollusk-svm-result v0.15.1
    Checking solana-stake-history v1.0.0
    Checking winapi-util v0.1.11
    Checking solana-syscalls v4.2.1
    Checking mollusk-svm-error v0.15.1
   Compiling displaydoc v0.2.5
    Checking scopeguard v1.2.0
    Checking lock_api v0.4.14
    Checking spl-token-2022-interface v3.1.1
    Checking env_logger v0.11.10
    Checking solana-logger v3.0.0
    Checking parking_lot_core v0.9.12
   Compiling zerofrom-derive v0.1.7
    Checking solana-bpf-loader-program v4.2.1
   Compiling yoke-derive v0.8.2
    Checking mollusk-svm v0.15.1
    Checking stable_deref_trait v1.2.1
    Checking parking_lot v0.12.5
    Checking socket2 v0.6.3
    Checking hopper-svm v0.5.0 (D:\tmp\Hopper-Solana-Zero-copy-State-Framework\crates\hopper-svm)
    Checking futures-core v0.3.32
   Compiling ring v0.17.14
    Checking mio v1.2.0
    Checking zerofrom v0.1.8
   Compiling zerovec-derive v0.11.3
   Compiling tokio-macros v2.7.0
    Checking winnow v1.0.3
    Checking yoke v0.8.2
    Checking toml_parser v1.1.2+spec-1.1.0
    Checking tokio v1.52.3
    Checking zerovec v0.11.6
    Checking rustls-pki-types v1.14.1
    Checking toml_datetime v1.1.1+spec-1.1.0
    Checking serde_spanned v1.1.1
    Checking slab v0.4.12
    Checking toml_writer v1.1.1+spec-1.1.0
    Checking target-triple v1.0.0
    Checking termcolor v1.4.1
    Checking toml v1.1.2+spec-1.1.0
    Checking untrusted v0.9.0
    Checking futures-sink v0.3.32
    Checking futures-channel v0.3.32
    Checking tinystr v0.8.3
   Compiling futures-macro v0.3.32
    Checking trybuild v1.0.116
    Checking litemap v0.8.2
    Checking futures-io v0.3.32
    Checking writeable v0.6.3
    Checking futures-task v0.3.32
    Checking icu_locale_core v2.2.0
    Checking futures-util v0.3.32
    Checking potential_utf v0.1.5
    Checking zerotrie v0.2.4
    Checking utf8_iter v1.0.4
    Checking icu_collections v2.2.0
    Checking icu_provider v2.2.0
    Checking http v1.4.0
    Checking icu_properties_data v2.2.0
    Checking icu_normalizer_data v2.2.0
   Compiling libz-sys v1.1.28
    Checking icu_properties v2.2.0
   Compiling rustls v0.23.45
    Checking icu_normalizer v2.2.0
    Checking tracing-core v0.1.36
    Checking idna_adapter v1.2.2
    Checking httparse v1.10.1
    Checking tracing v0.1.44
    Checking rustls-webpki v0.103.15
    Checking crossbeam-utils v0.8.21
    Checking webpki-roots v1.0.7
    Checking form_urlencoded v1.2.2
    Checking simd-adler32 v0.3.9
    Checking adler2 v2.0.1
    Checking alloc-no-stdlib v2.0.4
    Checking miniz_oxide v0.8.9
    Checking alloc-stdlib v0.2.2
    Checking idna v1.1.0
    Checking crc32fast v1.5.0
    Checking http-body v1.0.1
    Checking url v2.5.8
    Checking brotli-decompressor v5.0.0
   Compiling zstd-sys v2.0.16+zstd.1.5.7
    Checking try-lock v0.2.5
    Checking tower-service v0.3.3
    Checking want v0.3.1
    Checking brotli v8.0.2
    Checking flate2 v1.1.9
    Checking tokio-rustls v0.26.4
    Checking spl-associated-token-account-interface v2.0.0
    Checking atomic-waker v1.1.2
    Checking compression-core v0.4.32
    Checking hyper v1.9.0
    Checking sync_wrapper v1.0.2
    Checking ipnet v2.12.0
    Checking compression-codecs v0.4.38
    Checking tower-layer v0.3.3
    Checking async-compression v0.4.42
    Checking tower v0.5.3
    Checking hyper-util v0.1.20
    Checking http-body-util v0.1.3
    Checking crossbeam-channel v0.5.15
    Checking tokio-util v0.7.18
    Checking ryu v1.0.23
    Checking serde_urlencoded v0.7.1
    Checking tower-http v0.6.11
    Checking spl-token-interface v2.0.0
    Checking solana-commitment-config v3.1.1
    Checking hyper-rustls v0.27.9
    Checking mollusk-svm-programs-token-2022 v0.15.0
    Checking powerfmt v0.2.0
    Checking reqwest v0.12.28
   Compiling time-core v0.1.8
    Checking mollusk-svm-programs-token v0.15.0
    Checking minimal-lexical v0.2.1
   Compiling num-conv v0.2.2
    Checking nom v7.1.3
   Compiling time-macros v0.2.27
    Checking deranged v0.5.8
    Checking futures-executor v0.3.32
    Checking solana-reward-info v6.2.0
    Checking data-encoding v2.11.0
    Checking futures v0.3.32
    Checking rusticata-macros v4.1.0
    Checking windows_x86_64_msvc v0.53.1
    Checking crossbeam-epoch v0.9.20
   Compiling asn1-rs-derive v0.6.0
    Checking solana-wincode-varint v1.0.0
   Compiling asn1-rs-impl v0.2.0
    Checking time v0.3.47
   Compiling async-trait v0.1.89
    Checking solana-version v4.2.1
    Checking asn1-rs v0.7.2
    Checking crossbeam-deque v0.8.6
    Checking windows-targets v0.53.5
    Checking hopper-test v0.4.0 (D:\tmp\Hopper-Solana-Zero-copy-State-Framework\crates\hopper-test)
    Checking solana-cluster-type v3.1.0
    Checking gethostname v1.1.0
    Checking solana-time-utils v3.0.0
    Checking siphasher v1.0.3
    Checking tinyvec_macros v0.1.1
    Checking unicode-width v0.2.2
    Checking solana-inflation v3.1.1
    Checking encode_unicode v1.0.0
    Checking fastbloom v0.14.1
    Checking tinyvec v1.11.0
    Checking solana-metrics v4.2.1
    Checking windows-sys v0.60.2
    Checking rayon-core v1.13.0
    Checking anyhow v1.0.103
    Checking rustls-platform-verifier v0.6.2
    Checking arc-swap v1.9.2
    Checking solana-builtins-default-costs v4.2.1
    Checking solana-system-interface v2.0.0
    Checking solana-account v3.4.0
    Checking solana-compute-budget-interface v3.0.0
    Checking rustc-hash v2.1.2
    Checking lru-slab v0.1.2
    Checking solana-config-interface v2.0.0
    Checking solana-compute-budget-instruction v4.2.1
    Checking quinn-proto v0.11.15
    Checking quinn-udp v0.5.14
    Checking reqwest-middleware v0.4.2
    Checking rayon v1.12.0
    Checking memoffset v0.9.1
    Checking oid-registry v0.8.1
   Compiling zstd-safe v7.2.4
    Checking zstd v0.13.3
    Checking solana-account-decoder-client-types v4.2.1
    Checking der-parser v10.0.0
    Checking jsonrpc-core v18.0.0
    Checking webpki-roots v0.26.11
    Checking solana-transaction-status-client-types v4.2.1
    Checking spl-token-interface v3.0.0
    Checking Inflector v0.11.4
    Checking agave-transaction-view v4.2.1
    Checking spl-generic-token v2.0.1
    Checking agave-cpu-utils v4.2.1
    Checking solana-address-lookup-table-interface v3.1.0
    Checking hashbrown v0.14.5
    Checking solana-measure v4.2.1
    Checking solana-account-decoder v4.2.1
    Checking solana-runtime-transaction v4.2.1
    Checking solana-rpc-client-types v4.2.1
    Checking agave-xdp v4.2.1
    Checking dashmap v5.5.3
    Checking quinn v0.11.11
    Checking x509-parser v0.18.1
    Checking nix v0.31.3
    Checking portable-atomic v1.13.1
    Checking console v0.16.4
    Checking solana-signer-store v0.1.0
    Checking grillo-manifest v0.1.1 (D:\tmp\Hopper-Solana-Zero-copy-State-Framework\crates\grillo-manifest)
    Checking solana-epoch-info v3.1.0
    Checking solana-serde v3.0.0
    Checking sha1 v0.10.6
    Checking utf-8 v0.7.6
    Checking parking v2.2.1
    Checking unit-prefix v0.5.2
    Checking base64 v0.13.1
    Checking indicatif v0.18.6
    Checking solana-rpc-client-api v4.2.1
    Checking pem v1.1.1
    Checking event-listener v5.4.2
    Checking tungstenite v0.28.0
    Checking solana-net-utils v4.2.1
    Checking solana-tls-utils v4.2.1
    Checking agave-votor-messages v4.2.1
    Checking solana-perf v4.2.1
    Checking solana-connection-cache v4.2.1
    Checking solana-feature-gate-interface v4.0.0
    Checking histogram v0.6.9
    Checking tokio-tungstenite v0.28.0
    Checking solana-rpc-client v4.2.1
    Checking solana-streamer v4.2.1
    Checking event-listener-strategy v0.5.4
    Checking tokio-stream v0.1.18
    Checking solana-vote v4.2.1
    Checking agave-random v4.2.1
    Checking solana-pubsub-client v4.2.1
    Checking async-lock v3.4.2
    Checking solana-client-traits v4.0.0
    Checking solana-rpc-client-nonce-utils v4.2.1
    Checking solana-leader-schedule v4.2.1
    Checking solana-udp-client v4.2.1
    Checking solana-quic-client v4.2.1
    Checking solana-tpu-client v4.2.1
    Checking getrandom v0.4.2
    Checking fastrand v2.4.1
    Checking grillo-verifier v0.1.1 (D:\tmp\Hopper-Solana-Zero-copy-State-Framework\crates\grillo-verifier)
    Checking tempfile v3.27.0
    Checking quick-error v1.2.3
    Checking bit-vec v0.8.0
    Checking wait-timeout v0.2.1
    Checking solana-client v4.2.1
    Checking rusty-fork v0.3.1
    Checking bit-set v0.8.0
    Checking rand_xorshift v0.4.0
    Checking unarray v0.1.4
    Checking proptest v1.11.0
    Checking windows_x86_64_msvc v0.52.6
    Checking windows-targets v0.52.6
    Checking hkdf v0.12.4
    Checking solana-zk-sdk v7.0.1
    Checking windows-sys v0.59.0
    Checking serde_spanned v0.6.9
    Checking toml_datetime v0.6.11
    Checking winnow v0.7.15
    Checking toml_write v0.1.2
    Checking option-ext v0.2.0
    Checking dirs-sys v0.5.0
    Checking console v0.15.11
    Checking spl-token-confidential-transfer-proof-generation v0.6.1
    Checking same-file v1.0.6
    Checking spl-elgamal-registry-interface v0.2.1
    Checking agave-reserved-account-keys v4.2.1
    Checking solana-loader-v2-interface v3.0.0
    Checking crossterm_winapi v0.9.1
    Checking spl-memo-interface v2.1.0
    Checking shell-words v1.1.1
    Checking dialoguer v0.11.0
    Checking crossterm v0.28.1
    Checking solana-transaction-status v4.2.1
    Checking toml_edit v0.22.27
    Checking walkdir v2.5.0
    Checking dirs v6.0.0
    Checking object v0.36.7
    Checking ureq v2.12.1
    Checking toml v0.8.23
    Checking gimli v0.31.1
    Checking hopper-smoke v0.4.0 (D:\tmp\Hopper-Solana-Zero-copy-State-Framework\examples\hopper-smoke)
    Checking hopper-sentinel v0.4.0 (D:\tmp\Hopper-Solana-Zero-copy-State-Framework\examples\hopper-sentinel)
    Checking hopper-confidential-lab v0.4.0 (D:\tmp\Hopper-Solana-Zero-copy-State-Framework\examples\hopper-confidential-lab)
    Checking hopper-cicada v0.4.0 (D:\tmp\Hopper-Solana-Zero-copy-State-Framework\examples\hopper-cicada)
    Checking hopper-topology v0.1.1 (D:\tmp\Hopper-Solana-Zero-copy-State-Framework\crates\hopper-topology)
    Checking hopper-manager v0.5.0 (D:\tmp\Hopper-Solana-Zero-copy-State-Framework\crates\hopper-manager)
    Checking hopper-token-2022-vault v0.4.0 (D:\tmp\Hopper-Solana-Zero-copy-State-Framework\examples\hopper-token-2022-vault)
    Checking hopper-migration v0.4.0 (D:\tmp\Hopper-Solana-Zero-copy-State-Framework\examples\hopper-migration)
    Checking hopper-xp-program-a v0.4.0 (D:\tmp\Hopper-Solana-Zero-copy-State-Framework\examples\cross-program-read\program-a)
    Checking hopper-orderbook v0.4.0 (D:\tmp\Hopper-Solana-Zero-copy-State-Framework\examples\hopper-orderbook)
    Checking hopper-runtime-lab v0.4.0 (D:\tmp\Hopper-Solana-Zero-copy-State-Framework\examples\hopper-runtime-lab)
    Checking hopper-cicada-canonical-route-fixture v0.4.0 (D:\tmp\Hopper-Solana-Zero-copy-State-Framework\examples\hopper-cicada-canonical-route-fixture)
    Checking hopper-token-lab v0.4.0 (D:\tmp\Hopper-Solana-Zero-copy-State-Framework\examples\hopper-token-lab)
    Checking hopper-compact-vault v0.4.0 (D:\tmp\Hopper-Solana-Zero-copy-State-Framework\examples\hopper-compact-vault)
    Checking hopper-finance v0.5.0 (D:\tmp\Hopper-Solana-Zero-copy-State-Framework\crates\hopper-finance)
    Checking hopper-staking v0.5.0 (D:\tmp\Hopper-Solana-Zero-copy-State-Framework\crates\hopper-staking)
    Checking hopper-lending v0.5.0 (D:\tmp\Hopper-Solana-Zero-copy-State-Framework\crates\hopper-lending)
    Checking hopper-distribute v0.5.0 (D:\tmp\Hopper-Solana-Zero-copy-State-Framework\crates\hopper-distribute)
    Checking hopper-vesting v0.5.0 (D:\tmp\Hopper-Solana-Zero-copy-State-Framework\crates\hopper-vesting)
    Checking hopper-xp-devnet-runner v0.4.0 (D:\tmp\Hopper-Solana-Zero-copy-State-Framework\examples\cross-program-read\runner)
    Checking hopper-cicada-fuzz-adapter v0.0.0 (D:\tmp\Hopper-Solana-Zero-copy-State-Framework\examples\hopper-cicada-fuzz-adapter)
    Checking hopper-cli v0.5.0 (D:\tmp\Hopper-Solana-Zero-copy-State-Framework\tools\hopper-cli)
    Checking hopper-confidential-lab-runner v0.4.0 (D:\tmp\Hopper-Solana-Zero-copy-State-Framework\examples\hopper-confidential-lab\runner)
    Checking hopper-escrow v0.4.0 (D:\tmp\Hopper-Solana-Zero-copy-State-Framework\examples\hopper-escrow)
    Checking hopper-tail-lab v0.4.0 (D:\tmp\Hopper-Solana-Zero-copy-State-Framework\examples\hopper-tail-lab)
    Checking hopper-framework-verifier v0.0.0 (D:\tmp\Hopper-Solana-Zero-copy-State-Framework\bench\framework-comparison\verifier)
    Checking hopper-trybuild v0.4.0 (D:\tmp\Hopper-Solana-Zero-copy-State-Framework\tests\hopper-trybuild)
    Checking hopper-vault v0.4.0 (D:\tmp\Hopper-Solana-Zero-copy-State-Framework\examples\hopper-vault)
    Checking hopper-function-lab v0.0.0 (D:\tmp\Hopper-Solana-Zero-copy-State-Framework\bench\function-lab\program)
    Checking hopper-stablecoin-memo-pay v0.4.0 (D:\tmp\Hopper-Solana-Zero-copy-State-Framework\examples\hopper-stablecoin-memo-pay)
    Checking hopper-bounded-multisig v0.4.0 (D:\tmp\Hopper-Solana-Zero-copy-State-Framework\examples\hopper-bounded-multisig)
    Checking hopper-registry v0.4.0 (D:\tmp\Hopper-Solana-Zero-copy-State-Framework\examples\hopper-registry)
    Checking hopper-pda-boundaries-fixture v0.0.0 (D:\tmp\Hopper-Solana-Zero-copy-State-Framework\bench\pda-boundaries\program)
    Checking hello-hopper-substrate v0.0.0 (D:\tmp\Hopper-Solana-Zero-copy-State-Framework\bench\framework-comparison\programs\hello\hopper-substrate)
    Checking hopper-nft-mint v0.4.0 (D:\tmp\Hopper-Solana-Zero-copy-State-Framework\examples\hopper-nft-mint)
    Checking hopper-borrowed-slices-fixture v0.0.0 (D:\tmp\Hopper-Solana-Zero-copy-State-Framework\bench\borrowed-slices\program)
    Checking hopper-byte-allowance v0.4.0 (D:\tmp\Hopper-Solana-Zero-copy-State-Framework\examples\hopper-byte-allowance)
    Checking hopper-external-oracle v0.4.0 (D:\tmp\Hopper-Solana-Zero-copy-State-Framework\examples\hopper-external-oracle)
    Checking hopper-canonical-pda-fixture v0.0.0 (D:\tmp\Hopper-Solana-Zero-copy-State-Framework\bench\canonical-pda\program)
    Checking hopper-argus-guard v0.4.0 (D:\tmp\Hopper-Solana-Zero-copy-State-Framework\examples\hopper-argus-guard)
    Checking hopper-styx-ferry v0.4.0 (D:\tmp\Hopper-Solana-Zero-copy-State-Framework\examples\hopper-styx-ferry)
    Checking hopper-borrowed-args-fixture v0.0.0 (D:\tmp\Hopper-Solana-Zero-copy-State-Framework\bench\borrowed-args\program)
    Checking hopper-token-2022-transfer-hook v0.4.0 (D:\tmp\Hopper-Solana-Zero-copy-State-Framework\examples\hopper-token-2022-transfer-hook)
    Checking hopper-treasury v0.4.0 (D:\tmp\Hopper-Solana-Zero-copy-State-Framework\examples\hopper-treasury)
    Checking hopper-parity-vault v0.4.0 (D:\tmp\Hopper-Solana-Zero-copy-State-Framework\examples\hopper-parity-vault)
    Checking hopper-devnet-audit v0.4.0 (D:\tmp\Hopper-Solana-Zero-copy-State-Framework\examples\hopper-devnet-audit)
    Checking hopper-runtime-gate-fixture v0.0.0 (D:\tmp\Hopper-Solana-Zero-copy-State-Framework\bench\runtime-gate\program)
    Checking hopper-counter v0.4.0 (D:\tmp\Hopper-Solana-Zero-copy-State-Framework\examples\hopper-counter)
    Checking hopper-token-2022-ata v0.4.0 (D:\tmp\Hopper-Solana-Zero-copy-State-Framework\examples\hopper-token-2022-ata)
    Checking hopper-showcase v0.4.0 (D:\tmp\Hopper-Solana-Zero-copy-State-Framework\examples\hopper-showcase)
    Checking hopper-mint-plan-fixture v0.0.0 (D:\tmp\Hopper-Solana-Zero-copy-State-Framework\bench\mint-plan\program)
    Checking hopper-proc-vault v0.4.0 (D:\tmp\Hopper-Solana-Zero-copy-State-Framework\examples\hopper-proc-vault)
    Checking hello-hopper v0.0.0 (D:\tmp\Hopper-Solana-Zero-copy-State-Framework\bench\framework-comparison\programs\hello\hopper)
    Checking hopper-xp-program-b v0.4.0 (D:\tmp\Hopper-Solana-Zero-copy-State-Framework\examples\cross-program-read\program-b)
    Checking hopper-router v0.1.0 (D:\tmp\Hopper-Solana-Zero-copy-State-Framework\examples\hopper-router)
    Checking counter-hopper v0.0.0 (D:\tmp\Hopper-Solana-Zero-copy-State-Framework\bench\framework-comparison\programs\counter\hopper)
    Checking hopper-virtual-state v0.4.0 (D:\tmp\Hopper-Solana-Zero-copy-State-Framework\examples\hopper-virtual-state)
    Checking hopper-policy-vault v0.4.0 (D:\tmp\Hopper-Solana-Zero-copy-State-Framework\examples\hopper-policy-vault)
    Checking counter-hopper-substrate v0.0.0 (D:\tmp\Hopper-Solana-Zero-copy-State-Framework\bench\framework-comparison\programs\counter\hopper-substrate)
    Checking hopper-cicada-route-fixture v0.4.0 (D:\tmp\Hopper-Solana-Zero-copy-State-Framework\examples\hopper-cicada-route-fixture)
    Checking hopper-sdk v0.5.0 (D:\tmp\Hopper-Solana-Zero-copy-State-Framework\crates\hopper-sdk)
    Checking hopper-token-outcomes-fixture v0.0.0 (D:\tmp\Hopper-Solana-Zero-copy-State-Framework\bench\token-outcomes\program)
    Checking hopper-runtime-lifecycle-fixture v0.0.0 (D:\tmp\Hopper-Solana-Zero-copy-State-Framework\bench\lifecycle\runtime)
    Checking hopper-sibling-introspection-fixture v0.0.0 (D:\tmp\Hopper-Solana-Zero-copy-State-Framework\bench\sibling-introspection\program)
    Checking hopper-anchor v0.5.0 (D:\tmp\Hopper-Solana-Zero-copy-State-Framework\crates\hopper-anchor)
    Checking hopper-multisig v0.5.0 (D:\tmp\Hopper-Solana-Zero-copy-State-Framework\crates\hopper-multisig)
    Checking hopper-native-lifecycle-fixture v0.0.0 (D:\tmp\Hopper-Solana-Zero-copy-State-Framework\bench\lifecycle\native)
    Checking hopper-return-provenance-fixture v0.0.0 (D:\tmp\Hopper-Solana-Zero-copy-State-Framework\bench\return-provenance\program)
    Checking hopper-checked-cpi-fixture v0.0.0 (D:\tmp\Hopper-Solana-Zero-copy-State-Framework\bench\checked-cpi\program)
    Checking hopper-builtins v0.4.0 (D:\tmp\Hopper-Solana-Zero-copy-State-Framework\crates\hopper-builtins)
    Finished `dev` profile [unoptimized + debuginfo] target(s) in 1m 58s
