
> hopper-site@0.2.1 build
> next build

▲ Next.js 16.3.6 (Turbopack)
✓ Running next.config.mjs took 17ms
- Experiments (use with caution):
  · optimizePackageImports

  Creating an optimized production build ...
✓ Compiled successfully in 208ms
  Running TypeScript ...
  Finished TypeScript in 996ms ...
  Collecting page data using 6 workers ...
  Generating static pages using 6 workers (0/64) ...
  Generating static pages using 6 workers (16/64) 
  Generating static pages using 6 workers (32/64) 
  Generating static pages using 6 workers (48/64) 
✓ Generating static pages using 6 workers (64/64) in 779ms
  Finalizing page optimization ...

Route (app)
┌ ƒ /
├ ƒ /_not-found
├ ƒ /docs
└ ƒ /docs/[slug]


ƒ Proxy (Middleware)

ƒ  (Dynamic)  server-rendered on demand

