   Compiling hopper-runtime v0.5.0 (D:\tmp\Hopper-Solana-Zero-copy-State-Framework\crates\hopper-runtime)
   Compiling hopper-native v0.5.0 (D:\tmp\Hopper-Solana-Zero-copy-State-Framework\crates\hopper-native)
   Compiling proc-macro2 v1.0.106
   Compiling unicode-ident v1.0.24
   Compiling quote v1.0.45
   Compiling version_check v0.9.5
   Compiling generic-array v0.14.7
   Compiling serde_core v1.0.228
   Compiling typenum v1.20.0
   Compiling zmij v1.0.21
   Compiling syn v2.0.117
   Compiling hopper-systems v0.5.0 (D:\tmp\Hopper-Solana-Zero-copy-State-Framework\crates\hopper-core)
   Compiling serde_json v1.0.151
   Compiling semver v1.0.28
   Compiling rustc_version v0.4.1
   Compiling hopper-system v0.5.0 (D:\tmp\Hopper-Solana-Zero-copy-State-Framework\crates\hopper-system)
   Compiling itoa v1.0.18
   Compiling memchr v2.8.0
   Compiling curve25519-dalek v4.1.3
   Compiling crypto-common v0.1.7
   Compiling block-buffer v0.10.4
   Compiling hopper-token v0.5.0 (D:\tmp\Hopper-Solana-Zero-copy-State-Framework\crates\hopper-spl\hopper-token)
   Compiling windows-link v0.2.1
   Compiling cpufeatures v0.2.17
   Compiling cfg-if v1.0.4
   Compiling windows-sys v0.61.2
   Compiling hopper-solana v0.5.0 (D:\tmp\Hopper-Solana-Zero-copy-State-Framework\crates\hopper-solana)
   Compiling digest v0.10.7
   Compiling curve25519-dalek-derive v0.1.1
   Compiling winnow v1.0.3
   Compiling serde v1.0.228
   Compiling subtle v2.6.1
   Compiling target-triple v1.0.0
   Compiling toml_parser v1.1.2+spec-1.1.0
   Compiling sha2 v0.10.9
   Compiling winapi-util v0.1.11
   Compiling hopper-schema v0.5.0 (D:\tmp\Hopper-Solana-Zero-copy-State-Framework\crates\hopper-schema)
   Compiling serde_spanned v1.1.1
   Compiling toml_datetime v1.1.1+spec-1.1.0
   Compiling toml_writer v1.1.1+spec-1.1.0
   Compiling bs58 v0.5.1
   Compiling hopper-derive v0.5.0 (D:\tmp\Hopper-Solana-Zero-copy-State-Framework\crates\hopper-macros-proc)
   Compiling toml v1.1.2+spec-1.1.0
   Compiling hopper-macros v0.5.0 (D:\tmp\Hopper-Solana-Zero-copy-State-Framework\crates\hopper-macros)
   Compiling termcolor v1.4.1
   Compiling hopper-token-2022 v0.5.0 (D:\tmp\Hopper-Solana-Zero-copy-State-Framework\crates\hopper-spl\hopper-token-2022)
   Compiling hopper-associated-token v0.5.0 (D:\tmp\Hopper-Solana-Zero-copy-State-Framework\crates\hopper-spl\hopper-associated-token)
   Compiling serde_derive v1.0.228
   Compiling hopper-memo v0.5.0 (D:\tmp\Hopper-Solana-Zero-copy-State-Framework\crates\hopper-memo)
   Compiling glob v0.3.3
   Compiling trybuild v1.0.116
   Compiling hopper-lang v0.5.0 (D:\tmp\Hopper-Solana-Zero-copy-State-Framework)
   Compiling hopper-svm v0.5.0 (D:\tmp\Hopper-Solana-Zero-copy-State-Framework\crates\hopper-svm)
    Finished `test` profile [unoptimized + debuginfo] target(s) in 1m 13s
     Running tests\borrowed_slices.rs (target\borrowed-slices-client-host-check\debug\deps\borrowed_slices-063e90dbfd79c952.exe)

running 3 tests
test __hopper_manifest_export::__hopper_print_manifest ... ok
test sequence_metadata_follows_aliases_and_clients_keep_variable_width ... ok
test borrowed_sequences_compose_and_validate_before_account_binding ... ok

test result: ok. 3 passed; 0 failed; 0 ignored; 0 measured; 0 filtered out; finished in 0.00s

