
> hopper-site@0.2.1 build
> next build

▲ Next.js 16.3.6 (Turbopack)
✓ Running next.config.mjs took 19ms
- Experiments (use with caution):
  · optimizePackageImports

  Creating an optimized production build ...
✓ Compiled successfully in 5.4s
  Running TypeScript ...
  Finished TypeScript in 1041ms ...
  Collecting page data using 6 workers ...
  Generating static pages using 6 workers (0/63) ...
  Generating static pages using 6 workers (15/63) 
  Generating static pages using 6 workers (31/63) 
  Generating static pages using 6 workers (47/63) 
✓ Generating static pages using 6 workers (63/63) in 612ms
  Finalizing page optimization ...

Route (app)
┌ ƒ /
├ ƒ /_not-found
├ ƒ /docs
└ ƒ /docs/[slug]


ƒ Proxy (Middleware)

ƒ  (Dynamic)  server-rendered on demand

