grillo-manifest: 821 items
grillo-verifier: 572 items
hopper-anchor: 8 items
hopper-associated-token: 61 items
hopper-builtins: 1 items
hopper-derive: 32 items
hopper-distribute: 2 items
hopper-finance: 45 items
hopper-lang: 783 items
hopper-lending: 7 items
hopper-macros: 22 items
hopper-manager: 43 items
hopper-memo: 17 items
hopper-metaplex: 129 items
hopper-multisig: 4 items
hopper-native: 1964 items
hopper-runtime: 4569 items
hopper-schema: 1725 items
hopper-sdk: 423 items
hopper-solana: 308 items
hopper-staking: 6 items
hopper-svm: 55 items
hopper-system: 23 items
hopper-systems: 3763 items
hopper-token: 131 items
hopper-token-2022: 329 items
hopper-topology: 497 items
hopper-vesting: 5 items
