   Compiling hopper-runtime v0.6.0 (D:\tmp\Hopper-Solana-Zero-copy-State-Framework\crates\hopper-runtime)
   Compiling hopper-native v0.6.0 (D:\tmp\Hopper-Solana-Zero-copy-State-Framework\crates\hopper-native)
   Compiling version_check v0.9.5
   Compiling generic-array v0.14.7
   Compiling proc-macro2 v1.0.106
   Compiling quote v1.0.45
   Compiling unicode-ident v1.0.24
   Compiling typenum v1.20.0
   Compiling hopper-systems v0.6.0 (D:\tmp\Hopper-Solana-Zero-copy-State-Framework\crates\hopper-core)
   Compiling semver v1.0.28
   Compiling rustc_version v0.4.1
   Compiling hopper-system v0.6.0 (D:\tmp\Hopper-Solana-Zero-copy-State-Framework\crates\hopper-system)
   Compiling serde_core v1.0.228
   Compiling zmij v1.0.21
   Compiling syn v2.0.117
   Compiling curve25519-dalek v4.1.3
   Compiling block-buffer v0.10.4
   Compiling crypto-common v0.1.7
   Compiling hopper-token v0.6.0 (D:\tmp\Hopper-Solana-Zero-copy-State-Framework\crates\hopper-spl\hopper-token)
   Compiling cfg-if v1.0.4
   Compiling serde_json v1.0.151
   Compiling cpufeatures v0.2.17
   Compiling hopper-solana v0.6.0 (D:\tmp\Hopper-Solana-Zero-copy-State-Framework\crates\hopper-solana)
   Compiling digest v0.10.7
   Compiling curve25519-dalek-derive v0.1.1
   Compiling itoa v1.0.18
   Compiling memchr v2.8.0
   Compiling subtle v2.6.1
   Compiling sha2 v0.10.9
   Compiling hopper-schema v0.6.0 (D:\tmp\Hopper-Solana-Zero-copy-State-Framework\crates\hopper-schema)
   Compiling bs58 v0.5.1
   Compiling hopper-derive v0.6.0 (D:\tmp\Hopper-Solana-Zero-copy-State-Framework\crates\hopper-macros-proc)
   Compiling hopper-macros v0.6.0 (D:\tmp\Hopper-Solana-Zero-copy-State-Framework\crates\hopper-macros)
   Compiling hopper-associated-token v0.6.0 (D:\tmp\Hopper-Solana-Zero-copy-State-Framework\crates\hopper-spl\hopper-associated-token)
   Compiling hopper-token-2022 v0.6.0 (D:\tmp\Hopper-Solana-Zero-copy-State-Framework\crates\hopper-spl\hopper-token-2022)
   Compiling hopper-memo v0.6.0 (D:\tmp\Hopper-Solana-Zero-copy-State-Framework\crates\hopper-memo)
   Compiling hopper-lang v0.6.0 (D:\tmp\Hopper-Solana-Zero-copy-State-Framework)
   Compiling hopper-borrowed-slices-fixture v0.0.0 (D:\tmp\Hopper-Solana-Zero-copy-State-Framework\bench\borrowed-slices\program)
    Finished `release` profile [optimized] target(s) in 1m 05s
