    Checking hopper-cli v0.6.0 (D:\tmp\Hopper-Solana-Zero-copy-State-Framework\tools\hopper-cli)
    Checking hopper-systems v0.6.0 (D:\tmp\Hopper-Solana-Zero-copy-State-Framework\crates\hopper-core)
    Checking hopper-runtime v0.6.0 (D:\tmp\Hopper-Solana-Zero-copy-State-Framework\crates\hopper-runtime)
    Checking hopper-orderbook v0.4.0 (D:\tmp\Hopper-Solana-Zero-copy-State-Framework\examples\hopper-orderbook)
    Checking hopper-escrow v0.4.0 (D:\tmp\Hopper-Solana-Zero-copy-State-Framework\examples\hopper-escrow)
    Checking grillo-verifier v0.1.1 (D:\tmp\Hopper-Solana-Zero-copy-State-Framework\crates\grillo-verifier)
    Checking grillo-manifest v0.1.1 (D:\tmp\Hopper-Solana-Zero-copy-State-Framework\crates\grillo-manifest)
    Checking hopper-framework-verifier v0.0.0 (D:\tmp\Hopper-Solana-Zero-copy-State-Framework\bench\framework-comparison\verifier)
    Checking hopper-lang v0.6.0 (D:\tmp\Hopper-Solana-Zero-copy-State-Framework)
    Checking hopper-vault v0.4.0 (D:\tmp\Hopper-Solana-Zero-copy-State-Framework\examples\hopper-vault)
    Checking hopper-token-2022 v0.6.0 (D:\tmp\Hopper-Solana-Zero-copy-State-Framework\crates\hopper-spl\hopper-token-2022)
    Checking hopper-test v0.4.0 (D:\tmp\Hopper-Solana-Zero-copy-State-Framework\crates\hopper-test)
    Checking hopper-topology v0.1.1 (D:\tmp\Hopper-Solana-Zero-copy-State-Framework\crates\hopper-topology)
    Checking hopper-canonical-pda-fixture v0.0.0 (D:\tmp\Hopper-Solana-Zero-copy-State-Framework\bench\canonical-pda\program)
    Checking hopper-borrowed-slices-fixture v0.0.0 (D:\tmp\Hopper-Solana-Zero-copy-State-Framework\bench\borrowed-slices\program)
    Checking hopper-counter v0.4.0 (D:\tmp\Hopper-Solana-Zero-copy-State-Framework\examples\hopper-counter)
    Checking hopper-parity-vault v0.4.0 (D:\tmp\Hopper-Solana-Zero-copy-State-Framework\examples\hopper-parity-vault)
    Checking hopper-showcase v0.4.0 (D:\tmp\Hopper-Solana-Zero-copy-State-Framework\examples\hopper-showcase)
    Checking hopper-argus-guard v0.4.0 (D:\tmp\Hopper-Solana-Zero-copy-State-Framework\examples\hopper-argus-guard)
    Checking hopper-stablecoin-memo-pay v0.4.0 (D:\tmp\Hopper-Solana-Zero-copy-State-Framework\examples\hopper-stablecoin-memo-pay)
    Checking hello-hopper v0.0.0 (D:\tmp\Hopper-Solana-Zero-copy-State-Framework\bench\framework-comparison\programs\hello\hopper)
    Checking hopper-external-oracle v0.4.0 (D:\tmp\Hopper-Solana-Zero-copy-State-Framework\examples\hopper-external-oracle)
    Checking hopper-cicada-route-fixture v0.4.0 (D:\tmp\Hopper-Solana-Zero-copy-State-Framework\examples\hopper-cicada-route-fixture)
    Checking hopper-xp-program-b v0.4.0 (D:\tmp\Hopper-Solana-Zero-copy-State-Framework\examples\cross-program-read\program-b)
    Checking hopper-proc-vault v0.4.0 (D:\tmp\Hopper-Solana-Zero-copy-State-Framework\examples\hopper-proc-vault)
    Checking hopper-styx-ferry v0.4.0 (D:\tmp\Hopper-Solana-Zero-copy-State-Framework\examples\hopper-styx-ferry)
    Checking hopper-token-outcomes-fixture v0.0.0 (D:\tmp\Hopper-Solana-Zero-copy-State-Framework\bench\token-outcomes\program)
    Checking hopper-solana v0.6.0 (D:\tmp\Hopper-Solana-Zero-copy-State-Framework\crates\hopper-solana)
    Checking hopper-associated-token v0.6.0 (D:\tmp\Hopper-Solana-Zero-copy-State-Framework\crates\hopper-spl\hopper-associated-token)
    Checking hopper-schema v0.6.0 (D:\tmp\Hopper-Solana-Zero-copy-State-Framework\crates\hopper-schema)
    Checking hopper-macros v0.6.0 (D:\tmp\Hopper-Solana-Zero-copy-State-Framework\crates\hopper-macros)
    Checking hopper-sdk v0.6.0 (D:\tmp\Hopper-Solana-Zero-copy-State-Framework\crates\hopper-sdk)
    Checking hopper-manager v0.6.0 (D:\tmp\Hopper-Solana-Zero-copy-State-Framework\crates\hopper-manager)
    Checking hopper-finance v0.6.0 (D:\tmp\Hopper-Solana-Zero-copy-State-Framework\crates\hopper-finance)
    Checking hopper-system v0.6.0 (D:\tmp\Hopper-Solana-Zero-copy-State-Framework\crates\hopper-system)
    Checking hopper-multisig v0.6.0 (D:\tmp\Hopper-Solana-Zero-copy-State-Framework\crates\hopper-multisig)
    Checking hopper-vesting v0.6.0 (D:\tmp\Hopper-Solana-Zero-copy-State-Framework\crates\hopper-vesting)
    Checking hopper-anchor v0.6.0 (D:\tmp\Hopper-Solana-Zero-copy-State-Framework\crates\hopper-anchor)
    Checking hopper-runtime-lifecycle-fixture v0.0.0 (D:\tmp\Hopper-Solana-Zero-copy-State-Framework\bench\lifecycle\runtime)
    Checking hopper-sibling-introspection-fixture v0.0.0 (D:\tmp\Hopper-Solana-Zero-copy-State-Framework\bench\sibling-introspection\program)
    Checking hopper-token v0.6.0 (D:\tmp\Hopper-Solana-Zero-copy-State-Framework\crates\hopper-spl\hopper-token)
    Checking hopper-distribute v0.6.0 (D:\tmp\Hopper-Solana-Zero-copy-State-Framework\crates\hopper-distribute)
    Checking hopper-svm v0.6.0 (D:\tmp\Hopper-Solana-Zero-copy-State-Framework\crates\hopper-svm)
    Checking hopper-lending v0.6.0 (D:\tmp\Hopper-Solana-Zero-copy-State-Framework\crates\hopper-lending)
    Checking hopper-staking v0.6.0 (D:\tmp\Hopper-Solana-Zero-copy-State-Framework\crates\hopper-staking)
    Checking hopper-metaplex v0.6.0 (D:\tmp\Hopper-Solana-Zero-copy-State-Framework\crates\hopper-spl\hopper-metaplex)
    Checking hopper-memo v0.6.0 (D:\tmp\Hopper-Solana-Zero-copy-State-Framework\crates\hopper-memo)
    Checking hopper-return-provenance-fixture v0.0.0 (D:\tmp\Hopper-Solana-Zero-copy-State-Framework\bench\return-provenance\program)
    Checking hopper-native v0.6.0 (D:\tmp\Hopper-Solana-Zero-copy-State-Framework\crates\hopper-native)
    Checking hopper-native-lifecycle-fixture v0.0.0 (D:\tmp\Hopper-Solana-Zero-copy-State-Framework\bench\lifecycle\native)
    Checking hopper-checked-cpi-fixture v0.0.0 (D:\tmp\Hopper-Solana-Zero-copy-State-Framework\bench\checked-cpi\program)
    Checking hopper-builtins v0.4.0 (D:\tmp\Hopper-Solana-Zero-copy-State-Framework\crates\hopper-builtins)
    Finished `dev` profile [unoptimized + debuginfo] target(s) in 14.64s
