    Blocking waiting for file lock on build directory
   Compiling hopper-runtime v0.5.0 (D:\tmp\Hopper-Solana-Zero-copy-State-Framework\crates\hopper-runtime)
    Checking hopper-systems v0.5.0 (D:\tmp\Hopper-Solana-Zero-copy-State-Framework\crates\hopper-core)
    Checking hopper-system v0.5.0 (D:\tmp\Hopper-Solana-Zero-copy-State-Framework\crates\hopper-system)
    Checking hopper-schema v0.5.0 (D:\tmp\Hopper-Solana-Zero-copy-State-Framework\crates\hopper-schema)
    Checking hopper-token v0.5.0 (D:\tmp\Hopper-Solana-Zero-copy-State-Framework\crates\hopper-spl\hopper-token)
    Checking hopper-solana v0.5.0 (D:\tmp\Hopper-Solana-Zero-copy-State-Framework\crates\hopper-solana)
    Checking hopper-token-2022 v0.5.0 (D:\tmp\Hopper-Solana-Zero-copy-State-Framework\crates\hopper-spl\hopper-token-2022)
    Checking hopper-associated-token v0.5.0 (D:\tmp\Hopper-Solana-Zero-copy-State-Framework\crates\hopper-spl\hopper-associated-token)
    Checking hopper-macros v0.5.0 (D:\tmp\Hopper-Solana-Zero-copy-State-Framework\crates\hopper-macros)
    Checking hopper-memo v0.5.0 (D:\tmp\Hopper-Solana-Zero-copy-State-Framework\crates\hopper-memo)
    Checking hopper-metaplex v0.5.0 (D:\tmp\Hopper-Solana-Zero-copy-State-Framework\crates\hopper-spl\hopper-metaplex)
    Checking hopper-lang v0.5.0 (D:\tmp\Hopper-Solana-Zero-copy-State-Framework)
    Checking hopper-svm v0.5.0 (D:\tmp\Hopper-Solana-Zero-copy-State-Framework\crates\hopper-svm)
    Checking hopper-smoke v0.4.0 (D:\tmp\Hopper-Solana-Zero-copy-State-Framework\examples\hopper-smoke)
    Checking hopper-cicada v0.4.0 (D:\tmp\Hopper-Solana-Zero-copy-State-Framework\examples\hopper-cicada)
    Checking hopper-confidential-lab v0.4.0 (D:\tmp\Hopper-Solana-Zero-copy-State-Framework\examples\hopper-confidential-lab)
    Checking hopper-sentinel v0.4.0 (D:\tmp\Hopper-Solana-Zero-copy-State-Framework\examples\hopper-sentinel)
    Checking hopper-manager v0.5.0 (D:\tmp\Hopper-Solana-Zero-copy-State-Framework\crates\hopper-manager)
    Checking hopper-xp-program-a v0.4.0 (D:\tmp\Hopper-Solana-Zero-copy-State-Framework\examples\cross-program-read\program-a)
    Checking hopper-token-2022-vault v0.4.0 (D:\tmp\Hopper-Solana-Zero-copy-State-Framework\examples\hopper-token-2022-vault)
    Checking hopper-migration v0.4.0 (D:\tmp\Hopper-Solana-Zero-copy-State-Framework\examples\hopper-migration)
    Checking hopper-orderbook v0.4.0 (D:\tmp\Hopper-Solana-Zero-copy-State-Framework\examples\hopper-orderbook)
    Checking hopper-runtime-lab v0.4.0 (D:\tmp\Hopper-Solana-Zero-copy-State-Framework\examples\hopper-runtime-lab)
    Checking hopper-compact-vault v0.4.0 (D:\tmp\Hopper-Solana-Zero-copy-State-Framework\examples\hopper-compact-vault)
    Checking hopper-token-lab v0.4.0 (D:\tmp\Hopper-Solana-Zero-copy-State-Framework\examples\hopper-token-lab)
    Checking hopper-cicada-canonical-route-fixture v0.4.0 (D:\tmp\Hopper-Solana-Zero-copy-State-Framework\examples\hopper-cicada-canonical-route-fixture)
    Checking hopper-finance v0.5.0 (D:\tmp\Hopper-Solana-Zero-copy-State-Framework\crates\hopper-finance)
    Checking hopper-distribute v0.5.0 (D:\tmp\Hopper-Solana-Zero-copy-State-Framework\crates\hopper-distribute)
    Checking hopper-staking v0.5.0 (D:\tmp\Hopper-Solana-Zero-copy-State-Framework\crates\hopper-staking)
    Checking hopper-lending v0.5.0 (D:\tmp\Hopper-Solana-Zero-copy-State-Framework\crates\hopper-lending)
    Checking hopper-vesting v0.5.0 (D:\tmp\Hopper-Solana-Zero-copy-State-Framework\crates\hopper-vesting)
    Checking hopper-xp-devnet-runner v0.4.0 (D:\tmp\Hopper-Solana-Zero-copy-State-Framework\examples\cross-program-read\runner)
    Checking hopper-cli v0.5.0 (D:\tmp\Hopper-Solana-Zero-copy-State-Framework\tools\hopper-cli)
    Checking hopper-confidential-lab-runner v0.4.0 (D:\tmp\Hopper-Solana-Zero-copy-State-Framework\examples\hopper-confidential-lab\runner)
    Checking hopper-cicada-fuzz-adapter v0.0.0 (D:\tmp\Hopper-Solana-Zero-copy-State-Framework\examples\hopper-cicada-fuzz-adapter)
    Checking hopper-escrow v0.4.0 (D:\tmp\Hopper-Solana-Zero-copy-State-Framework\examples\hopper-escrow)
    Checking hopper-tail-lab v0.4.0 (D:\tmp\Hopper-Solana-Zero-copy-State-Framework\examples\hopper-tail-lab)
    Checking hopper-framework-verifier v0.0.0 (D:\tmp\Hopper-Solana-Zero-copy-State-Framework\bench\framework-comparison\verifier)
    Checking hopper-trybuild v0.4.0 (D:\tmp\Hopper-Solana-Zero-copy-State-Framework\tests\hopper-trybuild)
    Checking hopper-vault v0.4.0 (D:\tmp\Hopper-Solana-Zero-copy-State-Framework\examples\hopper-vault)
    Checking hopper-devnet-audit v0.4.0 (D:\tmp\Hopper-Solana-Zero-copy-State-Framework\examples\hopper-devnet-audit)
    Checking hopper-argus-guard v0.4.0 (D:\tmp\Hopper-Solana-Zero-copy-State-Framework\examples\hopper-argus-guard)
    Checking hopper-xp-program-b v0.4.0 (D:\tmp\Hopper-Solana-Zero-copy-State-Framework\examples\cross-program-read\program-b)
    Checking hopper-bounded-multisig v0.4.0 (D:\tmp\Hopper-Solana-Zero-copy-State-Framework\examples\hopper-bounded-multisig)
    Checking hello-hopper-substrate v0.0.0 (D:\tmp\Hopper-Solana-Zero-copy-State-Framework\bench\framework-comparison\programs\hello\hopper-substrate)
    Checking hopper-parity-vault v0.4.0 (D:\tmp\Hopper-Solana-Zero-copy-State-Framework\examples\hopper-parity-vault)
    Checking hopper-external-oracle v0.4.0 (D:\tmp\Hopper-Solana-Zero-copy-State-Framework\examples\hopper-external-oracle)
    Checking hopper-token-2022-ata v0.4.0 (D:\tmp\Hopper-Solana-Zero-copy-State-Framework\examples\hopper-token-2022-ata)
    Checking hopper-canonical-pda-fixture v0.0.0 (D:\tmp\Hopper-Solana-Zero-copy-State-Framework\bench\canonical-pda\program)
    Checking hopper-byte-allowance v0.4.0 (D:\tmp\Hopper-Solana-Zero-copy-State-Framework\examples\hopper-byte-allowance)
    Checking hopper-mint-plan-fixture v0.0.0 (D:\tmp\Hopper-Solana-Zero-copy-State-Framework\bench\mint-plan\program)
    Checking hopper-router v0.1.0 (D:\tmp\Hopper-Solana-Zero-copy-State-Framework\examples\hopper-router)
    Checking hopper-proc-vault v0.4.0 (D:\tmp\Hopper-Solana-Zero-copy-State-Framework\examples\hopper-proc-vault)
    Checking hopper-counter v0.4.0 (D:\tmp\Hopper-Solana-Zero-copy-State-Framework\examples\hopper-counter)
    Checking hopper-pda-boundaries-fixture v0.0.0 (D:\tmp\Hopper-Solana-Zero-copy-State-Framework\bench\pda-boundaries\program)
    Checking hopper-nft-mint v0.4.0 (D:\tmp\Hopper-Solana-Zero-copy-State-Framework\examples\hopper-nft-mint)
    Checking hopper-treasury v0.4.0 (D:\tmp\Hopper-Solana-Zero-copy-State-Framework\examples\hopper-treasury)
    Checking hopper-registry v0.4.0 (D:\tmp\Hopper-Solana-Zero-copy-State-Framework\examples\hopper-registry)
    Checking hopper-token-2022-transfer-hook v0.4.0 (D:\tmp\Hopper-Solana-Zero-copy-State-Framework\examples\hopper-token-2022-transfer-hook)
    Checking hopper-showcase v0.4.0 (D:\tmp\Hopper-Solana-Zero-copy-State-Framework\examples\hopper-showcase)
    Checking hopper-cicada-route-fixture v0.4.0 (D:\tmp\Hopper-Solana-Zero-copy-State-Framework\examples\hopper-cicada-route-fixture)
    Checking hopper-policy-vault v0.4.0 (D:\tmp\Hopper-Solana-Zero-copy-State-Framework\examples\hopper-policy-vault)
    Checking hopper-styx-ferry v0.4.0 (D:\tmp\Hopper-Solana-Zero-copy-State-Framework\examples\hopper-styx-ferry)
    Checking counter-hopper-substrate v0.0.0 (D:\tmp\Hopper-Solana-Zero-copy-State-Framework\bench\framework-comparison\programs\counter\hopper-substrate)
    Checking hopper-stablecoin-memo-pay v0.4.0 (D:\tmp\Hopper-Solana-Zero-copy-State-Framework\examples\hopper-stablecoin-memo-pay)
    Checking hello-hopper v0.0.0 (D:\tmp\Hopper-Solana-Zero-copy-State-Framework\bench\framework-comparison\programs\hello\hopper)
    Checking counter-hopper v0.0.0 (D:\tmp\Hopper-Solana-Zero-copy-State-Framework\bench\framework-comparison\programs\counter\hopper)
    Checking hopper-virtual-state v0.4.0 (D:\tmp\Hopper-Solana-Zero-copy-State-Framework\examples\hopper-virtual-state)
    Checking hopper-runtime-gate-fixture v0.0.0 (D:\tmp\Hopper-Solana-Zero-copy-State-Framework\bench\runtime-gate\program)
    Checking hopper-borrowed-args-fixture v0.0.0 (D:\tmp\Hopper-Solana-Zero-copy-State-Framework\bench\borrowed-args\program)
    Checking hopper-token-outcomes-fixture v0.0.0 (D:\tmp\Hopper-Solana-Zero-copy-State-Framework\bench\token-outcomes\program)
    Checking hopper-sdk v0.5.0 (D:\tmp\Hopper-Solana-Zero-copy-State-Framework\crates\hopper-sdk)
    Checking hopper-multisig v0.5.0 (D:\tmp\Hopper-Solana-Zero-copy-State-Framework\crates\hopper-multisig)
    Checking hopper-sibling-introspection-fixture v0.0.0 (D:\tmp\Hopper-Solana-Zero-copy-State-Framework\bench\sibling-introspection\program)
    Checking hopper-anchor v0.5.0 (D:\tmp\Hopper-Solana-Zero-copy-State-Framework\crates\hopper-anchor)
    Checking hopper-runtime-lifecycle-fixture v0.0.0 (D:\tmp\Hopper-Solana-Zero-copy-State-Framework\bench\lifecycle\runtime)
    Finished `dev` profile [unoptimized + debuginfo] target(s) in 14m 48s
