-- hopper tx send --
rpc       : https://api.devnet.solana.com
program   : 4a6VJJH3SC9iEmWjuRWTc3gxQjApyG5VToQ5iPBTzztB
data      : 25 bytes (0x0550c3000000000000000000000000000034f3c76a00000000)
accounts  : 7 slots
  [0] EZd4jq14F16ixCRvy1HeVRkHxXYtDFokpiG5vZd9KsJU -w
  [1] 8hi529S9eiZyjqfSocaf9q8wxqDtdeSRiL8fpqS343Zg sw
  [2] 4jbv4BvoEzbAKLsQGdHQ7W3CJUowk7LE8QYmqFiBANN4 sw
  [3] BDBmPQxYPQuhzJDMsddA42VJ6TSjamEVByEXXgenoVJh --
  [4] 11111111111111111111111111111111 --
  [5] 5EUcndk7i1Jzkj5zFh96vXTHoWv2TJJM6f7DcefKrSsb s-
  [6] BjEnYY5UhJJQMSJMgC1t6LgEPp5Rh6MUtsBmuVyCpXe7 s-
signers   : payer 4jbv4BvoEzbAKLsQGdHQ7W3CJUowk7LE8QYmqFiBANN4, 8hi529S9eiZyjqfSocaf9q8wxqDtdeSRiL8fpqS343Zg, 5EUcndk7i1Jzkj5zFh96vXTHoWv2TJJM6f7DcefKrSsb, BjEnYY5UhJJQMSJMgC1t6LgEPp5Rh6MUtsBmuVyCpXe7
envelope  : legacy
wire      : 585/1232 bytes (legacy)

signature : 4KWHcBDu19sZGDAJuRz8aCgY9rPiy5HV1iB4EDQZRPxACA96BZLAC5GwYYE4xkzsD327Gg5XfBQBWZTpdPtfeGQh
confirmed : yes
program   : Ok
compute   : 2731 CU
fee       : 20000 lamports

explain it: hopper tx explain 4KWHcBDu19sZGDAJuRz8aCgY9rPiy5HV1iB4EDQZRPxACA96BZLAC5GwYYE4xkzsD327Gg5XfBQBWZTpdPtfeGQh --rpc https://api.devnet.solana.com
