    Updating crates.io index
     Locking 44 packages to latest compatible versions
      Adding generic-array v0.14.7 (available: v0.14.9)
 Downloading crates ...
  Downloaded hopper-runtime v0.4.2
   Compiling hopper-runtime v0.4.2
    Checking hopper-native v0.4.2
   Compiling proc-macro2 v1.0.107
   Compiling unicode-ident v1.0.26
   Compiling typenum v1.20.1
   Compiling quote v1.0.47
    Checking hopper-systems v0.4.0
   Compiling generic-array v0.14.7
    Checking hopper-system v0.4.0
   Compiling serde_core v1.0.229
   Compiling zmij v1.0.23
   Compiling syn v2.0.119
   Compiling crypto-common v0.1.7
   Compiling block-buffer v0.10.4
    Checking hopper-token v0.4.0
   Compiling cfg-if v1.0.5
    Checking hopper-solana v0.4.0
   Compiling digest v0.10.7
   Compiling memchr v2.8.3
   Compiling curve25519-dalek-derive v0.1.1
   Compiling serde_json v1.0.151
   Compiling curve25519-dalek v4.1.3
   Compiling sha2 v0.10.9
    Checking hopper-schema v0.4.0
   Compiling hopper-derive v0.4.0
    Checking hopper-macros v0.4.0
    Checking hopper-associated-token v0.4.0
    Checking hopper-token-2022 v0.4.0
    Checking hopper-memo v0.4.0
    Checking hopper-lang v0.4.0
    Checking hopper-lifecycle-consumer v0.0.0 (D:\tmp\Hopper-Solana-Zero-copy-State-Framework\target\hopper\native-replacement-2026-09-26\registry\consumer)
    Finished `dev` profile [unoptimized] target(s) in 13.28s
