fund-delegate0: finalized, 150 CU, complete account state verified
fund-delegate1: finalized, 150 CU, complete account state verified
init-unsigned-authority: finalized, 159 CU, complete account state verified
init-unsigned-book: finalized, 1393 CU, complete account state verified
init-readonly-book: finalized, 157 CU, complete account state verified
init-wrong-system: finalized, 160 CU, complete account state verified
init-payer-book-alias: finalized, 179 CU, complete account state verified
init-truncated: finalized, 129 CU, complete account state verified
init-trailing: finalized, 130 CU, complete account state verified
initialize: finalized, 1667 CU, complete account state verified
consume-0: finalized, 862 CU, complete account state verified
limit-0: finalized, 833 CU, complete account state verified
exhaust-0: finalized, 862 CU, complete account state verified
consume-1: finalized, 862 CU, complete account state verified
limit-1: finalized, 833 CU, complete account state verified
exhaust-1: finalized, 862 CU, complete account state verified
consume-2: finalized, 862 CU, complete account state verified
limit-2: finalized, 833 CU, complete account state verified
exhaust-2: finalized, 862 CU, complete account state verified
consume-3: finalized, 862 CU, complete account state verified
limit-3: finalized, 833 CU, complete account state verified
exhaust-3: finalized, 862 CU, complete account state verified
wrong-delegate: finalized, 406 CU, complete account state verified
neighbor-delegate-at-zero: finalized, 406 CU, complete account state verified
neighbor-delegate-at-one: finalized, 406 CU, complete account state verified
stale-revision: finalized, 425 CU, complete account state verified
limit-exceeded: finalized, 457 CU, complete account state verified
zero-amount: finalized, 368 CU, complete account state verified
out-of-bounds: finalized, 365 CU, complete account state verified
max-selector: finalized, 365 CU, complete account state verified
wrong-admin: finalized, 159 CU, complete account state verified
stale-admin-revision: finalized, 450 CU, complete account state verified
limit-below-spent: finalized, 454 CU, complete account state verified
consume-unsigned-delegate: finalized, 79 CU, complete account state verified
consume-readonly-book: finalized, 84 CU, complete account state verified
consume-delegate-book-alias: finalized, 434 CU, complete account state verified
consume-truncated: finalized, 67 CU, complete account state verified
consume-trailing: finalized, 68 CU, complete account state verified
set-limit-extra-account: finalized, 895 CU, complete account state verified
reinitialize: finalized, 365 CU, complete account state verified
allowance lifecycle and refusal cases passed
