hash-0-0-0: finalized, 385 CU
hash-0-0-1: finalized, 401 CU
hash-0-0-2: finalized, 423 CU
hash-0-0-16: finalized, 563 CU
hash-0-0-17: finalized, 573 CU
hash-0-0-32: finalized, 723 CU
hash-0-0-64: finalized, 1043 CU
hash-0-1-0: finalized, 387 CU
hash-0-1-1: finalized, 403 CU
hash-0-1-2: finalized, 425 CU
hash-0-1-16: finalized, 565 CU
hash-0-1-17: finalized, 575 CU
hash-0-1-32: finalized, 725 CU
hash-0-1-64: finalized, 1045 CU
hash-0-3-0: finalized, 437 CU
hash-0-3-1: finalized, 453 CU
hash-0-3-2: finalized, 475 CU
hash-0-3-16: finalized, 615 CU
hash-0-3-17: finalized, 625 CU
hash-0-3-32: finalized, 775 CU
hash-0-3-64: finalized, 1095 CU
hash-1-0-0: finalized, 390 CU
hash-1-0-1: finalized, 406 CU
hash-1-0-2: finalized, 428 CU
hash-1-0-16: finalized, 568 CU
hash-1-0-17: finalized, 578 CU
hash-1-0-32: finalized, 728 CU
hash-1-0-64: finalized, 1048 CU
hash-1-1-0: finalized, 392 CU
hash-1-1-1: finalized, 408 CU
hash-1-1-2: finalized, 430 CU
hash-1-1-16: finalized, 570 CU
hash-1-1-17: finalized, 580 CU
hash-1-1-32: finalized, 730 CU
hash-1-1-64: finalized, 1050 CU
hash-1-3-0: finalized, 437 CU
hash-1-3-1: finalized, 453 CU
hash-1-3-2: finalized, 475 CU
hash-1-3-16: finalized, 615 CU
hash-1-3-17: finalized, 625 CU
hash-1-3-32: finalized, 775 CU
hash-1-3-64: finalized, 1095 CU
hash-0-empty-17: finalized, 573 CU
hash-1-empty-17: finalized, 578 CU
empty: finalized, 25 CU
unknown: finalized, 35 CU
hash-truncated: finalized, 43 CU
hash-fixture-cap: finalized, 45 CU
hash-zero-surplus: finalized, 50 CU
copy-0-64-13: finalized, 199 CU
copy-0-8-8: finalized, 199 CU
copy-0-0-0: finalized, 199 CU
copy-0-7-8: finalized, 91 CU
copy-1-64-13: finalized, 200 CU
copy-1-8-8: finalized, 200 CU
copy-1-0-0: finalized, 186 CU
copy-1-7-8: finalized, 91 CU
move-0-63-1: finalized, 195 CU
move-1-63-0: finalized, 195 CU
move-0-64-0: finalized, 178 CU
move-64-0-64: finalized, 177 CU
move-63-2-0: finalized, 80 CU
move-0-2-63: finalized, 83 CU
fill-3: finalized, 185 CU
fill-4: finalized, 182 CU
fill-5: finalized, 183 CU
compare-8-0-8: finalized, 273 CU
compare-8-1-9: finalized, 269 CU
compare-8-0-7: finalized, 221 CU
compare-0-64-64: finalized, 205 CU
epoch-arithmetic-0: finalized, 155 CU
epoch-arithmetic-1: finalized, 162 CU
epoch-arithmetic-2: finalized, 171 CU
epoch-arithmetic-3: finalized, 171 CU
epoch-arithmetic-4: finalized, 230 CU
epoch-arithmetic-5: finalized, 305 CU
epoch-arithmetic-6: finalized, 172 CU
epoch-arithmetic-7: finalized, 222 CU
epoch-arithmetic-8: finalized, 165 CU
epoch-arithmetic-9: finalized, 224 CU
epoch-arithmetic-10: finalized, 214 CU
epoch-arithmetic-11: finalized, 222 CU
arithmetic-0: finalized, 748 CU
arithmetic-1: finalized, 750 CU
arithmetic-2: finalized, 746 CU
arithmetic-3: finalized, 749 CU
arithmetic-4: finalized, 738 CU
arithmetic-5: finalized, 714 CU
arithmetic-6: finalized, 712 CU
arithmetic-7: finalized, 746 CU
arithmetic-8: finalized, 736 CU
arithmetic-9: finalized, 747 CU
arithmetic-10: finalized, 752 CU
arithmetic-11: finalized, 746 CU
arithmetic-12: finalized, 749 CU
return-0: finalized, 154 CU
return-1: finalized, 154 CU
return-1023: finalized, 158 CU
return-1024: finalized, 158 CU
return-1025: finalized, 61 CU
edwards-valid: finalized, 320 CU
edwards-add-identity: finalized, 660 CU
edwards-multiply-one: finalized, 2362 CU
edwards-multiply-zero: finalized, 2362 CU
ristretto-identity: finalized, 326 CU
ristretto-add-identity: finalized, 706 CU
poseidon-ones-twos: finalized, 972 CU
bn254-add-identity: finalized, 545 CU
bn254-multiply-one: finalized, 4054 CU
bn254-empty-pairing: finalized, 36660 CU
bn254-compress-identity: finalized, 312 CU
bn254-decompress-identity: finalized, 732 CU
bn254-reject-length-6: finalized, 57 CU
bn254-reject-length-7: finalized, 58 CU
bn254-reject-length-8: finalized, 59 CU
stack-top-level: finalized, 544 CU
receipt-0-0: finalized, 239 CU
receipt-0-16: finalized, 255 CU
receipt-1-0: finalized, 343 CU
receipt-1-16: finalized, 359 CU
live-sysvars: finalized, 819 CU
CLUSTER CONSISTENCY FINDING: EpochSchedule account differs from getEpochSchedule RPC
CLUSTER CONSISTENCY FINDING: Clock epoch differs from EpochSchedule arithmetic
sysvar-past-end: finalized, 173 CU
create-state: finalized, 150 CU
state-write-alias: finalized, 402 CU
state-held-borrow: finalized, 274 CU
state-lens-past-end: finalized, 261 CU
state-fingerprint-unchanged: finalized, 499 CU
state-unsigned: finalized, 95 CU
state-readonly: finalized, 111 CU
state-foreign-owner: finalized, 100 CU
Function checks passed, but cluster consistency findings remain; see summary.json
