fund-alice: finalized; 150 CU; state verified
fund-bob: finalized; 150 CU; state verified
fund-carol: finalized; 150 CU; state verified
fund-outsider: finalized; 150 CU; state verified
fund-destination: finalized; 150 CU; state verified
native-0: finalized; 190 CU; state verified
native-1: finalized; 206 CU; state verified
native-2: finalized; 40 CU; state verified
native-3: finalized; 48 CU; state verified
multisig-initialize: finalized; 2347 CU; state verified
multisig-deposit: finalized; 1328 CU; state verified
multisig-one-approval: finalized; 725 CU; state verified
multisig-outsider: finalized; 605 CU; state verified
multisig-duplicate: finalized; 355 CU; state verified
multisig-rename: finalized; 1067 CU; state verified
multisig-withdraw: finalized; 1219 CU; state verified
multisig-rent-protected: finalized; 1172 CU; state verified
approve-payout: finalized; 2731 CU; state verified
approve-stale: finalized; 2731 CU; state verified
approve-revoked: finalized; 2731 CU; state verified
approve-future: finalized; 2731 CU; state verified
payout-before-window: finalized; 408 CU; state verified
payout-wrong-destination: finalized; 223 CU; state verified
payout-extra-payload: finalized; 179 CU; state verified
payout-permissionless-execution: finalized; 652 CU; state verified
payout-replay: finalized; 275 CU; state verified
payout-revoke: finalized; 965 CU; state verified
payout-revoked-execution: finalized; 143 CU; state verified
multisig-remove-member: finalized; 1438 CU; state verified
payout-stale-after-removal: finalized; 273 CU; state verified
multisig-removed-member: finalized; 539 CU; state verified
multisig-invalidate-payouts: finalized; 801 CU; state verified
multisig-threshold-change: finalized; 981 CU; state verified
treasury-initialize: finalized; 1498 CU; state verified
treasury-deposit: finalized; 1356 CU; state verified
treasury-withdraw: finalized; 512 CU; state verified
cooldown-initialize: finalized; 1498 CU; state verified
cooldown-deposit: finalized; 1356 CU; state verified
cooldown-withdraw: finalized; 512 CU; state verified
treasury-cooldown-enforced: finalized; 340 CU; state verified
treasury-budget-enforced: finalized; 201 CU; state verified
treasury-operator-enforced: finalized; 159 CU; state verified
treasury-freeze: finalized; 143 CU; state verified
treasury-frozen: finalized; 175 CU; state verified
