fund-recipient: finalized
fund-funder: finalized
create-runtime: finalized
runtime-0: finalized
runtime-1: finalized
runtime-2: finalized
runtime-3: finalized
runtime-4: finalized
runtime-6: finalized
runtime-5: finalized
create-native: finalized
native-0: finalized
native-1: finalized
native-2: finalized
native-3: finalized
native-7: finalized
native-8: finalized
native-missing-signer: finalized
native-oversize: finalized
native-9: finalized
native-shrink: finalized
native-transfer: finalized
native-regrow: finalized
native-close: finalized
