fund-recipient: finalized, 150 CU, complete state verified
fund-extra: finalized, 150 CU, complete state verified
dedup-reordered-extra: finalized, 1288 CU, complete state verified
create-classic_mint: finalized, 150 CU, complete state verified
create-classic_source: finalized, 150 CU, complete state verified
create-classic_destination: finalized, 150 CU, complete state verified
initialize-classic_mint: finalized, 202 CU, complete state verified
initialize-classic_source: finalized, 233 CU, complete state verified
initialize-classic_destination: finalized, 233 CU, complete state verified
mint-classic_source: finalized, 153 CU, complete state verified
classic-receipt: finalized, 1935 CU, complete state verified
classic-exact: finalized, 1935 CU, complete state verified
classic-short-debit: finalized, 1832 CU, complete state verified
classic-excess-debit: finalized, 1830 CU, complete state verified
classic-no-movement: finalized, 1849 CU, complete state verified
classic-zero-policy: finalized, 95 CU, complete state verified
classic-invalid-minimum: finalized, 94 CU, complete state verified
classic-self-transfer: finalized, 129 CU, complete state verified
create-fee_mint: finalized, 150 CU, complete state verified
create-fee_source: finalized, 150 CU, complete state verified
create-fee_destination: finalized, 150 CU, complete state verified
initialize-fee-config: finalized, 1569 CU, complete state verified
initialize-fee_mint: finalized, 2091 CU, complete state verified
initialize-fee_source: finalized, 3056 CU, complete state verified
initialize-fee_destination: finalized, 3056 CU, complete state verified
mint-fee_source: finalized, 1970 CU, complete state verified
fee-receipt: finalized, 5104 CU, complete state verified
fee-exact: finalized, 5003 CU, complete state verified
fee-short-debit: finalized, 5001 CU, complete state verified
fee-excess-debit: finalized, 5001 CU, complete state verified
fee-no-movement: finalized, 4697 CU, complete state verified
fee-zero-policy: finalized, 95 CU, complete state verified
fee-invalid-minimum: finalized, 94 CU, complete state verified
fee-self-transfer: finalized, 129 CU, complete state verified
