fund-maker: finalized, 150 CU, exact state verified
fund-taker: finalized, 150 CU, exact state verified
fund-outsider: finalized, 150 CU, exact state verified
create-mint_a: finalized, 150 CU, exact state verified
initialize-mint_a: finalized, 202 CU, exact state verified
create-mint_b: finalized, 150 CU, exact state verified
initialize-mint_b: finalized, 202 CU, exact state verified
create-maker_a: finalized, 150 CU, exact state verified
initialize-maker_a: finalized, 233 CU, exact state verified
create-maker_b: finalized, 150 CU, exact state verified
initialize-maker_b: finalized, 233 CU, exact state verified
create-taker_a: finalized, 150 CU, exact state verified
initialize-taker_a: finalized, 233 CU, exact state verified
create-taker_b: finalized, 150 CU, exact state verified
initialize-taker_b: finalized, 233 CU, exact state verified
mint-maker_a: finalized, 153 CU, exact state verified
mint-taker_b: finalized, 153 CU, exact state verified
make-insufficient-funding: finalized, 6280 CU, exact state verified
make-zero: finalized, 640 CU, exact state verified
make-take: finalized, 6209 CU, exact state verified
make-cancel: finalized, 6537 CU, exact state verified
reinitialize: finalized, 1167 CU, exact state verified
stale-quote: finalized, 1636 CU, exact state verified
unsigned-take: finalized, 271 CU, exact state verified
wrong-cancel-maker: finalized, 230 CU, exact state verified
cancel-trailing-data: finalized, 1051 CU, exact state verified
wrong-vault-authority: finalized, 895 CU, exact state verified
wrong-token-program: finalized, 950 CU, exact state verified
wrong-payment-recipient: finalized, 256 CU, exact state verified
donate-take: finalized, 105 CU, exact state verified
donate-cancel: finalized, 105 CU, exact state verified
take: finalized, 7160 CU, exact state verified
cancel: finalized, 3914 CU, exact state verified
