
> hopper-site@0.2.1 build
> next build

▲ Next.js 16.3.6 (Turbopack)
✓ Running next.config.mjs took 18ms
- Experiments (use with caution):
  · optimizePackageImports

  Creating an optimized production build ...
✓ Compiled successfully in 310ms
  Running TypeScript ...
  Finished TypeScript in 975ms ...
  Collecting page data using 6 workers ...
  Generating static pages using 6 workers (0/49) ...
  Generating static pages using 6 workers (12/49) 
  Generating static pages using 6 workers (24/49) 
  Generating static pages using 6 workers (36/49) 
✓ Generating static pages using 6 workers (49/49) in 571ms
  Finalizing page optimization ...

Route (app)
┌ ƒ /
├ ƒ /_not-found
├ ƒ /docs
└ ƒ /docs/[slug]


ƒ Proxy (Middleware)

ƒ  (Dynamic)  server-rendered on demand

