-- hopper tx send --
rpc       : https://api.devnet.solana.com
program   : GJHAaGgruxJiToRou1HE7Y8csHNunAuPthgc8RVSwACi
data      : 5 bytes (0x013f000000)
accounts  : 4 slots
  [0] 6P74cF5rozEbD4NLh3JTir99Qjt8ws8Hw5TVEnFHSmb4 sw
  [1] Djk7TA1fiCSimtHZdataHUTeNQJMR9uiRWzUe4SaFf2S sw
  [2] TokenzQdBNbLqP5VEhdkAS6EPFLC1PHnBqCXEpPxuEb --
  [3] 11111111111111111111111111111111 --
signers   : payer 6P74cF5rozEbD4NLh3JTir99Qjt8ws8Hw5TVEnFHSmb4, Djk7TA1fiCSimtHZdataHUTeNQJMR9uiRWzUe4SaFf2S
envelope  : legacy
cu limit  : 10000 (ComputeBudget instruction)
preflight : skipped (--allow-failure; an on-chain refusal will land)
wire      : 378/1232 bytes (legacy)

signature : 48G8UPQfvTSVHTF9WYqUDB5P553d5sZsRraCeFLG3kxu4PAQp98Mz3xwePHpLmSmMk1zkmDxNbC9uSRjDRUbBuUE
confirmed : yes
program   : REFUSED: {"InstructionError":[1,"ProgramFailedToComplete"]}
compute   : 10000 CU
fee       : 10000 lamports

explain it: hopper tx explain 48G8UPQfvTSVHTF9WYqUDB5P553d5sZsRraCeFLG3kxu4PAQp98Mz3xwePHpLmSmMk1zkmDxNbC9uSRjDRUbBuUE --rpc https://api.devnet.solana.com
